Archive member included to satisfy reference by file (symbol)

/usr/lib/gcc/arm-none-eabi/10.3.1/thumb/v7e-m+fp/hard/libgcc.a(_arm_muldf3.o)
                              /home/sachin/Documents/Vaman/Assignment6/GCC_Project/output/ql_test_signals.o (__aeabi_dmul)
/usr/lib/gcc/arm-none-eabi/10.3.1/thumb/v7e-m+fp/hard/libgcc.a(_arm_addsubdf3.o)
                              /home/sachin/Documents/Vaman/Assignment6/GCC_Project/output/ql_test_signals.o (__aeabi_dadd)
/usr/lib/gcc/arm-none-eabi/10.3.1/thumb/v7e-m+fp/hard/libgcc.a(_arm_muldivdf3.o)
                              /home/sachin/Documents/Vaman/Assignment6/GCC_Project/output/eoss3_hal_i2c.o (__aeabi_ddiv)
/usr/lib/gcc/arm-none-eabi/10.3.1/thumb/v7e-m+fp/hard/libgcc.a(_arm_fixdfsi.o)
                              /home/sachin/Documents/Vaman/Assignment6/GCC_Project/output/ql_test_signals.o (__aeabi_d2iz)
/usr/lib/gcc/arm-none-eabi/10.3.1/thumb/v7e-m+fp/hard/libgcc.a(_arm_truncdfsf2.o)
                              /home/sachin/Documents/Vaman/Assignment6/GCC_Project/output/eoss3_hal_i2c.o (__aeabi_d2f)
/usr/lib/gcc/arm-none-eabi/10.3.1/thumb/v7e-m+fp/hard/libgcc.a(_aeabi_ldivmod.o)
                              /home/sachin/Documents/Vaman/Assignment6/GCC_Project/output/dbg_uart.o (__aeabi_ldivmod)
/usr/lib/gcc/arm-none-eabi/10.3.1/thumb/v7e-m+fp/hard/libgcc.a(_aeabi_uldivmod.o)
                              /home/sachin/Documents/Vaman/Assignment6/GCC_Project/output/s3x_lpm.o (__aeabi_uldivmod)
/usr/lib/gcc/arm-none-eabi/10.3.1/thumb/v7e-m+fp/hard/libgcc.a(_udivmoddi4.o)
                              /usr/lib/gcc/arm-none-eabi/10.3.1/thumb/v7e-m+fp/hard/libgcc.a(_aeabi_ldivmod.o) (__udivmoddi4)
/usr/lib/gcc/arm-none-eabi/10.3.1/thumb/v7e-m+fp/hard/libgcc.a(_dvmd_tls.o)
                              /usr/lib/gcc/arm-none-eabi/10.3.1/thumb/v7e-m+fp/hard/libgcc.a(_aeabi_ldivmod.o) (__aeabi_ldiv0)
/usr/lib/gcc/arm-none-eabi/10.3.1/../../../arm-none-eabi/lib/thumb/v7e-m+fp/hard/libg_nano.a(lib_a-atexit.o)
                              /usr/lib/gcc/arm-none-eabi/10.3.1/../../../arm-none-eabi/lib/thumb/v7e-m+fp/hard/crt0.o (atexit)
/usr/lib/gcc/arm-none-eabi/10.3.1/../../../arm-none-eabi/lib/thumb/v7e-m+fp/hard/libg_nano.a(lib_a-calloc.o)
                              /home/sachin/Documents/Vaman/Assignment6/GCC_Project/output/main.o (calloc)
/usr/lib/gcc/arm-none-eabi/10.3.1/../../../arm-none-eabi/lib/thumb/v7e-m+fp/hard/libg_nano.a(lib_a-exit.o)
                              /usr/lib/gcc/arm-none-eabi/10.3.1/../../../arm-none-eabi/lib/thumb/v7e-m+fp/hard/crt0.o (exit)
/usr/lib/gcc/arm-none-eabi/10.3.1/../../../arm-none-eabi/lib/thumb/v7e-m+fp/hard/libg_nano.a(lib_a-fini.o)
                              /usr/lib/gcc/arm-none-eabi/10.3.1/../../../arm-none-eabi/lib/thumb/v7e-m+fp/hard/crt0.o (__libc_fini_array)
/usr/lib/gcc/arm-none-eabi/10.3.1/../../../arm-none-eabi/lib/thumb/v7e-m+fp/hard/libg_nano.a(lib_a-impure.o)
                              /usr/lib/gcc/arm-none-eabi/10.3.1/../../../arm-none-eabi/lib/thumb/v7e-m+fp/hard/libg_nano.a(lib_a-exit.o) (_global_impure_ptr)
/usr/lib/gcc/arm-none-eabi/10.3.1/../../../arm-none-eabi/lib/thumb/v7e-m+fp/hard/libg_nano.a(lib_a-init.o)
                              /usr/lib/gcc/arm-none-eabi/10.3.1/../../../arm-none-eabi/lib/thumb/v7e-m+fp/hard/crt0.o (__libc_init_array)
/usr/lib/gcc/arm-none-eabi/10.3.1/../../../arm-none-eabi/lib/thumb/v7e-m+fp/hard/libg_nano.a(lib_a-malloc.o)
                              /home/sachin/Documents/Vaman/Assignment6/GCC_Project/output/circularBuffQueue.o (malloc)
/usr/lib/gcc/arm-none-eabi/10.3.1/../../../arm-none-eabi/lib/thumb/v7e-m+fp/hard/libg_nano.a(lib_a-memcpy.o)
                              /home/sachin/Documents/Vaman/Assignment6/GCC_Project/output/cli_args.o (memcpy)
/usr/lib/gcc/arm-none-eabi/10.3.1/../../../arm-none-eabi/lib/thumb/v7e-m+fp/hard/libg_nano.a(lib_a-memmove.o)
                              /home/sachin/Documents/Vaman/Assignment6/GCC_Project/output/cli_io.o (memmove)
/usr/lib/gcc/arm-none-eabi/10.3.1/../../../arm-none-eabi/lib/thumb/v7e-m+fp/hard/libg_nano.a(lib_a-memset.o)
                              /usr/lib/gcc/arm-none-eabi/10.3.1/../../../arm-none-eabi/lib/thumb/v7e-m+fp/hard/crt0.o (memset)
/usr/lib/gcc/arm-none-eabi/10.3.1/../../../arm-none-eabi/lib/thumb/v7e-m+fp/hard/libg_nano.a(lib_a-nano-callocr.o)
                              /usr/lib/gcc/arm-none-eabi/10.3.1/../../../arm-none-eabi/lib/thumb/v7e-m+fp/hard/libg_nano.a(lib_a-calloc.o) (_calloc_r)
/usr/lib/gcc/arm-none-eabi/10.3.1/../../../arm-none-eabi/lib/thumb/v7e-m+fp/hard/libg_nano.a(lib_a-nano-freer.o)
                              /usr/lib/gcc/arm-none-eabi/10.3.1/../../../arm-none-eabi/lib/thumb/v7e-m+fp/hard/libg_nano.a(lib_a-malloc.o) (_free_r)
/usr/lib/gcc/arm-none-eabi/10.3.1/../../../arm-none-eabi/lib/thumb/v7e-m+fp/hard/libg_nano.a(lib_a-nano-mallocr.o)
[...]
Memory Configuration

Name             Origin             Length             Attributes
rom              0x0000000000000000 0x0000000000027000 xr
ram              0x0000000020027000 0x000000000003c800 xrw
spiram           0x0000000020063800 0x0000000000000800 rw
HWA              0x0000000020064000 0x0000000000018000 rw
shm              0x000000002007c000 0x0000000000004000
*default*        0x0000000000000000 0xffffffffffffffff

Linker script and memory map

LOAD /usr/lib/gcc/arm-none-eabi/10.3.1/thumb/v7e-m+fp/hard/crti.o
LOAD /usr/lib/gcc/arm-none-eabi/10.3.1/thumb/v7e-m+fp/hard/crtbegin.o
LOAD /usr/lib/gcc/arm-none-eabi/10.3.1/../../../arm-none-eabi/lib/thumb/v7e-m+fp/hard/crt0.o
LOAD /home/sachin/Documents/Vaman/Assignment6/GCC_Project/output/battery_level_monitor.o
LOAD /home/sachin/Documents/Vaman/Assignment6/GCC_Project/output/c_lib_retarget.o
LOAD /home/sachin/Documents/Vaman/Assignment6/GCC_Project/output/circularBuffQueue.o
LOAD /home/sachin/Documents/Vaman/Assignment6/GCC_Project/output/cli_args.o
LOAD /home/sachin/Documents/Vaman/Assignment6/GCC_Project/output/cli_hexdump.o
LOAD /home/sachin/Documents/Vaman/Assignment6/GCC_Project/output/cli_io.o
LOAD /home/sachin/Documents/Vaman/Assignment6/GCC_Project/output/cli_loop.o
LOAD /home/sachin/Documents/Vaman/Assignment6/GCC_Project/output/cli_misc.o
LOAD /home/sachin/Documents/Vaman/Assignment6/GCC_Project/output/cli_platform.o
LOAD /home/sachin/Documents/Vaman/Assignment6/GCC_Project/output/cli_stdcmds.o
LOAD /home/sachin/Documents/Vaman/Assignment6/GCC_Project/output/crc16.o
LOAD /home/sachin/Documents/Vaman/Assignment6/GCC_Project/output/crc32.o
LOAD /home/sachin/Documents/Vaman/Assignment6/GCC_Project/output/croutine.o
LOAD /home/sachin/Documents/Vaman/Assignment6/GCC_Project/output/dbg_bufferedprinttask.o
LOAD /home/sachin/Documents/Vaman/Assignment6/GCC_Project/output/dbg_queue_monitor.o
LOAD /home/sachin/Documents/Vaman/Assignment6/GCC_Project/output/dbg_uart.o
LOAD /home/sachin/Documents/Vaman/Assignment6/GCC_Project/output/dbgtrace.o
LOAD /home/sachin/Documents/Vaman/Assignment6/GCC_Project/output/eoss3_hal_adc.o
LOAD /home/sachin/Documents/Vaman/Assignment6/GCC_Project/output/eoss3_hal_gpio.o
LOAD /home/sachin/Documents/Vaman/Assignment6/GCC_Project/output/eoss3_hal_i2c.o
LOAD /home/sachin/Documents/Vaman/Assignment6/GCC_Project/output/eoss3_hal_i2s.o
LOAD /home/sachin/Documents/Vaman/Assignment6/GCC_Project/output/eoss3_hal_i2s_slave_assp.o
LOAD /home/sachin/Documents/Vaman/Assignment6/GCC_Project/output/eoss3_hal_pad_config.o
LOAD /home/sachin/Documents/Vaman/Assignment6/GCC_Project/output/eoss3_hal_pkfb.o
LOAD /home/sachin/Documents/Vaman/Assignment6/GCC_Project/output/eoss3_hal_rtc.o
LOAD /home/sachin/Documents/Vaman/Assignment6/GCC_Project/output/eoss3_hal_sdma.o
LOAD /home/sachin/Documents/Vaman/Assignment6/GCC_Project/output/eoss3_hal_spi.o
LOAD /home/sachin/Documents/Vaman/Assignment6/GCC_Project/output/eoss3_hal_timer.o
LOAD /home/sachin/Documents/Vaman/Assignment6/GCC_Project/output/eoss3_hal_uart.o
LOAD /home/sachin/Documents/Vaman/Assignment6/GCC_Project/output/eoss3_hal_wb.o
LOAD /home/sachin/Documents/Vaman/Assignment6/GCC_Project/output/eoss3_hal_wdt.o
LOAD /home/sachin/Documents/Vaman/Assignment6/GCC_Project/output/event_groups.o
LOAD /home/sachin/Documents/Vaman/Assignment6/GCC_Project/output/exceptions.o
LOAD /home/sachin/Documents/Vaman/Assignment6/GCC_Project/output/freertos_static_memory.o
LOAD /home/sachin/Documents/Vaman/Assignment6/GCC_Project/output/heap_4.o
LOAD /home/sachin/Documents/Vaman/Assignment6/GCC_Project/output/hearable_pwrcfg.o
LOAD /home/sachin/Documents/Vaman/Assignment6/GCC_Project/output/leds.o
LOAD /home/sachin/Documents/Vaman/Assignment6/GCC_Project/output/list.o
LOAD /home/sachin/Documents/Vaman/Assignment6/GCC_Project/output/main.o
LOAD /home/sachin/Documents/Vaman/Assignment6/GCC_Project/output/main_dbg_cli_menu.o
LOAD /home/sachin/Documents/Vaman/Assignment6/GCC_Project/output/pincfg_table.o
LOAD /home/sachin/Documents/Vaman/Assignment6/GCC_Project/output/port.o
LOAD /home/sachin/Documents/Vaman/Assignment6/GCC_Project/output/qf_baremetalsetup.o
LOAD /home/sachin/Documents/Vaman/Assignment6/GCC_Project/output/qf_hardwaresetup.o
LOAD /home/sachin/Documents/Vaman/Assignment6/GCC_Project/output/ql_base64.o
LOAD /home/sachin/Documents/Vaman/Assignment6/GCC_Project/output/ql_stackwatermark.o
LOAD /home/sachin/Documents/Vaman/Assignment6/GCC_Project/output/ql_test_signals.o
LOAD /home/sachin/Documents/Vaman/Assignment6/GCC_Project/output/ql_time.o
LOAD /home/sachin/Documents/Vaman/Assignment6/GCC_Project/output/queue.o
LOAD /home/sachin/Documents/Vaman/Assignment6/GCC_Project/output/s3x_clock.o
LOAD /home/sachin/Documents/Vaman/Assignment6/GCC_Project/output/s3x_clock_hal.o
LOAD /home/sachin/Documents/Vaman/Assignment6/GCC_Project/output/s3x_cpuload.o
LOAD /home/sachin/Documents/Vaman/Assignment6/GCC_Project/output/s3x_dfs.o
LOAD /home/sachin/Documents/Vaman/Assignment6/GCC_Project/output/s3x_lpm.o
LOAD /home/sachin/Documents/Vaman/Assignment6/GCC_Project/output/s3x_pi.o
LOAD /home/sachin/Documents/Vaman/Assignment6/GCC_Project/output/s3x_pwrcfg.o
LOAD /home/sachin/Documents/Vaman/Assignment6/GCC_Project/output/s3x_qos.o
LOAD /home/sachin/Documents/Vaman/Assignment6/GCC_Project/output/sec_debug.o
LOAD /home/sachin/Documents/Vaman/Assignment6/GCC_Project/output/spi_flash.o
LOAD /home/sachin/Documents/Vaman/Assignment6/GCC_Project/output/startup_EOSS3B_GCC.o
LOAD /home/sachin/Documents/Vaman/Assignment6/GCC_Project/output/stream_buffer.o
LOAD /home/sachin/Documents/Vaman/Assignment6/GCC_Project/output/tasks.o
LOAD /home/sachin/Documents/Vaman/Assignment6/GCC_Project/output/timers.o
LOAD /home/sachin/Documents/Vaman/Assignment6/GCC_Project/output/vectors_CM4F_gcc.o
LOAD /home/sachin/Documents/Vaman/Assignment6/GCC_Project/output/watchdog.o
LOAD /usr/lib/gcc/arm-none-eabi/10.3.1/../../../arm-none-eabi/lib/thumb/v7e-m+fp/hard/libm.a
LOAD /home/sachin/Documents/Vaman/qorc-sdk//Libraries/CMSIS/lib/GCC/libarm_cortexM4lf_math.a
START GROUP
LOAD /usr/lib/gcc/arm-none-eabi/10.3.1/thumb/v7e-m+fp/hard/libgcc.a
LOAD /usr/lib/gcc/arm-none-eabi/10.3.1/../../../arm-none-eabi/lib/thumb/v7e-m+fp/hard/libg_nano.a
LOAD /usr/lib/gcc/arm-none-eabi/10.3.1/../../../arm-none-eabi/lib/thumb/v7e-m+fp/hard/libc_nano.a
END GROUP
START GROUP
LOAD /usr/lib/gcc/arm-none-eabi/10.3.1/thumb/v7e-m+fp/hard/libgcc.a
LOAD /usr/lib/gcc/arm-none-eabi/10.3.1/../../../arm-none-eabi/lib/thumb/v7e-m+fp/hard/libc_nano.a
LOAD /usr/lib/gcc/arm-none-eabi/10.3.1/../../../arm-none-eabi/lib/thumb/v7e-m+fp/hard/libnosys.a
END GROUP
START GROUP
LOAD /usr/lib/gcc/arm-none-eabi/10.3.1/thumb/v7e-m+fp/hard/libgcc.a
LOAD /usr/lib/gcc/arm-none-eabi/10.3.1/../../../arm-none-eabi/lib/thumb/v7e-m+fp/hard/libc_nano.a
LOAD /usr/lib/gcc/arm-none-eabi/10.3.1/../../../arm-none-eabi/lib/thumb/v7e-m+fp/hard/libnosys.a
END GROUP
LOAD /usr/lib/gcc/arm-none-eabi/10.3.1/thumb/v7e-m+fp/hard/crtend.o
LOAD /usr/lib/gcc/arm-none-eabi/10.3.1/thumb/v7e-m+fp/hard/crtn.o

.text           0x0000000000000000     0xc243
 *(.isr_vector)
 .isr_vector    0x0000000000000000      0x124 /home/sachin/Documents/Vaman/Assignment6/GCC_Project/output/vectors_CM4F_gcc.o
                0x0000000000000000                __Vectors
 *(.text*)
 .text          0x0000000000000124       0x88 /usr/lib/gcc/arm-none-eabi/10.3.1/thumb/v7e-m+fp/hard/crtbegin.o
 .text          0x00000000000001ac       0x70 /usr/lib/gcc/arm-none-eabi/10.3.1/../../../arm-none-eabi/lib/thumb/v7e-m+fp/hard/crt0.o
                0x00000000000001ac                _stack_init
                0x00000000000001b4                _mainCRTStartup
                0x00000000000001b4                _start
 .text._write   0x000000000000021c        0xe /home/sachin/Documents/Vaman/Assignment6/GCC_Project/output/c_lib_retarget.o
                0x000000000000021c                _write
 .text._close   0x000000000000022a        0x6 /home/sachin/Documents/Vaman/Assignment6/GCC_Project/output/c_lib_retarget.o
                0x000000000000022a                _close
 .text._lseek   0x0000000000000230        0x4 /home/sachin/Documents/Vaman/Assignment6/GCC_Project/output/c_lib_retarget.o
                0x0000000000000230                _lseek
 .text._read    0x0000000000000234        0x4 /home/sachin/Documents/Vaman/Assignment6/GCC_Project/output/c_lib_retarget.o
                0x0000000000000234                _read
 .text.do_str_fetch
                0x0000000000000238       0x3c /home/sachin/Documents/Vaman/Assignment6/GCC_Project/output/cli_args.o
 .text.CLI_string_ptr_get_subcmd
                0x0000000000000274       0x20 /home/sachin/Documents/Vaman/Assignment6/GCC_Project/output/cli_args.o
                0x0000000000000274                CLI_string_ptr_get_subcmd
 .text.CLI_numX_getshow_X
                0x0000000000000294      0x170 /home/sachin/Documents/Vaman/Assignment6/GCC_Project/output/cli_args.o
                0x0000000000000294                CLI_numX_getshow_X
 .text.CLI_uint8_getshow
                0x0000000000000404        0x8 /home/sachin/Documents/Vaman/Assignment6/GCC_Project/output/cli_args.o
                0x0000000000000404                CLI_uint8_getshow
 .text.append_key
                0x000000000000040c       0x30 /home/sachin/Documents/Vaman/Assignment6/GCC_Project/output/cli_io.o
 .text.get_key_ignore_null
                0x000000000000043c       0x18 /home/sachin/Documents/Vaman/Assignment6/GCC_Project/output/cli_io.o
 .text.CLI_getkey_peek
                0x0000000000000454      0x110 /home/sachin/Documents/Vaman/Assignment6/GCC_Project/output/cli_io.o
                0x0000000000000454                CLI_getkey_peek
 .text.CLI_getkey
                0x0000000000000564       0x30 /home/sachin/Documents/Vaman/Assignment6/GCC_Project/output/cli_io.o
                0x0000000000000564                CLI_getkey
 .text.CLI_col0_timestamp
                0x0000000000000594       0x78 /home/sachin/Documents/Vaman/Assignment6/GCC_Project/output/cli_io.o
                0x0000000000000594                CLI_col0_timestamp
 .text.CLI_putc
                0x000000000000060c       0x4c /home/sachin/Documents/Vaman/Assignment6/GCC_Project/output/cli_io.o
                0x000000000000060c                CLI_putc
 .text.CLI_puts_no_nl
                0x0000000000000658       0x12 /home/sachin/Documents/Vaman/Assignment6/GCC_Project/output/cli_io.o
                0x0000000000000658                CLI_puts_no_nl
 *fill*         0x000000000000066a        0x2 
 .text.CLI_vprintf
                0x000000000000066c       0x24 /home/sachin/Documents/Vaman/Assignment6/GCC_Project/output/cli_io.o
                0x000000000000066c                CLI_vprintf
 .text.CLI_printf
                0x0000000000000690       0x1a /home/sachin/Documents/Vaman/Assignment6/GCC_Project/output/cli_io.o
                0x0000000000000690                CLI_printf
 *fill*         0x00000000000006aa        0x2 
 .text.handle_help
                0x00000000000006ac       0xc4 /home/sachin/Documents/Vaman/Assignment6/GCC_Project/output/cli_loop.o
 .text.CLI_cmd_stack_replace
                0x0000000000000770       0x10 /home/sachin/Documents/Vaman/Assignment6/GCC_Project/output/cli_loop.o
                0x0000000000000770                CLI_cmd_stack_replace
 .text.CLI_cmd_stack_push
                0x0000000000000780       0x30 /home/sachin/Documents/Vaman/Assignment6/GCC_Project/output/cli_loop.o
                0x0000000000000780                CLI_cmd_stack_push
 .text.CLI_cmd_stack_clear
                0x00000000000007b0       0x24 /home/sachin/Documents/Vaman/Assignment6/GCC_Project/output/cli_loop.o
                0x00000000000007b0                CLI_cmd_stack_clear
 .text.CLI_cmd_stack_pop
                0x00000000000007d4       0x40 /home/sachin/Documents/Vaman/Assignment6/GCC_Project/output/cli_loop.o
                0x00000000000007d4                CLI_cmd_stack_pop
 .text.handle_exit
                0x0000000000000814       0x1c /home/sachin/Documents/Vaman/Assignment6/GCC_Project/output/cli_loop.o
 .text.CLI_init
                0x0000000000000830       0x24 /home/sachin/Documents/Vaman/Assignment6/GCC_Project/output/cli_loop.o
                0x0000000000000830                CLI_init
 .text.CLI_print_prompt
                0x0000000000000854       0x44 /home/sachin/Documents/Vaman/Assignment6/GCC_Project/output/cli_loop.o
                0x0000000000000854                CLI_print_prompt
 .text.CLI_dispatch_subcmd
                0x0000000000000898       0x84 /home/sachin/Documents/Vaman/Assignment6/GCC_Project/output/cli_loop.o
                0x0000000000000898                CLI_dispatch_subcmd
 .text.CLI_dispatch
                0x000000000000091c       0xc0 /home/sachin/Documents/Vaman/Assignment6/GCC_Project/output/cli_loop.o
 .text.CLI_submenu_handler
                0x00000000000009dc       0x30 /home/sachin/Documents/Vaman/Assignment6/GCC_Project/output/cli_loop.o
                0x00000000000009dc                CLI_submenu_handler
 .text.CLI_verror
                0x0000000000000a0c       0x40 /home/sachin/Documents/Vaman/Assignment6/GCC_Project/output/cli_loop.o
                0x0000000000000a0c                CLI_verror
 .text.CLI_rx_byte
                0x0000000000000a4c       0xe8 /home/sachin/Documents/Vaman/Assignment6/GCC_Project/output/cli_loop.o
                0x0000000000000a4c                CLI_rx_byte
 .text.CLI_is_more_args
                0x0000000000000b34       0x14 /home/sachin/Documents/Vaman/Assignment6/GCC_Project/output/cli_misc.o
                0x0000000000000b34                CLI_is_more_args
 .text.CLI_error
                0x0000000000000b48       0x1a /home/sachin/Documents/Vaman/Assignment6/GCC_Project/output/cli_misc.o
                0x0000000000000b48                CLI_error
 *fill*         0x0000000000000b62        0x2 
 .text.CLI_error_missing_parameter
                0x0000000000000b64        0xc /home/sachin/Documents/Vaman/Assignment6/GCC_Project/output/cli_misc.o
                0x0000000000000b64                CLI_error_missing_parameter
 .text.CLI_error_not_a_number
                0x0000000000000b70       0x10 /home/sachin/Documents/Vaman/Assignment6/GCC_Project/output/cli_misc.o
                0x0000000000000b70                CLI_error_not_a_number
 .text.CLI_task
                0x0000000000000b80       0x54 /home/sachin/Documents/Vaman/Assignment6/GCC_Project/output/cli_platform.o
                0x0000000000000b80                CLI_task
 .text.CLI_time_now
                0x0000000000000bd4        0x4 /home/sachin/Documents/Vaman/Assignment6/GCC_Project/output/cli_platform.o
                0x0000000000000bd4                CLI_time_now
 .text.CLI_beep
                0x0000000000000bd8        0x6 /home/sachin/Documents/Vaman/Assignment6/GCC_Project/output/cli_platform.o
                0x0000000000000bd8                CLI_beep
 .text.CLI_timeout_expired
                0x0000000000000bde       0x22 /home/sachin/Documents/Vaman/Assignment6/GCC_Project/output/cli_platform.o
                0x0000000000000bde                CLI_timeout_expired
 .text.CLI_putc_raw
                0x0000000000000c00        0x8 /home/sachin/Documents/Vaman/Assignment6/GCC_Project/output/cli_platform.o
                0x0000000000000c00                CLI_putc_raw
 .text.CLI_getkey_raw
                0x0000000000000c08       0x3c /home/sachin/Documents/Vaman/Assignment6/GCC_Project/output/cli_platform.o
                0x0000000000000c08                CLI_getkey_raw
 .text.CLI_start_task
                0x0000000000000c44       0x58 /home/sachin/Documents/Vaman/Assignment6/GCC_Project/output/cli_platform.o
                0x0000000000000c44                CLI_start_task
 .text.__debug_lockup
                0x0000000000000c9c       0x14 /home/sachin/Documents/Vaman/Assignment6/GCC_Project/output/dbg_uart.o
 .text._semihost_write
                0x0000000000000cb0       0x50 /home/sachin/Documents/Vaman/Assignment6/GCC_Project/output/dbg_uart.o
                0x0000000000000cb0                _semihost_write
 .text.dbg_ch_raw
                0x0000000000000d00       0x78 /home/sachin/Documents/Vaman/Assignment6/GCC_Project/output/dbg_uart.o
                0x0000000000000d00                dbg_ch_raw
 .text.dbg_nl   0x0000000000000d78       0x12 /home/sachin/Documents/Vaman/Assignment6/GCC_Project/output/dbg_uart.o
                0x0000000000000d78                dbg_nl
 .text.dbg_ch   0x0000000000000d8a        0xc /home/sachin/Documents/Vaman/Assignment6/GCC_Project/output/dbg_uart.o
                0x0000000000000d8a                dbg_ch
 .text.dbg_hex4
                0x0000000000000d96       0x14 /home/sachin/Documents/Vaman/Assignment6/GCC_Project/output/dbg_uart.o
 .text.dbg_hex8
                0x0000000000000daa       0x14 /home/sachin/Documents/Vaman/Assignment6/GCC_Project/output/dbg_uart.o
                0x0000000000000daa                dbg_hex8
 .text.dbg_hex16
                0x0000000000000dbe       0x14 /home/sachin/Documents/Vaman/Assignment6/GCC_Project/output/dbg_uart.o
                0x0000000000000dbe                dbg_hex16
 .text.dbg_hex32
                0x0000000000000dd2       0x14 /home/sachin/Documents/Vaman/Assignment6/GCC_Project/output/dbg_uart.o
                0x0000000000000dd2                dbg_hex32
 .text._dbg_int
                0x0000000000000de6       0x20 /home/sachin/Documents/Vaman/Assignment6/GCC_Project/output/dbg_uart.o
 .text.dbg_memdumpx
                0x0000000000000e06       0xea /home/sachin/Documents/Vaman/Assignment6/GCC_Project/output/dbg_uart.o
 .text.dbg_str  0x0000000000000ef0       0x84 /home/sachin/Documents/Vaman/Assignment6/GCC_Project/output/dbg_uart.o
                0x0000000000000ef0                dbg_str
 .text._dbg_str_xxx
                0x0000000000000f74       0x16 /home/sachin/Documents/Vaman/Assignment6/GCC_Project/output/dbg_uart.o
 .text.dbg_str_hexXX
                0x0000000000000f8a       0x22 /home/sachin/Documents/Vaman/Assignment6/GCC_Project/output/dbg_uart.o
 .text.dbg_int  0x0000000000000fac       0x24 /home/sachin/Documents/Vaman/Assignment6/GCC_Project/output/dbg_uart.o
                0x0000000000000fac                dbg_int
 .text.dbg_str_str
                0x0000000000000fd0       0x16 /home/sachin/Documents/Vaman/Assignment6/GCC_Project/output/dbg_uart.o
                0x0000000000000fd0                dbg_str_str
 .text.dbg_str_int
                0x0000000000000fe6       0x16 /home/sachin/Documents/Vaman/Assignment6/GCC_Project/output/dbg_uart.o
                0x0000000000000fe6                dbg_str_int
 .text.dbg_str_hex32
                0x0000000000000ffc        0xc /home/sachin/Documents/Vaman/Assignment6/GCC_Project/output/dbg_uart.o
                0x0000000000000ffc                dbg_str_hex32
 .text.dbg_fatal_error
                0x0000000000001008       0x12 /home/sachin/Documents/Vaman/Assignment6/GCC_Project/output/dbg_uart.o
                0x0000000000001008                dbg_fatal_error
 .text.dbg_fatal_error_int
                0x000000000000101a        0xe /home/sachin/Documents/Vaman/Assignment6/GCC_Project/output/dbg_uart.o
                0x000000000000101a                dbg_fatal_error_int
 .text.dbg_memdump32
                0x0000000000001028       0x1e /home/sachin/Documents/Vaman/Assignment6/GCC_Project/output/dbg_uart.o
                0x0000000000001028                dbg_memdump32
 *fill*         0x0000000000001046        0x2 
 .text.HAL_GPIO_Write
                0x0000000000001048       0x28 /home/sachin/Documents/Vaman/Assignment6/GCC_Project/output/eoss3_hal_gpio.o
                0x0000000000001048                HAL_GPIO_Write
 .text.HAL_PAD_Config
                0x0000000000001070      0x184 /home/sachin/Documents/Vaman/Assignment6/GCC_Project/output/eoss3_hal_pad_config.o
                0x0000000000001070                HAL_PAD_Config
 .text.configure_s3_pads
                0x00000000000011f4       0x1a /home/sachin/Documents/Vaman/Assignment6/GCC_Project/output/eoss3_hal_pad_config.o
                0x00000000000011f4                configure_s3_pads
 *fill*         0x000000000000120e        0x2 
 .text.eoss3_rtc_enable_irq
                0x0000000000001210       0x28 /home/sachin/Documents/Vaman/Assignment6/GCC_Project/output/eoss3_hal_rtc.o
 .text.write_rtc_reg
                0x0000000000001238       0x18 /home/sachin/Documents/Vaman/Assignment6/GCC_Project/output/eoss3_hal_rtc.o
 .text.__rtc_setup_alarm.constprop.0
                0x0000000000001250       0x44 /home/sachin/Documents/Vaman/Assignment6/GCC_Project/output/eoss3_hal_rtc.o
 .text.HAL_RTC_ISR
                0x0000000000001294       0x24 /home/sachin/Documents/Vaman/Assignment6/GCC_Project/output/eoss3_hal_rtc.o
                0x0000000000001294                HAL_RTC_ISR
 .text.unlock_spi1_bus
                0x00000000000012b8       0x5c /home/sachin/Documents/Vaman/Assignment6/GCC_Project/output/eoss3_hal_spi.o
                0x00000000000012b8                unlock_spi1_bus
 .text.SPI_DMA_Complete
                0x0000000000001314       0x88 /home/sachin/Documents/Vaman/Assignment6/GCC_Project/output/eoss3_hal_spi.o
                0x0000000000001314                SPI_DMA_Complete
 .text.HAL_SPI_IRQHandler
                0x000000000000139c       0x6c /home/sachin/Documents/Vaman/Assignment6/GCC_Project/output/eoss3_hal_spi.o
                0x000000000000139c                HAL_SPI_IRQHandler
 .text.HAL_Delay_Init
                0x0000000000001408       0x58 /home/sachin/Documents/Vaman/Assignment6/GCC_Project/output/eoss3_hal_timer.o
                0x0000000000001408                HAL_Delay_Init
 .text.HAL_DelayUSec
                0x0000000000001460       0x28 /home/sachin/Documents/Vaman/Assignment6/GCC_Project/output/eoss3_hal_timer.o
                0x0000000000001460                HAL_DelayUSec
 .text.HAL_Timer_ISR
                0x0000000000001488       0x88 /home/sachin/Documents/Vaman/Assignment6/GCC_Project/output/eoss3_hal_timer.o
                0x0000000000001488                HAL_Timer_ISR
 .text.uart_baud_rate
                0x0000000000001510       0x60 /home/sachin/Documents/Vaman/Assignment6/GCC_Project/output/eoss3_hal_uart.o
 .text.is_hw_uart_enabled
                0x0000000000001570       0x20 /home/sachin/Documents/Vaman/Assignment6/GCC_Project/output/eoss3_hal_uart.o
 .text.uart_disable
                0x0000000000001590       0x1c /home/sachin/Documents/Vaman/Assignment6/GCC_Project/output/eoss3_hal_uart.o
 .text.uart_lpm_callback
                0x00000000000015ac       0x70 /home/sachin/Documents/Vaman/Assignment6/GCC_Project/output/eoss3_hal_uart.o
 .text.uart_init
                0x000000000000161c      0x16c /home/sachin/Documents/Vaman/Assignment6/GCC_Project/output/eoss3_hal_uart.o
                0x000000000000161c                uart_init
 .text.uart_isr_handler
                0x0000000000001788       0x84 /home/sachin/Documents/Vaman/Assignment6/GCC_Project/output/eoss3_hal_uart.o
                0x0000000000001788                uart_isr_handler
 .text.uart_tx_raw
                0x000000000000180c       0x38 /home/sachin/Documents/Vaman/Assignment6/GCC_Project/output/eoss3_hal_uart.o
                0x000000000000180c                uart_tx_raw
 .text.uart_tx  0x0000000000001844       0x1c /home/sachin/Documents/Vaman/Assignment6/GCC_Project/output/eoss3_hal_uart.o
                0x0000000000001844                uart_tx
 .text.uart_tx_buf
                0x0000000000001860       0x1a /home/sachin/Documents/Vaman/Assignment6/GCC_Project/output/eoss3_hal_uart.o
                0x0000000000001860                uart_tx_buf
 *fill*         0x000000000000187a        0x2 
 .text.uart_rx_wait
                0x000000000000187c       0x34 /home/sachin/Documents/Vaman/Assignment6/GCC_Project/output/eoss3_hal_uart.o
                0x000000000000187c                uart_rx_wait
 .text.uart_rx_available
                0x00000000000018b0       0x34 /home/sachin/Documents/Vaman/Assignment6/GCC_Project/output/eoss3_hal_uart.o
                0x00000000000018b0                uart_rx_available
 .text.uart_rx  0x00000000000018e4       0x60 /home/sachin/Documents/Vaman/Assignment6/GCC_Project/output/eoss3_hal_uart.o
                0x00000000000018e4                uart_rx
 .text.WDT_ISR  0x0000000000001944       0x8c /home/sachin/Documents/Vaman/Assignment6/GCC_Project/output/eoss3_hal_wdt.o
                0x0000000000001944                WDT_ISR
 .text.spurious_interrupt
                0x00000000000019d0        0xc /home/sachin/Documents/Vaman/Assignment6/GCC_Project/output/exceptions.o
 .text.prvGetRegistersFromStack
                0x00000000000019dc       0xf0 /home/sachin/Documents/Vaman/Assignment6/GCC_Project/output/exceptions.o
                0x00000000000019dc                prvGetRegistersFromStack
 .text.HardFault_Handler
                0x0000000000001acc       0x16 /home/sachin/Documents/Vaman/Assignment6/GCC_Project/output/exceptions.o
                0x0000000000001acc                HardFault_Handler
 .text.NMI_Handler
                0x0000000000001ae2        0x6 /home/sachin/Documents/Vaman/Assignment6/GCC_Project/output/exceptions.o
                0x0000000000001ae2                NMI_Handler
 .text.MemManage_Handler
                0x0000000000001ae8        0x6 /home/sachin/Documents/Vaman/Assignment6/GCC_Project/output/exceptions.o
                0x0000000000001ae8                MemManage_Handler
 .text.BusFault_Handler
                0x0000000000001aee        0x6 /home/sachin/Documents/Vaman/Assignment6/GCC_Project/output/exceptions.o
                0x0000000000001aee                BusFault_Handler
 .text.UsageFault_Handler
                0x0000000000001af4        0x6 /home/sachin/Documents/Vaman/Assignment6/GCC_Project/output/exceptions.o
                0x0000000000001af4                UsageFault_Handler
 .text.DebugMon_Handler
                0x0000000000001afa        0x6 /home/sachin/Documents/Vaman/Assignment6/GCC_Project/output/exceptions.o
                0x0000000000001afa                DebugMon_Handler
 .text.Uart_Handler
                0x0000000000001b00       0x50 /home/sachin/Documents/Vaman/Assignment6/GCC_Project/output/exceptions.o
                0x0000000000001b00                Uart_Handler
 .text.Timer_Handler
                0x0000000000001b50       0x24 /home/sachin/Documents/Vaman/Assignment6/GCC_Project/output/exceptions.o
                0x0000000000001b50                Timer_Handler
 .text.CpuWdtInt_Handler
                0x0000000000001b74       0x24 /home/sachin/Documents/Vaman/Assignment6/GCC_Project/output/exceptions.o
                0x0000000000001b74                CpuWdtInt_Handler
 .text.CpuWdtRst_Handler
                0x0000000000001b98        0x6 /home/sachin/Documents/Vaman/Assignment6/GCC_Project/output/exceptions.o
                0x0000000000001b98                CpuWdtRst_Handler
 .text.BusTimeout_Handler
                0x0000000000001b9e        0x6 /home/sachin/Documents/Vaman/Assignment6/GCC_Project/output/exceptions.o
                0x0000000000001b9e                BusTimeout_Handler
 .text.Fpu_Handler
                0x0000000000001ba4        0x6 /home/sachin/Documents/Vaman/Assignment6/GCC_Project/output/exceptions.o
                0x0000000000001ba4                Fpu_Handler
 *fill*         0x0000000000001baa        0x2 
 .text.Pkfb_Handler
                0x0000000000001bac       0x10 /home/sachin/Documents/Vaman/Assignment6/GCC_Project/output/exceptions.o
                0x0000000000001bac                Pkfb_Handler
 .text.I2s_Handler
                0x0000000000001bbc        0x6 /home/sachin/Documents/Vaman/Assignment6/GCC_Project/output/exceptions.o
                0x0000000000001bbc                I2s_Handler
 .text.Audio_Handler
                0x0000000000001bc2        0x6 /home/sachin/Documents/Vaman/Assignment6/GCC_Project/output/exceptions.o
                0x0000000000001bc2                Audio_Handler
 .text.SpiMs_Handler
                0x0000000000001bc8       0x5c /home/sachin/Documents/Vaman/Assignment6/GCC_Project/output/exceptions.o
                0x0000000000001bc8                SpiMs_Handler
 .text.CfgDma_Handler
                0x0000000000001c24       0x28 /home/sachin/Documents/Vaman/Assignment6/GCC_Project/output/exceptions.o
                0x0000000000001c24                CfgDma_Handler
 .text.PmuTimer_Handler
                0x0000000000001c4c        0x2 /home/sachin/Documents/Vaman/Assignment6/GCC_Project/output/exceptions.o
                0x0000000000001c4c                PmuTimer_Handler
 .text.AdcDone_Handler
                0x0000000000001c4e        0x8 /home/sachin/Documents/Vaman/Assignment6/GCC_Project/output/exceptions.o
                0x0000000000001c4e                AdcDone_Handler
 *fill*         0x0000000000001c56        0x2 
 .text.RtcAlarm_Handler
                0x0000000000001c58       0x1c /home/sachin/Documents/Vaman/Assignment6/GCC_Project/output/exceptions.o
                0x0000000000001c58                RtcAlarm_Handler
 .text.ResetInt_Handler
                0x0000000000001c74        0x8 /home/sachin/Documents/Vaman/Assignment6/GCC_Project/output/exceptions.o
                0x0000000000001c74                ResetInt_Handler
 .text.Ffe0_Handler
                0x0000000000001c7c       0x18 /home/sachin/Documents/Vaman/Assignment6/GCC_Project/output/exceptions.o
                0x0000000000001c7c                Ffe0_Handler
 .text.FbMsg_Handler
                0x0000000000001c94       0x6c /home/sachin/Documents/Vaman/Assignment6/GCC_Project/output/exceptions.o
                0x0000000000001c94                FbMsg_Handler
 .text.SensorGpio_Handler
                0x0000000000001d00        0x8 /home/sachin/Documents/Vaman/Assignment6/GCC_Project/output/exceptions.o
                0x0000000000001d00                SensorGpio_Handler
 .text.M4SramSleep_Handler
                0x0000000000001d08        0x8 /home/sachin/Documents/Vaman/Assignment6/GCC_Project/output/exceptions.o
                0x0000000000001d08                M4SramSleep_Handler
 .text.LDO30_PG_Handler
                0x0000000000001d10        0x8 /home/sachin/Documents/Vaman/Assignment6/GCC_Project/output/exceptions.o
                0x0000000000001d10                LDO30_PG_Handler
 .text.LDO50_PG_Handler
                0x0000000000001d18        0x8 /home/sachin/Documents/Vaman/Assignment6/GCC_Project/output/exceptions.o
                0x0000000000001d18                LDO50_PG_Handler
 .text.DMIC_Voice_Det_Handler
                0x0000000000001d20        0x8 /home/sachin/Documents/Vaman/Assignment6/GCC_Project/output/exceptions.o
                0x0000000000001d20                DMIC_Voice_Det_Handler
 .text.ApPDMClkOn_Handler
                0x0000000000001d28        0x8 /home/sachin/Documents/Vaman/Assignment6/GCC_Project/output/exceptions.o
                0x0000000000001d28                ApPDMClkOn_Handler
 .text.ApPDMClkOff_Handler
                0x0000000000001d30        0x8 /home/sachin/Documents/Vaman/Assignment6/GCC_Project/output/exceptions.o
                0x0000000000001d30                ApPDMClkOff_Handler
 .text.Dmac0BlkDone_Handler
                0x0000000000001d38        0x8 /home/sachin/Documents/Vaman/Assignment6/GCC_Project/output/exceptions.o
                0x0000000000001d38                Dmac0BlkDone_Handler
 .text.Dmac0BufDone_Handler
                0x0000000000001d40        0x8 /home/sachin/Documents/Vaman/Assignment6/GCC_Project/output/exceptions.o
                0x0000000000001d40                Dmac0BufDone_Handler
 .text.Dmac1BlkDone_Handler
                0x0000000000001d48        0x8 /home/sachin/Documents/Vaman/Assignment6/GCC_Project/output/exceptions.o
                0x0000000000001d48                Dmac1BlkDone_Handler
 .text.Dmac1BufDone_Handler
                0x0000000000001d50        0x8 /home/sachin/Documents/Vaman/Assignment6/GCC_Project/output/exceptions.o
                0x0000000000001d50                Dmac1BufDone_Handler
 .text.Sdma0Done_Handler
                0x0000000000001d58        0x8 /home/sachin/Documents/Vaman/Assignment6/GCC_Project/output/exceptions.o
                0x0000000000001d58                Sdma0Done_Handler
 .text.Sdma1Done_Handler
                0x0000000000001d60        0x8 /home/sachin/Documents/Vaman/Assignment6/GCC_Project/output/exceptions.o
                0x0000000000001d60                Sdma1Done_Handler
 .text.Sdma2Done_Handler
                0x0000000000001d68        0x8 /home/sachin/Documents/Vaman/Assignment6/GCC_Project/output/exceptions.o
                0x0000000000001d68                Sdma2Done_Handler
 .text.Sdma3Done_Handler
                0x0000000000001d70        0x8 /home/sachin/Documents/Vaman/Assignment6/GCC_Project/output/exceptions.o
                0x0000000000001d70                Sdma3Done_Handler
 .text.Sdma4Done_Handler
                0x0000000000001d78        0x8 /home/sachin/Documents/Vaman/Assignment6/GCC_Project/output/exceptions.o
                0x0000000000001d78                Sdma4Done_Handler
 .text.Sdma5Done_Handler
                0x0000000000001d80        0x8 /home/sachin/Documents/Vaman/Assignment6/GCC_Project/output/exceptions.o
                0x0000000000001d80                Sdma5Done_Handler
 .text.Sdma6Done_Handler
                0x0000000000001d88        0x8 /home/sachin/Documents/Vaman/Assignment6/GCC_Project/output/exceptions.o
                0x0000000000001d88                Sdma6Done_Handler
 .text.Sdma7Done_Handler
                0x0000000000001d90        0x8 /home/sachin/Documents/Vaman/Assignment6/GCC_Project/output/exceptions.o
                0x0000000000001d90                Sdma7Done_Handler
 .text.Sdma8Done_Handler
                0x0000000000001d98        0x8 /home/sachin/Documents/Vaman/Assignment6/GCC_Project/output/exceptions.o
                0x0000000000001d98                Sdma8Done_Handler
 .text.Sdma9Done_Handler
                0x0000000000001da0        0x8 /home/sachin/Documents/Vaman/Assignment6/GCC_Project/output/exceptions.o
                0x0000000000001da0                Sdma9Done_Handler
 .text.Sdma10Done_Handler
                0x0000000000001da8        0x8 /home/sachin/Documents/Vaman/Assignment6/GCC_Project/output/exceptions.o
                0x0000000000001da8                Sdma10Done_Handler
 .text.Sdma11Done_Handler
                0x0000000000001db0        0x8 /home/sachin/Documents/Vaman/Assignment6/GCC_Project/output/exceptions.o
                0x0000000000001db0                Sdma11Done_Handler
 .text.SdmaErr_Handler
                0x0000000000001db8        0x8 /home/sachin/Documents/Vaman/Assignment6/GCC_Project/output/exceptions.o
                0x0000000000001db8                SdmaErr_Handler
 .text.I2S_SlvM4TxOr_Handler
                0x0000000000001dc0        0x8 /home/sachin/Documents/Vaman/Assignment6/GCC_Project/output/exceptions.o
                0x0000000000001dc0                I2S_SlvM4TxOr_Handler
 .text.SRAM_128KB_Handler
                0x0000000000001dc8        0x8 /home/sachin/Documents/Vaman/Assignment6/GCC_Project/output/exceptions.o
                0x0000000000001dc8                SRAM_128KB_Handler
 .text.LPSD_Voice_Det_Handler
                0x0000000000001dd0        0x8 /home/sachin/Documents/Vaman/Assignment6/GCC_Project/output/exceptions.o
                0x0000000000001dd0                LPSD_Voice_Det_Handler
 .text.FfeWdt_Handler
                0x0000000000001dd8        0x8 /home/sachin/Documents/Vaman/Assignment6/GCC_Project/output/exceptions.o
                0x0000000000001dd8                FfeWdt_Handler
 .text.ApBoot_Handler
                0x0000000000001de0        0x8 /home/sachin/Documents/Vaman/Assignment6/GCC_Project/output/exceptions.o
                0x0000000000001de0                ApBoot_Handler
 .text.SwInt2_Handler
                0x0000000000001de8        0x8 /home/sachin/Documents/Vaman/Assignment6/GCC_Project/output/exceptions.o
                0x0000000000001de8                SwInt2_Handler
 .text.SwInt1_Handler
                0x0000000000001df0       0x24 /home/sachin/Documents/Vaman/Assignment6/GCC_Project/output/exceptions.o
                0x0000000000001df0                SwInt1_Handler
 .text.Ffe0Msg_Handler
                0x0000000000001e14        0x8 /home/sachin/Documents/Vaman/Assignment6/GCC_Project/output/exceptions.o
                0x0000000000001e14                Ffe0Msg_Handler
 .text.lpsdVoiceOffHandler
                0x0000000000001e1c        0x8 /home/sachin/Documents/Vaman/Assignment6/GCC_Project/output/exceptions.o
                0x0000000000001e1c                lpsdVoiceOffHandler
 .text.dmicVoiceOffHandler
                0x0000000000001e24        0x8 /home/sachin/Documents/Vaman/Assignment6/GCC_Project/output/exceptions.o
                0x0000000000001e24                dmicVoiceOffHandler
 .text.vApplicationMallocFailedHook
                0x0000000000001e2c       0x24 /home/sachin/Documents/Vaman/Assignment6/GCC_Project/output/exceptions.o
                0x0000000000001e2c                vApplicationMallocFailedHook
 .text.vApplicationStackOverflowHook
                0x0000000000001e50       0x24 /home/sachin/Documents/Vaman/Assignment6/GCC_Project/output/exceptions.o
                0x0000000000001e50                vApplicationStackOverflowHook
 .text.vApplicationTickHook
                0x0000000000001e74        0x2 /home/sachin/Documents/Vaman/Assignment6/GCC_Project/output/exceptions.o
                0x0000000000001e74                vApplicationTickHook
 *fill*         0x0000000000001e76        0x2 
 .text.prvInsertBlockIntoFreeList
                0x0000000000001e78       0x74 /home/sachin/Documents/Vaman/Assignment6/GCC_Project/output/heap_4.o
 .text.pvPortMalloc
                0x0000000000001eec      0x1a8 /home/sachin/Documents/Vaman/Assignment6/GCC_Project/output/heap_4.o
                0x0000000000001eec                pvPortMalloc
 .text.vPortFree
                0x0000000000002094       0xa0 /home/sachin/Documents/Vaman/Assignment6/GCC_Project/output/heap_4.o
                0x0000000000002094                vPortFree
 .text.vListInitialise
                0x0000000000002134       0x16 /home/sachin/Documents/Vaman/Assignment6/GCC_Project/output/list.o
                0x0000000000002134                vListInitialise
 .text.vListInitialiseItem
                0x000000000000214a        0x6 /home/sachin/Documents/Vaman/Assignment6/GCC_Project/output/list.o
                0x000000000000214a                vListInitialiseItem
 .text.vListInsertEnd
                0x0000000000002150       0x18 /home/sachin/Documents/Vaman/Assignment6/GCC_Project/output/list.o
                0x0000000000002150                vListInsertEnd
 .text.vListInsert
                0x0000000000002168       0x2e /home/sachin/Documents/Vaman/Assignment6/GCC_Project/output/list.o
                0x0000000000002168                vListInsert
 .text.uxListRemove
                0x0000000000002196       0x20 /home/sachin/Documents/Vaman/Assignment6/GCC_Project/output/list.o
                0x0000000000002196                uxListRemove
 .text.SystemInit
                0x00000000000021b6        0x2 /home/sachin/Documents/Vaman/Assignment6/GCC_Project/output/main.o
                0x00000000000021b6                SystemInit
 .text.downsample
                0x00000000000021b8       0x32 /home/sachin/Documents/Vaman/Assignment6/GCC_Project/output/main.o
                0x00000000000021b8                downsample
 .text.upsample
                0x00000000000021ea       0x3c /home/sachin/Documents/Vaman/Assignment6/GCC_Project/output/main.o
                0x00000000000021ea                upsample
 *fill*         0x0000000000002226        0x2 
 .text.print_float
                0x0000000000002228       0x7c /home/sachin/Documents/Vaman/Assignment6/GCC_Project/output/main.o
                0x0000000000002228                print_float
 .text.startup.main
                0x00000000000022a4      0x144 /home/sachin/Documents/Vaman/Assignment6/GCC_Project/output/main.o
                0x00000000000022a4                main
 .text.set_gpio_input
                0x00000000000023e8       0x34 /home/sachin/Documents/Vaman/Assignment6/GCC_Project/output/main_dbg_cli_menu.o
 .text.set_gpio_output
                0x000000000000241c       0x64 /home/sachin/Documents/Vaman/Assignment6/GCC_Project/output/main_dbg_cli_menu.o
 .text.get_gpio_value
                0x0000000000002480       0x50 /home/sachin/Documents/Vaman/Assignment6/GCC_Project/output/main_dbg_cli_menu.o
 .text.prvTaskExitError
                0x00000000000024d0       0x50 /home/sachin/Documents/Vaman/Assignment6/GCC_Project/output/port.o
 .text.pxPortInitialiseStack
                0x0000000000002520       0x2c /home/sachin/Documents/Vaman/Assignment6/GCC_Project/output/port.o
                0x0000000000002520                pxPortInitialiseStack
 *fill*         0x000000000000254c        0x4 
 .text.SVC_Handler
                0x0000000000002550       0x24 /home/sachin/Documents/Vaman/Assignment6/GCC_Project/output/port.o
                0x0000000000002550                SVC_Handler
 .text.vPortEnterCritical
                0x0000000000002574       0x58 /home/sachin/Documents/Vaman/Assignment6/GCC_Project/output/port.o
                0x0000000000002574                vPortEnterCritical
 .text.vPortExitCritical
                0x00000000000025cc       0x3c /home/sachin/Documents/Vaman/Assignment6/GCC_Project/output/port.o
                0x00000000000025cc                vPortExitCritical
 *fill*         0x0000000000002608        0x8 
 .text.PendSV_Handler
                0x0000000000002610       0x64 /home/sachin/Documents/Vaman/Assignment6/GCC_Project/output/port.o
                0x0000000000002610                PendSV_Handler
 .text.xPortSysTickHandler
                0x0000000000002674       0x2c /home/sachin/Documents/Vaman/Assignment6/GCC_Project/output/port.o
                0x0000000000002674                xPortSysTickHandler
 .text.vPortValidateInterruptPriority
                0x00000000000026a0       0x7c /home/sachin/Documents/Vaman/Assignment6/GCC_Project/output/port.o
                0x00000000000026a0                vPortValidateInterruptPriority
 .text.system_init
                0x000000000000271c       0x6c /home/sachin/Documents/Vaman/Assignment6/GCC_Project/output/qf_hardwaresetup.o
                0x000000000000271c                system_init
 .text.qf_hardwareSetup
                0x0000000000002788       0x74 /home/sachin/Documents/Vaman/Assignment6/GCC_Project/output/qf_hardwaresetup.o
                0x0000000000002788                qf_hardwareSetup
 .text.prvIsQueueEmpty
                0x00000000000027fc       0x16 /home/sachin/Documents/Vaman/Assignment6/GCC_Project/output/queue.o
 .text.prvCopyDataToQueue
                0x0000000000002812       0x78 /home/sachin/Documents/Vaman/Assignment6/GCC_Project/output/queue.o
 .text.prvCopyDataFromQueue
                0x000000000000288a       0x2c /home/sachin/Documents/Vaman/Assignment6/GCC_Project/output/queue.o
 .text.prvUnlockQueue
                0x00000000000028b6       0x70 /home/sachin/Documents/Vaman/Assignment6/GCC_Project/output/queue.o
 *fill*         0x0000000000002926        0x2 
 .text.xQueueGenericReset
                0x0000000000002928       0x90 /home/sachin/Documents/Vaman/Assignment6/GCC_Project/output/queue.o
                0x0000000000002928                xQueueGenericReset
 .text.xQueueGenericCreate
                0x00000000000029b8       0x74 /home/sachin/Documents/Vaman/Assignment6/GCC_Project/output/queue.o
                0x00000000000029b8                xQueueGenericCreate
 .text.xQueueGenericSend
                0x0000000000002a2c      0x19c /home/sachin/Documents/Vaman/Assignment6/GCC_Project/output/queue.o
                0x0000000000002a2c                xQueueGenericSend
 .text.xQueueGenericSendFromISR
                0x0000000000002bc8       0xf0 /home/sachin/Documents/Vaman/Assignment6/GCC_Project/output/queue.o
                0x0000000000002bc8                xQueueGenericSendFromISR
 .text.xQueueGenericSendFromISRDebug
                0x0000000000002cb8       0x30 /home/sachin/Documents/Vaman/Assignment6/GCC_Project/output/queue.o
                0x0000000000002cb8                xQueueGenericSendFromISRDebug
 .text.xQueueGiveFromISR
                0x0000000000002ce8       0xdc /home/sachin/Documents/Vaman/Assignment6/GCC_Project/output/queue.o
                0x0000000000002ce8                xQueueGiveFromISR
 .text.xQueueReceive
                0x0000000000002dc4      0x160 /home/sachin/Documents/Vaman/Assignment6/GCC_Project/output/queue.o
                0x0000000000002dc4                xQueueReceive
 .text.xQueueSemaphoreTake
                0x0000000000002f24      0x1ac /home/sachin/Documents/Vaman/Assignment6/GCC_Project/output/queue.o
                0x0000000000002f24                xQueueSemaphoreTake
 .text.xQueuePeek
                0x00000000000030d0      0x160 /home/sachin/Documents/Vaman/Assignment6/GCC_Project/output/queue.o
                0x00000000000030d0                xQueuePeek
 .text.uxQueueMessagesWaiting
                0x0000000000003230       0x3c /home/sachin/Documents/Vaman/Assignment6/GCC_Project/output/queue.o
                0x0000000000003230                uxQueueMessagesWaiting
 .text.vQueueAddToRegistry
                0x000000000000326c       0x24 /home/sachin/Documents/Vaman/Assignment6/GCC_Project/output/queue.o
                0x000000000000326c                vQueueAddToRegistry
 .text.s3x_clkd_write_div
                0x0000000000003290       0xa8 /home/sachin/Documents/Vaman/Assignment6/GCC_Project/output/s3x_clock.o
 .text.s3x_clkd_read_div
                0x0000000000003338       0x44 /home/sachin/Documents/Vaman/Assignment6/GCC_Project/output/s3x_clock.o
 .text.s3x_clkd_cal_div
                0x000000000000337c       0x38 /home/sachin/Documents/Vaman/Assignment6/GCC_Project/output/s3x_clock.o
 .text.S3x_Id_To_Domain
                0x00000000000033b4       0x1c /home/sachin/Documents/Vaman/Assignment6/GCC_Project/output/s3x_clock.o
                0x00000000000033b4                S3x_Id_To_Domain
 .text.S3x_Clkd_Get_Cpu_Rate
                0x00000000000033d0        0xc /home/sachin/Documents/Vaman/Assignment6/GCC_Project/output/s3x_clock.o
                0x00000000000033d0                S3x_Clkd_Get_Cpu_Rate
 .text.s3x_clkd_update_div_val
                0x00000000000033dc       0x42 /home/sachin/Documents/Vaman/Assignment6/GCC_Project/output/s3x_clock.o
                0x00000000000033dc                s3x_clkd_update_div_val
 .text.s3x_clkd_update_fd_rate
                0x000000000000341e        0xe /home/sachin/Documents/Vaman/Assignment6/GCC_Project/output/s3x_clock.o
                0x000000000000341e                s3x_clkd_update_fd_rate
 .text.s3x_clkd_update_sd_div
                0x000000000000342c       0x5c /home/sachin/Documents/Vaman/Assignment6/GCC_Project/output/s3x_clock.o
 .text.s3x_clkd_update_all_src_div
                0x0000000000003488       0xd8 /home/sachin/Documents/Vaman/Assignment6/GCC_Project/output/s3x_clock.o
                0x0000000000003488                s3x_clkd_update_all_src_div
 .text.S3x_Clkd_Get_Hsosc_Rate
                0x0000000000003560       0x30 /home/sachin/Documents/Vaman/Assignment6/GCC_Project/output/s3x_clock.o
                0x0000000000003560                S3x_Clkd_Get_Hsosc_Rate
 .text.S3x_Clkd_Change_Hsosc
                0x0000000000003590       0x70 /home/sachin/Documents/Vaman/Assignment6/GCC_Project/output/s3x_clock.o
                0x0000000000003590                S3x_Clkd_Change_Hsosc
 .text.s3x_clkd_get_src_rate
                0x0000000000003600       0x12 /home/sachin/Documents/Vaman/Assignment6/GCC_Project/output/s3x_clock.o
                0x0000000000003600                s3x_clkd_get_src_rate
 *fill*         0x0000000000003612        0x2 
 .text.s3x_clkd_get_div
                0x0000000000003614       0x60 /home/sachin/Documents/Vaman/Assignment6/GCC_Project/output/s3x_clock.o
                0x0000000000003614                s3x_clkd_get_div
 .text.s3x_clkd_srate
                0x0000000000003674      0x158 /home/sachin/Documents/Vaman/Assignment6/GCC_Project/output/s3x_clock.o
 .text.s3x_clkd_grate
                0x00000000000037cc       0x8c /home/sachin/Documents/Vaman/Assignment6/GCC_Project/output/s3x_clock.o
 .text.s3x_clkd_set_src_div_st.isra.0
                0x0000000000003858       0x4a /home/sachin/Documents/Vaman/Assignment6/GCC_Project/output/s3x_clock.o
 *fill*         0x00000000000038a2        0x2 
 .text.s3x_update_clk_rate
                0x00000000000038a4       0xb0 /home/sachin/Documents/Vaman/Assignment6/GCC_Project/output/s3x_clock.o
                0x00000000000038a4                s3x_update_clk_rate
 .text.s3x_clkd_get_gate_mask_st
                0x0000000000003954       0x16 /home/sachin/Documents/Vaman/Assignment6/GCC_Project/output/s3x_clock.o
                0x0000000000003954                s3x_clkd_get_gate_mask_st
 *fill*         0x000000000000396a        0x2 
 .text.s3x_clkd_set_gate_mask
                0x000000000000396c       0x50 /home/sachin/Documents/Vaman/Assignment6/GCC_Project/output/s3x_clock.o
                0x000000000000396c                s3x_clkd_set_gate_mask
 .text.s3x_clkd_enable_gate
                0x00000000000039bc       0x68 /home/sachin/Documents/Vaman/Assignment6/GCC_Project/output/s3x_clock.o
 .text.s3x_clkd_disable_gate
                0x0000000000003a24       0x54 /home/sachin/Documents/Vaman/Assignment6/GCC_Project/output/s3x_clock.o
 .text._S3x_Clk_Enable
                0x0000000000003a78       0xb8 /home/sachin/Documents/Vaman/Assignment6/GCC_Project/output/s3x_clock.o
                0x0000000000003a78                _S3x_Clk_Enable
 .text._S3x_Clk_Disable
                0x0000000000003b30       0xcc /home/sachin/Documents/Vaman/Assignment6/GCC_Project/output/s3x_clock.o
                0x0000000000003b30                _S3x_Clk_Disable
 .text._S3x_Clk_Get_Status
                0x0000000000003bfc       0x2c /home/sachin/Documents/Vaman/Assignment6/GCC_Project/output/s3x_clock.o
                0x0000000000003bfc                _S3x_Clk_Get_Status
 .text._S3x_Clk_Get_Rate
                0x0000000000003c28       0x28 /home/sachin/Documents/Vaman/Assignment6/GCC_Project/output/s3x_clock.o
                0x0000000000003c28                _S3x_Clk_Get_Rate
 .text.S3x_Clk_Init
                0x0000000000003c50      0x160 /home/sachin/Documents/Vaman/Assignment6/GCC_Project/output/s3x_clock.o
                0x0000000000003c50                S3x_Clk_Init
 .text.S3x_Clk_Enable
                0x0000000000003db0        0x4 /home/sachin/Documents/Vaman/Assignment6/GCC_Project/output/s3x_clock_hal.o
                0x0000000000003db0                S3x_Clk_Enable
 .text.S3x_Clk_Disable
                0x0000000000003db4        0x4 /home/sachin/Documents/Vaman/Assignment6/GCC_Project/output/s3x_clock_hal.o
                0x0000000000003db4                S3x_Clk_Disable
 .text.S3x_Clk_Get_Rate
                0x0000000000003db8        0x4 /home/sachin/Documents/Vaman/Assignment6/GCC_Project/output/s3x_clock_hal.o
                0x0000000000003db8                S3x_Clk_Get_Rate
 .text.DFS_cpuload
                0x0000000000003dbc       0x4c /home/sachin/Documents/Vaman/Assignment6/GCC_Project/output/s3x_cpuload.o
                0x0000000000003dbc                DFS_cpuload
 .text.DFS_resetsleepticks
                0x0000000000003e08        0xc /home/sachin/Documents/Vaman/Assignment6/GCC_Project/output/s3x_cpuload.o
                0x0000000000003e08                DFS_resetsleepticks
 .text.DFS_UpdateTimer
                0x0000000000003e14       0x5c /home/sachin/Documents/Vaman/Assignment6/GCC_Project/output/s3x_dfs.o
 .text.DFS_StartTimer
                0x0000000000003e70       0x88 /home/sachin/Documents/Vaman/Assignment6/GCC_Project/output/s3x_dfs.o
                0x0000000000003e70                DFS_StartTimer
 .text.S3x_Set_Policy
                0x0000000000003ef8      0x108 /home/sachin/Documents/Vaman/Assignment6/GCC_Project/output/s3x_dfs.o
                0x0000000000003ef8                S3x_Set_Policy
 .text.S3x_get_max_rate_dfs_node
                0x0000000000004000       0x28 /home/sachin/Documents/Vaman/Assignment6/GCC_Project/output/s3x_dfs.o
                0x0000000000004000                S3x_get_max_rate_dfs_node
 .text.S3x_Stepup_Policy
                0x0000000000004028       0x7c /home/sachin/Documents/Vaman/Assignment6/GCC_Project/output/s3x_dfs.o
 .text.DFS_TimerCB
                0x00000000000040a4        0xe /home/sachin/Documents/Vaman/Assignment6/GCC_Project/output/s3x_dfs.o
 *fill*         0x00000000000040b2        0x2 
 .text.DFS_Get_Curr_Policy
                0x00000000000040b4        0xc /home/sachin/Documents/Vaman/Assignment6/GCC_Project/output/s3x_dfs.o
                0x00000000000040b4                DFS_Get_Curr_Policy
 .text.DFS_Initialize
                0x00000000000040c0       0x14 /home/sachin/Documents/Vaman/Assignment6/GCC_Project/output/s3x_dfs.o
                0x00000000000040c0                DFS_Initialize
 .text.S3x_Register_Lpm_Cb
                0x00000000000040d4       0x40 /home/sachin/Documents/Vaman/Assignment6/GCC_Project/output/s3x_lpm.o
                0x00000000000040d4                S3x_Register_Lpm_Cb
 .text.s3x_setup_systick_interrupt
                0x0000000000004114       0x4a /home/sachin/Documents/Vaman/Assignment6/GCC_Project/output/s3x_lpm.o
                0x0000000000004114                s3x_setup_systick_interrupt
 .text.SysTick_Handler
                0x000000000000415e       0x12 /home/sachin/Documents/Vaman/Assignment6/GCC_Project/output/s3x_lpm.o
                0x000000000000415e                SysTick_Handler
 .text.s3x_get_pi
                0x0000000000004170       0x20 /home/sachin/Documents/Vaman/Assignment6/GCC_Project/output/s3x_pi.o
                0x0000000000004170                s3x_get_pi
 .text.s3x_get_pi_gindex
                0x0000000000004190       0x14 /home/sachin/Documents/Vaman/Assignment6/GCC_Project/output/s3x_pi.o
                0x0000000000004190                s3x_get_pi_gindex
 .text.s3x_pi_get_st
                0x00000000000041a4       0x22 /home/sachin/Documents/Vaman/Assignment6/GCC_Project/output/s3x_pi.o
                0x00000000000041a4                s3x_pi_get_st
 *fill*         0x00000000000041c6        0x2 
 .text.s3x_pi_set_cfg_st
                0x00000000000041c8       0x8c /home/sachin/Documents/Vaman/Assignment6/GCC_Project/output/s3x_pi.o
                0x00000000000041c8                s3x_pi_set_cfg_st
 .text.s3x_pi_set_active_st
                0x0000000000004254       0xa4 /home/sachin/Documents/Vaman/Assignment6/GCC_Project/output/s3x_pi.o
                0x0000000000004254                s3x_pi_set_active_st
 .text.s3x_pi_get_clkg_st
                0x00000000000042f8       0x36 /home/sachin/Documents/Vaman/Assignment6/GCC_Project/output/s3x_pi.o
                0x00000000000042f8                s3x_pi_get_clkg_st
 .text.s3x_pi_set_clkg_st
                0x000000000000432e       0x26 /home/sachin/Documents/Vaman/Assignment6/GCC_Project/output/s3x_pi.o
                0x000000000000432e                s3x_pi_set_clkg_st
 .text.s3x_set_pi_state
                0x0000000000004354        0xc /home/sachin/Documents/Vaman/Assignment6/GCC_Project/output/s3x_pi.o
                0x0000000000004354                s3x_set_pi_state
 .text.s3x_get_pi_init_state
                0x0000000000004360       0x18 /home/sachin/Documents/Vaman/Assignment6/GCC_Project/output/s3x_pi.o
                0x0000000000004360                s3x_get_pi_init_state
 .text.S3x_pi_init
                0x0000000000004378       0x24 /home/sachin/Documents/Vaman/Assignment6/GCC_Project/output/s3x_pi.o
                0x0000000000004378                S3x_pi_init
 .text.S3x_pwrcfg_init
                0x000000000000439c       0x2c /home/sachin/Documents/Vaman/Assignment6/GCC_Project/output/s3x_pwrcfg.o
                0x000000000000439c                S3x_pwrcfg_init
 .text.S3x_get_qos_rate
                0x00000000000043c8       0x38 /home/sachin/Documents/Vaman/Assignment6/GCC_Project/output/s3x_qos.o
                0x00000000000043c8                S3x_get_qos_rate
 .text.save_assert_info
                0x0000000000004400       0x74 /home/sachin/Documents/Vaman/Assignment6/GCC_Project/output/sec_debug.o
                0x0000000000004400                save_assert_info
 .text.invoke_soft_fault
                0x0000000000004474       0x20 /home/sachin/Documents/Vaman/Assignment6/GCC_Project/output/sec_debug.o
                0x0000000000004474                invoke_soft_fault
 .text.Reset_Handler
                0x0000000000004494       0x30 /home/sachin/Documents/Vaman/Assignment6/GCC_Project/output/startup_EOSS3B_GCC.o
                0x0000000000004494                Reset_Handler
 .text.__semihost_call
                0x00000000000044c4        0x6 /home/sachin/Documents/Vaman/Assignment6/GCC_Project/output/startup_EOSS3B_GCC.o
                0x00000000000044c4                __semihost_call
 *fill*         0x00000000000044ca        0x2 
 .text.prvAddCurrentTaskToDelayedList
                0x00000000000044cc       0x88 /home/sachin/Documents/Vaman/Assignment6/GCC_Project/output/tasks.o
 .text.prvResetNextTaskUnblockTime
                0x0000000000004554       0x24 /home/sachin/Documents/Vaman/Assignment6/GCC_Project/output/tasks.o
 .text.xTaskCreate
                0x0000000000004578      0x1dc /home/sachin/Documents/Vaman/Assignment6/GCC_Project/output/tasks.o
                0x0000000000004578                xTaskCreate
 .text.vTaskSuspendAll
                0x0000000000004754       0x10 /home/sachin/Documents/Vaman/Assignment6/GCC_Project/output/tasks.o
                0x0000000000004754                vTaskSuspendAll
 .text.xTaskGetTickCount
                0x0000000000004764        0xc /home/sachin/Documents/Vaman/Assignment6/GCC_Project/output/tasks.o
                0x0000000000004764                xTaskGetTickCount
 .text.xTaskIncrementTick
                0x0000000000004770      0x14c /home/sachin/Documents/Vaman/Assignment6/GCC_Project/output/tasks.o
                0x0000000000004770                xTaskIncrementTick
 .text.xTaskResumeAll
                0x00000000000048bc      0x100 /home/sachin/Documents/Vaman/Assignment6/GCC_Project/output/tasks.o
                0x00000000000048bc                xTaskResumeAll
 .text.vTaskDelay
                0x00000000000049bc       0x60 /home/sachin/Documents/Vaman/Assignment6/GCC_Project/output/tasks.o
                0x00000000000049bc                vTaskDelay
 .text.vTaskSwitchContext
                0x0000000000004a1c       0xb8 /home/sachin/Documents/Vaman/Assignment6/GCC_Project/output/tasks.o
                0x0000000000004a1c                vTaskSwitchContext
 .text.vTaskPlaceOnEventList
                0x0000000000004ad4       0x48 /home/sachin/Documents/Vaman/Assignment6/GCC_Project/output/tasks.o
                0x0000000000004ad4                vTaskPlaceOnEventList
 .text.xTaskRemoveFromEventList
                0x0000000000004b1c       0x9c /home/sachin/Documents/Vaman/Assignment6/GCC_Project/output/tasks.o
                0x0000000000004b1c                xTaskRemoveFromEventList
 .text.vTaskInternalSetTimeOutState
                0x0000000000004bb8       0x18 /home/sachin/Documents/Vaman/Assignment6/GCC_Project/output/tasks.o
                0x0000000000004bb8                vTaskInternalSetTimeOutState
 .text.xTaskCheckForTimeOut
                0x0000000000004bd0       0x94 /home/sachin/Documents/Vaman/Assignment6/GCC_Project/output/tasks.o
                0x0000000000004bd0                xTaskCheckForTimeOut
 .text.vTaskMissedYield
                0x0000000000004c64        0xc /home/sachin/Documents/Vaman/Assignment6/GCC_Project/output/tasks.o
                0x0000000000004c64                vTaskMissedYield
 .text.uxTaskGetTCBNumber
                0x0000000000004c70       0x14 /home/sachin/Documents/Vaman/Assignment6/GCC_Project/output/tasks.o
                0x0000000000004c70                uxTaskGetTCBNumber
 .text.xTaskGetCurrentTaskHandle
                0x0000000000004c84        0xc /home/sachin/Documents/Vaman/Assignment6/GCC_Project/output/tasks.o
                0x0000000000004c84                xTaskGetCurrentTaskHandle
 .text.xTaskGetSchedulerState
                0x0000000000004c90       0x20 /home/sachin/Documents/Vaman/Assignment6/GCC_Project/output/tasks.o
                0x0000000000004c90                xTaskGetSchedulerState
 .text.xTaskPriorityInherit
                0x0000000000004cb0       0xa4 /home/sachin/Documents/Vaman/Assignment6/GCC_Project/output/tasks.o
                0x0000000000004cb0                xTaskPriorityInherit
 .text.xTaskPriorityDisinherit
                0x0000000000004d54       0xc4 /home/sachin/Documents/Vaman/Assignment6/GCC_Project/output/tasks.o
                0x0000000000004d54                xTaskPriorityDisinherit
 .text.vTaskPriorityDisinheritAfterTimeout
                0x0000000000004e18       0xd8 /home/sachin/Documents/Vaman/Assignment6/GCC_Project/output/tasks.o
                0x0000000000004e18                vTaskPriorityDisinheritAfterTimeout
 .text.pvTaskIncrementMutexHeldCount
                0x0000000000004ef0       0x18 /home/sachin/Documents/Vaman/Assignment6/GCC_Project/output/tasks.o
                0x0000000000004ef0                pvTaskIncrementMutexHeldCount
 .text.prvCheckForValidListAndQueue
                0x0000000000004f08       0x58 /home/sachin/Documents/Vaman/Assignment6/GCC_Project/output/timers.o
 .text.xTimerCreate
                0x0000000000004f60       0x58 /home/sachin/Documents/Vaman/Assignment6/GCC_Project/output/timers.o
                0x0000000000004f60                xTimerCreate
 .text.xTimerGenericCommand
                0x0000000000004fb8       0x70 /home/sachin/Documents/Vaman/Assignment6/GCC_Project/output/timers.o
                0x0000000000004fb8                xTimerGenericCommand
 .text          0x0000000000005028      0x378 /usr/lib/gcc/arm-none-eabi/10.3.1/thumb/v7e-m+fp/hard/libgcc.a(_arm_addsubdf3.o)
                0x0000000000005028                __aeabi_drsub
                0x0000000000005030                __aeabi_dsub
                0x0000000000005030                __subdf3
                0x0000000000005034                __adddf3
                0x0000000000005034                __aeabi_dadd
                0x00000000000052ac                __aeabi_ui2d
                0x00000000000052ac                __floatunsidf
                0x00000000000052cc                __floatsidf
                0x00000000000052cc                __aeabi_i2d
                0x00000000000052f0                __extendsfdf2
                0x00000000000052f0                __aeabi_f2d
                0x0000000000005334                __aeabi_ul2d
                0x0000000000005334                __floatundidf
                0x0000000000005344                __floatdidf
                0x0000000000005344                __aeabi_l2d
 .text          0x00000000000053a0      0x424 /usr/lib/gcc/arm-none-eabi/10.3.1/thumb/v7e-m+fp/hard/libgcc.a(_arm_muldivdf3.o)
                0x00000000000053a0                __aeabi_dmul
                0x00000000000053a0                __muldf3
                0x00000000000055f4                __aeabi_ddiv
                0x00000000000055f4                __divdf3
 .text          0x00000000000057c4       0xa0 /usr/lib/gcc/arm-none-eabi/10.3.1/thumb/v7e-m+fp/hard/libgcc.a(_arm_truncdfsf2.o)
                0x00000000000057c4                __aeabi_d2f
                0x00000000000057c4                __truncdfsf2
 .text          0x0000000000005864       0x30 /usr/lib/gcc/arm-none-eabi/10.3.1/thumb/v7e-m+fp/hard/libgcc.a(_aeabi_uldivmod.o)
                0x0000000000005864                __aeabi_uldivmod
 .text          0x0000000000005894      0x2d0 /usr/lib/gcc/arm-none-eabi/10.3.1/thumb/v7e-m+fp/hard/libgcc.a(_udivmoddi4.o)
                0x0000000000005894                __udivmoddi4
 .text          0x0000000000005b64        0x4 /usr/lib/gcc/arm-none-eabi/10.3.1/thumb/v7e-m+fp/hard/libgcc.a(_dvmd_tls.o)
                0x0000000000005b64                __aeabi_ldiv0
                0x0000000000005b64                __aeabi_idiv0
 .text          0x0000000000005b68        0xc /usr/lib/gcc/arm-none-eabi/10.3.1/../../../arm-none-eabi/lib/thumb/v7e-m+fp/hard/libg_nano.a(lib_a-atexit.o)
                0x0000000000005b68                atexit
 .text          0x0000000000005b74       0x18 /usr/lib/gcc/arm-none-eabi/10.3.1/../../../arm-none-eabi/lib/thumb/v7e-m+fp/hard/libg_nano.a(lib_a-calloc.o)
                0x0000000000005b74                calloc
 .text          0x0000000000005b8c       0x28 /usr/lib/gcc/arm-none-eabi/10.3.1/../../../arm-none-eabi/lib/thumb/v7e-m+fp/hard/libg_nano.a(lib_a-exit.o)
                0x0000000000005b8c                exit
 .text          0x0000000000005bb4       0x2c /usr/lib/gcc/arm-none-eabi/10.3.1/../../../arm-none-eabi/lib/thumb/v7e-m+fp/hard/libg_nano.a(lib_a-fini.o)
                0x0000000000005bb4                __libc_fini_array
 .text          0x0000000000005be0       0x48 /usr/lib/gcc/arm-none-eabi/10.3.1/../../../arm-none-eabi/lib/thumb/v7e-m+fp/hard/libg_nano.a(lib_a-init.o)
                0x0000000000005be0                __libc_init_array
 .text          0x0000000000005c28       0x20 /usr/lib/gcc/arm-none-eabi/10.3.1/../../../arm-none-eabi/lib/thumb/v7e-m+fp/hard/libg_nano.a(lib_a-malloc.o)
                0x0000000000005c28                malloc
                0x0000000000005c38                free
 .text          0x0000000000005c48      0x134 /usr/lib/gcc/arm-none-eabi/10.3.1/../../../arm-none-eabi/lib/thumb/v7e-m+fp/hard/libg_nano.a(lib_a-memcpy.o)
                0x0000000000005c48                memcpy
 .text          0x0000000000005d7c       0xf8 /usr/lib/gcc/arm-none-eabi/10.3.1/../../../arm-none-eabi/lib/thumb/v7e-m+fp/hard/libg_nano.a(lib_a-memmove.o)
                0x0000000000005d7c                memmove
 .text          0x0000000000005e74       0xa4 /usr/lib/gcc/arm-none-eabi/10.3.1/../../../arm-none-eabi/lib/thumb/v7e-m+fp/hard/libg_nano.a(lib_a-memset.o)
                0x0000000000005e74                memset
 .text          0x0000000000005f18       0x1c /usr/lib/gcc/arm-none-eabi/10.3.1/../../../arm-none-eabi/lib/thumb/v7e-m+fp/hard/libg_nano.a(lib_a-nano-callocr.o)
                0x0000000000005f18                _calloc_r
 .text          0x0000000000005f34       0xc4 /usr/lib/gcc/arm-none-eabi/10.3.1/../../../arm-none-eabi/lib/thumb/v7e-m+fp/hard/libg_nano.a(lib_a-nano-freer.o)
                0x0000000000005f34                _free_r
 .text          0x0000000000005ff8       0xb4 /usr/lib/gcc/arm-none-eabi/10.3.1/../../../arm-none-eabi/lib/thumb/v7e-m+fp/hard/libg_nano.a(lib_a-nano-mallocr.o)
                0x0000000000005ff8                _malloc_r
 .text          0x00000000000060ac       0x60 /usr/lib/gcc/arm-none-eabi/10.3.1/../../../arm-none-eabi/lib/thumb/v7e-m+fp/hard/libg_nano.a(lib_a-printf.o)
                0x00000000000060ac                _printf_r
                0x00000000000060ac                _iprintf_r
                0x00000000000060d8                printf
                0x00000000000060d8                iprintf
 .text          0x000000000000610c       0xec /usr/lib/gcc/arm-none-eabi/10.3.1/../../../arm-none-eabi/lib/thumb/v7e-m+fp/hard/libg_nano.a(lib_a-puts.o)
                0x000000000000610c                _puts_r
                0x00000000000061e8                puts
 .text          0x00000000000061f8       0x24 /usr/lib/gcc/arm-none-eabi/10.3.1/../../../arm-none-eabi/lib/thumb/v7e-m+fp/hard/libg_nano.a(lib_a-sbrkr.o)
                0x00000000000061f8                _sbrk_r
 .text          0x000000000000621c       0x1c /usr/lib/gcc/arm-none-eabi/10.3.1/../../../arm-none-eabi/lib/thumb/v7e-m+fp/hard/libg_nano.a(lib_a-setjmp.o)
                0x000000000000621c                setjmp
                0x0000000000006228                longjmp
 .text          0x0000000000006238      0x108 /usr/lib/gcc/arm-none-eabi/10.3.1/../../../arm-none-eabi/lib/thumb/v7e-m+fp/hard/libg_nano.a(lib_a-snprintf.o)
                0x0000000000006238                _sniprintf_r
                0x0000000000006238                _snprintf_r
                0x00000000000062b8                snprintf
                0x00000000000062b8                sniprintf
 .text          0x0000000000006340       0x78 /usr/lib/gcc/arm-none-eabi/10.3.1/../../../arm-none-eabi/lib/thumb/v7e-m+fp/hard/libg_nano.a(lib_a-sprintf.o)
                0x0000000000006340                _siprintf_r
                0x0000000000006340                _sprintf_r
                0x0000000000006378                sprintf
                0x0000000000006378                siprintf
 .text          0x00000000000063b8       0xcc /usr/lib/gcc/arm-none-eabi/10.3.1/../../../arm-none-eabi/lib/thumb/v7e-m+fp/hard/libg_nano.a(lib_a-strchr.o)
                0x00000000000063b8                strchr
 *fill*         0x0000000000006484       0x1c 
 .text          0x00000000000064a0      0x2dc /usr/lib/gcc/arm-none-eabi/10.3.1/../../../arm-none-eabi/lib/thumb/v7e-m+fp/hard/libg_nano.a(lib_a-strcmp.o)
                0x00000000000064a8                strcmp
 .text          0x000000000000677c       0xbc /usr/lib/gcc/arm-none-eabi/10.3.1/../../../arm-none-eabi/lib/thumb/v7e-m+fp/hard/libg_nano.a(lib_a-strcpy.o)
                0x000000000000677c                strcpy
 *fill*         0x0000000000006838        0x8 
 .text          0x0000000000006840       0xdc /usr/lib/gcc/arm-none-eabi/10.3.1/../../../arm-none-eabi/lib/thumb/v7e-m+fp/hard/libg_nano.a(lib_a-strlen.o)
                0x0000000000006840                strlen
 .text          0x000000000000691c       0x64 /usr/lib/gcc/arm-none-eabi/10.3.1/../../../arm-none-eabi/lib/thumb/v7e-m+fp/hard/libg_nano.a(lib_a-strncpy.o)
                0x000000000000691c                strncpy
 .text          0x0000000000006980       0x24 /usr/lib/gcc/arm-none-eabi/10.3.1/../../../arm-none-eabi/lib/thumb/v7e-m+fp/hard/libg_nano.a(lib_a-strrchr.o)
                0x0000000000006980                strrchr
 *fill*         0x00000000000069a4        0x4 
 .text          0x00000000000069a8     0x1104 /usr/lib/gcc/arm-none-eabi/10.3.1/../../../arm-none-eabi/lib/thumb/v7e-m+fp/hard/libg_nano.a(lib_a-strtod.o)
                0x00000000000069a8                _strtod_l
                0x00000000000078f8                _strtod_r
                0x0000000000007904                strtod_l
                0x0000000000007920                strtod
                0x0000000000007940                strtof_l
                0x00000000000079f4                strtof
 .text          0x0000000000007aac       0x6c /usr/lib/gcc/arm-none-eabi/10.3.1/../../../arm-none-eabi/lib/thumb/v7e-m+fp/hard/libg_nano.a(lib_a-strtok_r.o)
                0x0000000000007aac                __strtok_r
                0x0000000000007b10                strtok_r
 .text          0x0000000000007b18      0x1a4 /usr/lib/gcc/arm-none-eabi/10.3.1/../../../arm-none-eabi/lib/thumb/v7e-m+fp/hard/libg_nano.a(lib_a-strtoll.o)
                0x0000000000007c88                _strtoll_r
                0x0000000000007c8c                strtoll_l
                0x0000000000007ca4                strtoll
 .text          0x0000000000007cbc      0x1d0 /usr/lib/gcc/arm-none-eabi/10.3.1/../../../arm-none-eabi/lib/thumb/v7e-m+fp/hard/libg_nano.a(lib_a-strtoull.o)
                0x0000000000007e58                _strtoull_r
                0x0000000000007e5c                strtoull_l
                0x0000000000007e74                strtoull
 .text          0x0000000000007e8c       0xe0 /usr/lib/gcc/arm-none-eabi/10.3.1/../../../arm-none-eabi/lib/thumb/v7e-m+fp/hard/libg_nano.a(lib_a-vsnprintf.o)
                0x0000000000007e8c                vsnprintf
                0x0000000000007e8c                vsniprintf
                0x0000000000007efc                _vsnprintf_r
                0x0000000000007efc                _vsniprintf_r
 .text          0x0000000000007f6c       0xc8 /usr/lib/gcc/arm-none-eabi/10.3.1/../../../arm-none-eabi/lib/thumb/v7e-m+fp/hard/libg_nano.a(lib_a-wbuf.o)
                0x0000000000007f6c                __swbuf_r
                0x000000000000801c                __swbuf
 .text          0x0000000000008034      0x104 /usr/lib/gcc/arm-none-eabi/10.3.1/../../../arm-none-eabi/lib/thumb/v7e-m+fp/hard/libg_nano.a(lib_a-wsetup.o)
                0x0000000000008034                __swsetup_r
 .text          0x0000000000008138       0xac /usr/lib/gcc/arm-none-eabi/10.3.1/../../../arm-none-eabi/lib/thumb/v7e-m+fp/hard/libg_nano.a(lib_a-__atexit.o)
                0x0000000000008138                __register_exitproc
 .text          0x00000000000081e4       0xc8 /usr/lib/gcc/arm-none-eabi/10.3.1/../../../arm-none-eabi/lib/thumb/v7e-m+fp/hard/libg_nano.a(lib_a-__call_atexit.o)
                0x00000000000081e4                __call_exitprocs
 .text          0x00000000000082ac      0x1e8 /usr/lib/gcc/arm-none-eabi/10.3.1/../../../arm-none-eabi/lib/thumb/v7e-m+fp/hard/libg_nano.a(lib_a-fflush.o)
                0x00000000000082ac                __sflush_r
                0x00000000000083c0                _fflush_r
                0x0000000000008414                fflush
 .text          0x0000000000008494      0x238 /usr/lib/gcc/arm-none-eabi/10.3.1/../../../arm-none-eabi/lib/thumb/v7e-m+fp/hard/libg_nano.a(lib_a-findfp.o)
                0x0000000000008498                _cleanup_r
                0x00000000000084a8                __sfmoreglue
                0x00000000000084d8                __sfp
                0x0000000000008678                _cleanup
                0x000000000000868c                __sinit
                0x0000000000008694                __sfp_lock_acquire
                0x0000000000008698                __sfp_lock_release
                0x000000000000869c                __sinit_lock_acquire
                0x00000000000086a0                __sinit_lock_release
                0x00000000000086a4                __fp_lock_all
                0x00000000000086b8                __fp_unlock_all
 .text          0x00000000000086cc       0x88 /usr/lib/gcc/arm-none-eabi/10.3.1/../../../arm-none-eabi/lib/thumb/v7e-m+fp/hard/libg_nano.a(lib_a-fwalk.o)
                0x00000000000086cc                _fwalk
                0x000000000000870c                _fwalk_reent
 .text          0x0000000000008754      0x67c /usr/lib/gcc/arm-none-eabi/10.3.1/../../../arm-none-eabi/lib/thumb/v7e-m+fp/hard/libg_nano.a(lib_a-gdtoa-gethex.o)
                0x00000000000087f8                __gethex
 .text          0x0000000000008dd0      0x1e4 /usr/lib/gcc/arm-none-eabi/10.3.1/../../../arm-none-eabi/lib/thumb/v7e-m+fp/hard/libg_nano.a(lib_a-gdtoa-hexnan.o)
                0x0000000000008dd0                __match
                0x0000000000008e08                __hexnan
 .text          0x0000000000008fb4      0x11c /usr/lib/gcc/arm-none-eabi/10.3.1/../../../arm-none-eabi/lib/thumb/v7e-m+fp/hard/libg_nano.a(lib_a-makebuf.o)
                0x0000000000008fb4                __smakebuf_r
                0x0000000000009074                __swhatbuf_r
 .text          0x00000000000090d0       0x40 /usr/lib/gcc/arm-none-eabi/10.3.1/../../../arm-none-eabi/lib/thumb/v7e-m+fp/hard/libg_nano.a(lib_a-mbtowc_r.o)
                0x00000000000090d0                _mbtowc_r
                0x00000000000090e4                __ascii_mbtowc
 .text          0x0000000000009110        0x8 /usr/lib/gcc/arm-none-eabi/10.3.1/../../../arm-none-eabi/lib/thumb/v7e-m+fp/hard/libg_nano.a(lib_a-mlock.o)
                0x0000000000009110                __malloc_lock
                0x0000000000009114                __malloc_unlock
 .text          0x0000000000009118      0xaec /usr/lib/gcc/arm-none-eabi/10.3.1/../../../arm-none-eabi/lib/thumb/v7e-m+fp/hard/libg_nano.a(lib_a-mprec.o)
                0x0000000000009118                _Balloc
                0x0000000000009198                _Bfree
                0x00000000000091e0                __multadd
                0x0000000000009284                __s2b
                0x0000000000009338                __hi0bits
                0x0000000000009378                __lo0bits
                0x00000000000093d8                __i2b
                0x0000000000009404                __multiply
                0x0000000000009560                __pow5mult
                0x0000000000009640                __lshift
                0x0000000000009728                __mcmp
                0x000000000000976c                __mdiff
                0x00000000000098b8                __ulp
                0x0000000000009918                __b2d
                0x00000000000099d8                __d2b
                0x0000000000009aa8                __ratio
                0x0000000000009b04                _mprec_log10
                0x0000000000009b44                __copybits
                0x0000000000009ba0                __any_on
 .text          0x0000000000009c04      0x3f0 /usr/lib/gcc/arm-none-eabi/10.3.1/../../../arm-none-eabi/lib/thumb/v7e-m+fp/hard/libg_nano.a(lib_a-nano-svfprintf.o)
                0x0000000000009c04                __ssputs_r
                0x0000000000009cc8                __ssprint_r
                0x0000000000009dc0                _svfprintf_r
                0x0000000000009dc0                _svfiprintf_r
 .text          0x0000000000009ff4      0x328 /usr/lib/gcc/arm-none-eabi/10.3.1/../../../arm-none-eabi/lib/thumb/v7e-m+fp/hard/libg_nano.a(lib_a-nano-vfprintf.o)
                0x000000000000a030                __sfputs_r
                0x000000000000a060                __sprint_r
                0x000000000000a07c                _vfiprintf_r
                0x000000000000a07c                _vfprintf_r
                0x000000000000a300                vfiprintf
                0x000000000000a300                vfprintf
 .text          0x000000000000a31c      0x3dc /usr/lib/gcc/arm-none-eabi/10.3.1/../../../arm-none-eabi/lib/thumb/v7e-m+fp/hard/libg_nano.a(lib_a-nano-vfprintf_i.o)
                0x000000000000a31c                _printf_common
                0x000000000000a448                _printf_i
 .text          0x000000000000a6f8       0x10 /usr/lib/gcc/arm-none-eabi/10.3.1/../../../arm-none-eabi/lib/thumb/v7e-m+fp/hard/libg_nano.a(lib_a-s_nan.o)
                0x000000000000a6f8                nan
 .text          0x000000000000a708        0xc /usr/lib/gcc/arm-none-eabi/10.3.1/../../../arm-none-eabi/lib/thumb/v7e-m+fp/hard/libg_nano.a(lib_a-sf_nan.o)
                0x000000000000a708                nanf
 .text          0x000000000000a714       0x90 /usr/lib/gcc/arm-none-eabi/10.3.1/../../../arm-none-eabi/lib/thumb/v7e-m+fp/hard/libg_nano.a(lib_a-stdio.o)
                0x000000000000a714                __sread
                0x000000000000a738                __seofread
                0x000000000000a73c                __swrite
                0x000000000000a77c                __sseek
                0x000000000000a79c                __sclose
 .text          0x000000000000a7a4       0x80 /usr/lib/gcc/arm-none-eabi/10.3.1/../../../arm-none-eabi/lib/thumb/v7e-m+fp/hard/libg_nano.a(lib_a-strncmp.o)
                0x000000000000a7a4                strncmp
 .text          0x000000000000a824       0x30 /usr/lib/gcc/arm-none-eabi/10.3.1/../../../arm-none-eabi/lib/thumb/v7e-m+fp/hard/libg_nano.a(lib_a-wctomb_r.o)
                0x000000000000a824                _wctomb_r
                0x000000000000a838                __ascii_wctomb
 .text          0x000000000000a854       0x2c /usr/lib/gcc/arm-none-eabi/10.3.1/../../../arm-none-eabi/lib/thumb/v7e-m+fp/hard/libg_nano.a(lib_a-writer.o)
                0x000000000000a854                _write_r
 .text          0x000000000000a880       0x4c /usr/lib/gcc/arm-none-eabi/10.3.1/../../../arm-none-eabi/lib/thumb/v7e-m+fp/hard/libg_nano.a(lib_a-assert.o)
                0x000000000000a880                __assert_func
                0x000000000000a8c0                __assert
 .text          0x000000000000a8cc       0x24 /usr/lib/gcc/arm-none-eabi/10.3.1/../../../arm-none-eabi/lib/thumb/v7e-m+fp/hard/libg_nano.a(lib_a-closer.o)
                0x000000000000a8cc                _close_r
 .text          0x000000000000a8f0       0x44 /usr/lib/gcc/arm-none-eabi/10.3.1/../../../arm-none-eabi/lib/thumb/v7e-m+fp/hard/libg_nano.a(lib_a-fprintf.o)
                0x000000000000a8f0                _fprintf_r
                0x000000000000a8f0                _fiprintf_r
                0x000000000000a90c                fprintf
                0x000000000000a90c                fiprintf
 .text          0x000000000000a934       0x2c /usr/lib/gcc/arm-none-eabi/10.3.1/../../../arm-none-eabi/lib/thumb/v7e-m+fp/hard/libg_nano.a(lib_a-fstatr.o)
                0x000000000000a934                _fstat_r
 .text          0x000000000000a960      0x2f0 /usr/lib/gcc/arm-none-eabi/10.3.1/../../../arm-none-eabi/lib/thumb/v7e-m+fp/hard/libg_nano.a(lib_a-fvwrite.o)
                0x000000000000a960                __sfvwrite_r
 .text          0x000000000000ac50       0x24 /usr/lib/gcc/arm-none-eabi/10.3.1/../../../arm-none-eabi/lib/thumb/v7e-m+fp/hard/libg_nano.a(lib_a-isattyr.o)
                0x000000000000ac50                _isatty_r
 .text          0x000000000000ac74       0x2c /usr/lib/gcc/arm-none-eabi/10.3.1/../../../arm-none-eabi/lib/thumb/v7e-m+fp/hard/libg_nano.a(lib_a-lseekr.o)
                0x000000000000ac74                _lseek_r
 .text          0x000000000000aca0       0xa0 /usr/lib/gcc/arm-none-eabi/10.3.1/../../../arm-none-eabi/lib/thumb/v7e-m+fp/hard/libg_nano.a(lib_a-memchr.o)
                0x000000000000aca0                memchr
 .text          0x000000000000ad40       0x50 /usr/lib/gcc/arm-none-eabi/10.3.1/../../../arm-none-eabi/lib/thumb/v7e-m+fp/hard/libg_nano.a(lib_a-nano-reallocr.o)
                0x000000000000ad40                _realloc_r
 .text          0x000000000000ad90       0x2c /usr/lib/gcc/arm-none-eabi/10.3.1/../../../arm-none-eabi/lib/thumb/v7e-m+fp/hard/libg_nano.a(lib_a-readr.o)
                0x000000000000ad90                _read_r
 .text          0x000000000000adbc       0x10 /usr/lib/gcc/arm-none-eabi/10.3.1/../../../arm-none-eabi/lib/thumb/v7e-m+fp/hard/libg_nano.a(lib_a-abort.o)
                0x000000000000adbc                abort
 .text          0x000000000000adcc       0x14 /usr/lib/gcc/arm-none-eabi/10.3.1/../../../arm-none-eabi/lib/thumb/v7e-m+fp/hard/libg_nano.a(lib_a-nano-msizer.o)
                0x000000000000adcc                _malloc_usable_size_r
 .text          0x000000000000ade0      0x268 /usr/lib/gcc/arm-none-eabi/10.3.1/../../../arm-none-eabi/lib/thumb/v7e-m+fp/hard/libg_nano.a(lib_a-signal.o)
                0x000000000000ade0                _init_signal_r
                0x000000000000ae0c                _signal_r
                0x000000000000ae54                _raise_r
                0x000000000000aea8                __sigtramp_r
                0x000000000000af08                raise
                0x000000000000af60                signal
                0x000000000000afb0                _init_signal
                0x000000000000afe4                __sigtramp
 .text          0x000000000000b048       0x30 /usr/lib/gcc/arm-none-eabi/10.3.1/../../../arm-none-eabi/lib/thumb/v7e-m+fp/hard/libg_nano.a(lib_a-signalr.o)
                0x000000000000b048                _kill_r
                0x000000000000b074                _getpid_r
 .text          0x000000000000b078      0x110 /usr/lib/gcc/arm-none-eabi/10.3.1/thumb/v7e-m+fp/hard/libgcc.a(_arm_cmpdf2.o)
                0x000000000000b078                __gtdf2
                0x000000000000b078                __gedf2
                0x000000000000b080                __ltdf2
                0x000000000000b080                __ledf2
                0x000000000000b088                __cmpdf2
                0x000000000000b088                __eqdf2
                0x000000000000b088                __nedf2
                0x000000000000b104                __aeabi_cdrcmple
                0x000000000000b114                __aeabi_cdcmple
                0x000000000000b114                __aeabi_cdcmpeq
                0x000000000000b124                __aeabi_dcmpeq
                0x000000000000b138                __aeabi_dcmplt
                0x000000000000b14c                __aeabi_dcmple
                0x000000000000b160                __aeabi_dcmpge
                0x000000000000b174                __aeabi_dcmpgt
 .text          0x000000000000b188       0x2c /usr/lib/gcc/arm-none-eabi/10.3.1/thumb/v7e-m+fp/hard/libgcc.a(_arm_unorddf2.o)
                0x000000000000b188                __aeabi_dcmpun
                0x000000000000b188                __unorddf2
 .text          0x000000000000b1b4       0x40 /usr/lib/gcc/arm-none-eabi/10.3.1/thumb/v7e-m+fp/hard/libgcc.a(_arm_fixunsdfsi.o)
                0x000000000000b1b4                __fixunsdfsi
                0x000000000000b1b4                __aeabi_d2uiz
 .text          0x000000000000b1f4       0x30 /usr/lib/gcc/arm-none-eabi/10.3.1/thumb/v7e-m+fp/hard/libgcc.a(_fixdfdi.o)
                0x000000000000b1f4                __aeabi_d2lz
                0x000000000000b1f4                __fixdfdi
 .text          0x000000000000b224       0x3c /usr/lib/gcc/arm-none-eabi/10.3.1/thumb/v7e-m+fp/hard/libgcc.a(_fixunsdfdi.o)
                0x000000000000b224                __aeabi_d2ulz
                0x000000000000b224                __fixunsdfdi
 .text          0x000000000000b260       0x10 /usr/lib/gcc/arm-none-eabi/10.3.1/../../../arm-none-eabi/lib/thumb/v7e-m+fp/hard/libnosys.a(fstat.o)
                0x000000000000b260                _fstat
 .text          0x000000000000b270       0x10 /usr/lib/gcc/arm-none-eabi/10.3.1/../../../arm-none-eabi/lib/thumb/v7e-m+fp/hard/libnosys.a(getpid.o)
                0x000000000000b270                _getpid
 .text          0x000000000000b280       0x10 /usr/lib/gcc/arm-none-eabi/10.3.1/../../../arm-none-eabi/lib/thumb/v7e-m+fp/hard/libnosys.a(isatty.o)
                0x000000000000b280                _isatty
 .text          0x000000000000b290       0x10 /usr/lib/gcc/arm-none-eabi/10.3.1/../../../arm-none-eabi/lib/thumb/v7e-m+fp/hard/libnosys.a(kill.o)
                0x000000000000b290                _kill
 .text          0x000000000000b2a0       0x1c /usr/lib/gcc/arm-none-eabi/10.3.1/../../../arm-none-eabi/lib/thumb/v7e-m+fp/hard/libnosys.a(sbrk.o)
                0x000000000000b2a0                _sbrk
 .text          0x000000000000b2bc        0x4 /usr/lib/gcc/arm-none-eabi/10.3.1/../../../arm-none-eabi/lib/thumb/v7e-m+fp/hard/libnosys.a(_exit.o)
                0x000000000000b2bc                _exit
 *(.init)
 .init          0x000000000000b2c0        0x4 /usr/lib/gcc/arm-none-eabi/10.3.1/thumb/v7e-m+fp/hard/crti.o
                0x000000000000b2c0                _init
 .init          0x000000000000b2c4        0x8 /usr/lib/gcc/arm-none-eabi/10.3.1/thumb/v7e-m+fp/hard/crtn.o
 *(.fini)
 .fini          0x000000000000b2cc        0x4 /usr/lib/gcc/arm-none-eabi/10.3.1/thumb/v7e-m+fp/hard/crti.o
                0x000000000000b2cc                _fini
 .fini          0x000000000000b2d0        0x8 /usr/lib/gcc/arm-none-eabi/10.3.1/thumb/v7e-m+fp/hard/crtn.o
 *crtbegin.o(.ctors)
 *crtbegin?.o(.ctors)
 *(EXCLUDE_FILE(*crtend.o *crtend?.o) .ctors)
 *(SORT_BY_NAME(.ctors.*))
 *(.ctors)
 *crtbegin.o(.dtors)
 *crtbegin?.o(.dtors)
 *(EXCLUDE_FILE(*crtend.o *crtend?.o) .dtors)
 *(SORT_BY_NAME(.dtors.*))
 *(.dtors)
 *(.rodata*)
 .rodata.CLI_string_ptr_get_subcmd.str1.1
                0x000000000000b2d8        0xc /home/sachin/Documents/Vaman/Assignment6/GCC_Project/output/cli_args.o
 .rodata.CLI_numX_getshow_X.str1.1
                0x000000000000b2e4       0x23 /home/sachin/Documents/Vaman/Assignment6/GCC_Project/output/cli_args.o
 .rodata.handle_help.str1.1
                0x000000000000b307       0x2e /home/sachin/Documents/Vaman/Assignment6/GCC_Project/output/cli_loop.o
                                         0x33 (size before relaxing)
 .rodata.CLI_cmd_stack_push.str1.1
                0x000000000000b335       0x1a /home/sachin/Documents/Vaman/Assignment6/GCC_Project/output/cli_loop.o
 .rodata.CLI_cmd_stack_pop.str1.1
                0x000000000000b34f       0x16 /home/sachin/Documents/Vaman/Assignment6/GCC_Project/output/cli_loop.o
 .rodata.handle_exit.str1.1
                0x000000000000b365        0xa /home/sachin/Documents/Vaman/Assignment6/GCC_Project/output/cli_loop.o
 .rodata.CLI_print_prompt.str1.1
                0x000000000000b36f        0xd /home/sachin/Documents/Vaman/Assignment6/GCC_Project/output/cli_loop.o
 .rodata.CLI_dispatch_subcmd.str1.1
                0x000000000000b37c       0x2a /home/sachin/Documents/Vaman/Assignment6/GCC_Project/output/cli_loop.o
 .rodata.CLI_dispatch.str1.1
                0x000000000000b3a6       0x21 /home/sachin/Documents/Vaman/Assignment6/GCC_Project/output/cli_loop.o
 .rodata.CLI_verror.str1.1
                0x000000000000b3c7        0x8 /home/sachin/Documents/Vaman/Assignment6/GCC_Project/output/cli_loop.o
 .rodata.CLI_rx_byte.str1.1
                0x000000000000b3cf        0x9 /home/sachin/Documents/Vaman/Assignment6/GCC_Project/output/cli_loop.o
 .rodata.str1.1
                0x000000000000b3d8       0x21 /home/sachin/Documents/Vaman/Assignment6/GCC_Project/output/cli_loop.o
                                         0x26 (size before relaxing)
 .rodata._backspace.0
                0x000000000000b3f9        0x4 /home/sachin/Documents/Vaman/Assignment6/GCC_Project/output/cli_loop.o
 *fill*         0x000000000000b3fd        0x3 
 .rodata.std_cmds
                0x000000000000b400       0x40 /home/sachin/Documents/Vaman/Assignment6/GCC_Project/output/cli_loop.o
 .rodata.CLI_error_missing_parameter.str1.1
                0x000000000000b440        0xd /home/sachin/Documents/Vaman/Assignment6/GCC_Project/output/cli_misc.o
 .rodata.CLI_error_not_a_number.str1.1
                0x000000000000b44d       0x17 /home/sachin/Documents/Vaman/Assignment6/GCC_Project/output/cli_misc.o
 .rodata.CLI_task.str1.1
                0x000000000000b464       0x42 /home/sachin/Documents/Vaman/Assignment6/GCC_Project/output/cli_platform.o
 .rodata.CLI_start_task.str1.1
                0x000000000000b4a6       0x4c /home/sachin/Documents/Vaman/Assignment6/GCC_Project/output/cli_platform.o
 .rodata.dbg_str.str1.1
                0x000000000000b4f2        0x3 /home/sachin/Documents/Vaman/Assignment6/GCC_Project/output/dbg_uart.o
 .rodata._colon_tt.0
                0x000000000000b4f5        0x4 /home/sachin/Documents/Vaman/Assignment6/GCC_Project/output/dbg_uart.o
 .rodata.HAL_PAD_Config.str1.1
                0x000000000000b4f9       0x46 /home/sachin/Documents/Vaman/Assignment6/GCC_Project/output/eoss3_hal_pad_config.o
 .rodata.IO_INPUT_PAD_SEL
                0x000000000000b53f       0x10 /home/sachin/Documents/Vaman/Assignment6/GCC_Project/output/eoss3_hal_pad_config.o
                0x000000000000b53f                IO_INPUT_PAD_SEL
 .rodata.SEL_EXT_PAD_REGS
                0x000000000000b54f      0x160 /home/sachin/Documents/Vaman/Assignment6/GCC_Project/output/eoss3_hal_pad_config.o
                0x000000000000b54f                SEL_EXT_PAD_REGS
 .rodata.unlock_spi1_bus.str1.1
                0x000000000000b6af       0x36 /home/sachin/Documents/Vaman/Assignment6/GCC_Project/output/eoss3_hal_spi.o
 .rodata.SendEventToTimerThread.str1.1
                0x000000000000b6e5       0x82 /home/sachin/Documents/Vaman/Assignment6/GCC_Project/output/eoss3_hal_timer.o
 .rodata.HAL_Timer_ISR.str1.1
                0x000000000000b767       0x20 /home/sachin/Documents/Vaman/Assignment6/GCC_Project/output/eoss3_hal_timer.o
 .rodata.__FUNCTION__.6
                0x000000000000b787        0xe /home/sachin/Documents/Vaman/Assignment6/GCC_Project/output/eoss3_hal_timer.o
 .rodata.uart_init.str1.1
                0x000000000000b795        0xc /home/sachin/Documents/Vaman/Assignment6/GCC_Project/output/eoss3_hal_uart.o
 *fill*         0x000000000000b7a1        0x3 
 .rodata.CSWTCH.25
                0x000000000000b7a4       0x28 /home/sachin/Documents/Vaman/Assignment6/GCC_Project/output/eoss3_hal_uart.o
 .rodata.WDT_ISR.str1.1
                0x000000000000b7cc       0x4d /home/sachin/Documents/Vaman/Assignment6/GCC_Project/output/eoss3_hal_wdt.o
 .rodata.__FUNCTION__.2
                0x000000000000b819        0x8 /home/sachin/Documents/Vaman/Assignment6/GCC_Project/output/eoss3_hal_wdt.o
 .rodata.spurious_interrupt.str1.1
                0x000000000000b821        0xd /home/sachin/Documents/Vaman/Assignment6/GCC_Project/output/exceptions.o
 .rodata.prvGetRegistersFromStack.str1.1
                0x000000000000b82e       0x41 /home/sachin/Documents/Vaman/Assignment6/GCC_Project/output/exceptions.o
                                         0x44 (size before relaxing)
 .rodata.vApplicationMallocFailedHook.str1.1
                0x000000000000b86f       0x20 /home/sachin/Documents/Vaman/Assignment6/GCC_Project/output/exceptions.o
 .rodata.vApplicationStackOverflowHook.str1.1
                0x000000000000b88f       0x21 /home/sachin/Documents/Vaman/Assignment6/GCC_Project/output/exceptions.o
 .rodata.pvPortMalloc.str1.1
                0x000000000000b8b0       0x4a /home/sachin/Documents/Vaman/Assignment6/GCC_Project/output/heap_4.o
 .rodata.vPortFree.str1.1
                0x000000000000b8fa       0x35 /home/sachin/Documents/Vaman/Assignment6/GCC_Project/output/heap_4.o
 .rodata.print_float.str1.1
                0x000000000000b92f        0x4 /home/sachin/Documents/Vaman/Assignment6/GCC_Project/output/main.o
                                          0x6 (size before relaxing)
 .rodata.main.str1.1
                0x000000000000b933       0xcb /home/sachin/Documents/Vaman/Assignment6/GCC_Project/output/main.o
                                         0xd3 (size before relaxing)
 .rodata.set_gpio_input.str1.1
                0x000000000000b9fe        0x3 /home/sachin/Documents/Vaman/Assignment6/GCC_Project/output/main_dbg_cli_menu.o
 .rodata.set_gpio_output.str1.1