Archive member included to satisfy reference by file (symbol)

/usr/lib/gcc/arm-none-eabi/9.2.1/thumb/v7e-m+fp/hard/libgcc.a(_arm_muldf3.o)
                              /home/sachin/Documents/Vaman/blink/GCC_Project/output/ql_test_signals.o (__aeabi_dmul)
/usr/lib/gcc/arm-none-eabi/9.2.1/thumb/v7e-m+fp/hard/libgcc.a(_arm_addsubdf3.o)
                              /home/sachin/Documents/Vaman/blink/GCC_Project/output/ql_test_signals.o (__aeabi_dadd)
/usr/lib/gcc/arm-none-eabi/9.2.1/thumb/v7e-m+fp/hard/libgcc.a(_arm_muldivdf3.o)
                              /home/sachin/Documents/Vaman/blink/GCC_Project/output/eoss3_hal_i2c.o (__aeabi_ddiv)
/usr/lib/gcc/arm-none-eabi/9.2.1/thumb/v7e-m+fp/hard/libgcc.a(_arm_fixdfsi.o)
                              /home/sachin/Documents/Vaman/blink/GCC_Project/output/ql_test_signals.o (__aeabi_d2iz)
/usr/lib/gcc/arm-none-eabi/9.2.1/thumb/v7e-m+fp/hard/libgcc.a(_arm_truncdfsf2.o)
                              /home/sachin/Documents/Vaman/blink/GCC_Project/output/eoss3_hal_i2c.o (__aeabi_d2f)
/usr/lib/gcc/arm-none-eabi/9.2.1/thumb/v7e-m+fp/hard/libgcc.a(_aeabi_ldivmod.o)
                              /home/sachin/Documents/Vaman/blink/GCC_Project/output/dbg_uart.o (__aeabi_ldivmod)
/usr/lib/gcc/arm-none-eabi/9.2.1/thumb/v7e-m+fp/hard/libgcc.a(_aeabi_uldivmod.o)
                              /home/sachin/Documents/Vaman/blink/GCC_Project/output/s3x_lpm.o (__aeabi_uldivmod)
/usr/lib/gcc/arm-none-eabi/9.2.1/thumb/v7e-m+fp/hard/libgcc.a(_udivmoddi4.o)
                              /usr/lib/gcc/arm-none-eabi/9.2.1/thumb/v7e-m+fp/hard/libgcc.a(_aeabi_ldivmod.o) (__udivmoddi4)
/usr/lib/gcc/arm-none-eabi/9.2.1/thumb/v7e-m+fp/hard/libgcc.a(_dvmd_tls.o)
                              /usr/lib/gcc/arm-none-eabi/9.2.1/thumb/v7e-m+fp/hard/libgcc.a(_aeabi_ldivmod.o) (__aeabi_ldiv0)
/usr/lib/gcc/arm-none-eabi/9.2.1/../../../arm-none-eabi/lib/thumb/v7e-m+fp/hard/libg_nano.a(lib_a-atexit.o)
                              /usr/lib/gcc/arm-none-eabi/9.2.1/../../../arm-none-eabi/lib/thumb/v7e-m+fp/hard/crt0.o (atexit)
/usr/lib/gcc/arm-none-eabi/9.2.1/../../../arm-none-eabi/lib/thumb/v7e-m+fp/hard/libg_nano.a(lib_a-exit.o)
                              /usr/lib/gcc/arm-none-eabi/9.2.1/../../../arm-none-eabi/lib/thumb/v7e-m+fp/hard/crt0.o (exit)
/usr/lib/gcc/arm-none-eabi/9.2.1/../../../arm-none-eabi/lib/thumb/v7e-m+fp/hard/libg_nano.a(lib_a-fini.o)
                              /usr/lib/gcc/arm-none-eabi/9.2.1/../../../arm-none-eabi/lib/thumb/v7e-m+fp/hard/crt0.o (__libc_fini_array)
/usr/lib/gcc/arm-none-eabi/9.2.1/../../../arm-none-eabi/lib/thumb/v7e-m+fp/hard/libg_nano.a(lib_a-impure.o)
                              /usr/lib/gcc/arm-none-eabi/9.2.1/../../../arm-none-eabi/lib/thumb/v7e-m+fp/hard/libg_nano.a(lib_a-exit.o) (_global_impure_ptr)
/usr/lib/gcc/arm-none-eabi/9.2.1/../../../arm-none-eabi/lib/thumb/v7e-m+fp/hard/libg_nano.a(lib_a-init.o)
                              /usr/lib/gcc/arm-none-eabi/9.2.1/../../../arm-none-eabi/lib/thumb/v7e-m+fp/hard/crt0.o (__libc_init_array)
/usr/lib/gcc/arm-none-eabi/9.2.1/../../../arm-none-eabi/lib/thumb/v7e-m+fp/hard/libg_nano.a(lib_a-malloc.o)
                              /home/sachin/Documents/Vaman/blink/GCC_Project/output/circularBuffQueue.o (malloc)
/usr/lib/gcc/arm-none-eabi/9.2.1/../../../arm-none-eabi/lib/thumb/v7e-m+fp/hard/libg_nano.a(lib_a-memcpy.o)
                              /home/sachin/Documents/Vaman/blink/GCC_Project/output/cli_args.o (memcpy)
/usr/lib/gcc/arm-none-eabi/9.2.1/../../../arm-none-eabi/lib/thumb/v7e-m+fp/hard/libg_nano.a(lib_a-memset.o)
                              /usr/lib/gcc/arm-none-eabi/9.2.1/../../../arm-none-eabi/lib/thumb/v7e-m+fp/hard/crt0.o (memset)
/usr/lib/gcc/arm-none-eabi/9.2.1/../../../arm-none-eabi/lib/thumb/v7e-m+fp/hard/libg_nano.a(lib_a-nano-freer.o)
                              /usr/lib/gcc/arm-none-eabi/9.2.1/../../../arm-none-eabi/lib/thumb/v7e-m+fp/hard/libg_nano.a(lib_a-malloc.o) (_free_r)
/usr/lib/gcc/arm-none-eabi/9.2.1/../../../arm-none-eabi/lib/thumb/v7e-m+fp/hard/libg_nano.a(lib_a-nano-mallocr.o)
                              /usr/lib/gcc/arm-none-eabi/9.2.1/../../../arm-none-eabi/lib/thumb/v7e-m+fp/hard/libg_nano.a(lib_a-malloc.o) (_malloc_r)
/usr/lib/gcc/arm-none-eabi/9.2.1/../../../arm-none-eabi/lib/thumb/v7e-m+fp/hard/libg_nano.a(lib_a-printf.o)
                              /home/sachin/Documents/Vaman/blink/GCC_Project/output/circularBuffQueue.o (printf)
/usr/lib/gcc/arm-none-eabi/9.2.1/../../../arm-none-eabi/lib/thumb/v7e-m+fp/hard/libg_nano.a(lib_a-puts.o)
                              /home/sachin/Documents/Vaman/blink/GCC_Project/output/eoss3_hal_i2s_slave_assp.o (puts)
/usr/lib/gcc/arm-none-eabi/9.2.1/../../../arm-none-eabi/lib/thumb/v7e-m+fp/hard/libg_nano.a(lib_a-sbrkr.o)
                              /usr/lib/gcc/arm-none-eabi/9.2.1/../../../arm-none-eabi/lib/thumb/v7e-m+fp/hard/libg_nano.a(lib_a-nano-mallocr.o) (_sbrk_r)
[...]
Memory Configuration

Name             Origin             Length             Attributes
rom              0x0000000000000000 0x0000000000027000 xr
ram              0x0000000020027000 0x000000000003c800 xrw
spiram           0x0000000020063800 0x0000000000000800 rw
HWA              0x0000000020064000 0x0000000000018000 rw
shm              0x000000002007c000 0x0000000000004000
*default*        0x0000000000000000 0xffffffffffffffff

Linker script and memory map

LOAD /usr/lib/gcc/arm-none-eabi/9.2.1/thumb/v7e-m+fp/hard/crti.o
LOAD /usr/lib/gcc/arm-none-eabi/9.2.1/thumb/v7e-m+fp/hard/crtbegin.o
LOAD /usr/lib/gcc/arm-none-eabi/9.2.1/../../../arm-none-eabi/lib/thumb/v7e-m+fp/hard/crt0.o
LOAD /home/sachin/Documents/Vaman/blink/GCC_Project/output/battery_level_monitor.o
LOAD /home/sachin/Documents/Vaman/blink/GCC_Project/output/c_lib_retarget.o
LOAD /home/sachin/Documents/Vaman/blink/GCC_Project/output/circularBuffQueue.o
LOAD /home/sachin/Documents/Vaman/blink/GCC_Project/output/cli_args.o
LOAD /home/sachin/Documents/Vaman/blink/GCC_Project/output/cli_hexdump.o
LOAD /home/sachin/Documents/Vaman/blink/GCC_Project/output/cli_io.o
LOAD /home/sachin/Documents/Vaman/blink/GCC_Project/output/cli_loop.o
LOAD /home/sachin/Documents/Vaman/blink/GCC_Project/output/cli_misc.o
LOAD /home/sachin/Documents/Vaman/blink/GCC_Project/output/cli_platform.o
LOAD /home/sachin/Documents/Vaman/blink/GCC_Project/output/cli_stdcmds.o
LOAD /home/sachin/Documents/Vaman/blink/GCC_Project/output/crc16.o
LOAD /home/sachin/Documents/Vaman/blink/GCC_Project/output/crc32.o
LOAD /home/sachin/Documents/Vaman/blink/GCC_Project/output/croutine.o
LOAD /home/sachin/Documents/Vaman/blink/GCC_Project/output/dbg_bufferedprinttask.o
LOAD /home/sachin/Documents/Vaman/blink/GCC_Project/output/dbg_queue_monitor.o
LOAD /home/sachin/Documents/Vaman/blink/GCC_Project/output/dbg_uart.o
LOAD /home/sachin/Documents/Vaman/blink/GCC_Project/output/dbgtrace.o
LOAD /home/sachin/Documents/Vaman/blink/GCC_Project/output/eoss3_hal_adc.o
LOAD /home/sachin/Documents/Vaman/blink/GCC_Project/output/eoss3_hal_gpio.o
LOAD /home/sachin/Documents/Vaman/blink/GCC_Project/output/eoss3_hal_i2c.o
LOAD /home/sachin/Documents/Vaman/blink/GCC_Project/output/eoss3_hal_i2s.o
LOAD /home/sachin/Documents/Vaman/blink/GCC_Project/output/eoss3_hal_i2s_slave_assp.o
LOAD /home/sachin/Documents/Vaman/blink/GCC_Project/output/eoss3_hal_pad_config.o
LOAD /home/sachin/Documents/Vaman/blink/GCC_Project/output/eoss3_hal_pkfb.o
LOAD /home/sachin/Documents/Vaman/blink/GCC_Project/output/eoss3_hal_rtc.o
LOAD /home/sachin/Documents/Vaman/blink/GCC_Project/output/eoss3_hal_sdma.o
LOAD /home/sachin/Documents/Vaman/blink/GCC_Project/output/eoss3_hal_spi.o
LOAD /home/sachin/Documents/Vaman/blink/GCC_Project/output/eoss3_hal_timer.o
LOAD /home/sachin/Documents/Vaman/blink/GCC_Project/output/eoss3_hal_uart.o
LOAD /home/sachin/Documents/Vaman/blink/GCC_Project/output/eoss3_hal_wb.o
LOAD /home/sachin/Documents/Vaman/blink/GCC_Project/output/eoss3_hal_wdt.o
LOAD /home/sachin/Documents/Vaman/blink/GCC_Project/output/event_groups.o
LOAD /home/sachin/Documents/Vaman/blink/GCC_Project/output/exceptions.o
LOAD /home/sachin/Documents/Vaman/blink/GCC_Project/output/freertos_static_memory.o
LOAD /home/sachin/Documents/Vaman/blink/GCC_Project/output/heap_4.o
LOAD /home/sachin/Documents/Vaman/blink/GCC_Project/output/hearable_pwrcfg.o
LOAD /home/sachin/Documents/Vaman/blink/GCC_Project/output/leds.o
LOAD /home/sachin/Documents/Vaman/blink/GCC_Project/output/list.o
LOAD /home/sachin/Documents/Vaman/blink/GCC_Project/output/main.o
LOAD /home/sachin/Documents/Vaman/blink/GCC_Project/output/main_dbg_cli_menu.o
LOAD /home/sachin/Documents/Vaman/blink/GCC_Project/output/pincfg_table.o
LOAD /home/sachin/Documents/Vaman/blink/GCC_Project/output/port.o
LOAD /home/sachin/Documents/Vaman/blink/GCC_Project/output/qf_baremetalsetup.o
LOAD /home/sachin/Documents/Vaman/blink/GCC_Project/output/qf_hardwaresetup.o
LOAD /home/sachin/Documents/Vaman/blink/GCC_Project/output/ql_base64.o
LOAD /home/sachin/Documents/Vaman/blink/GCC_Project/output/ql_stackwatermark.o
LOAD /home/sachin/Documents/Vaman/blink/GCC_Project/output/ql_test_signals.o
LOAD /home/sachin/Documents/Vaman/blink/GCC_Project/output/ql_time.o
LOAD /home/sachin/Documents/Vaman/blink/GCC_Project/output/queue.o
LOAD /home/sachin/Documents/Vaman/blink/GCC_Project/output/s3x_clock.o
LOAD /home/sachin/Documents/Vaman/blink/GCC_Project/output/s3x_clock_hal.o
LOAD /home/sachin/Documents/Vaman/blink/GCC_Project/output/s3x_cpuload.o
LOAD /home/sachin/Documents/Vaman/blink/GCC_Project/output/s3x_dfs.o
LOAD /home/sachin/Documents/Vaman/blink/GCC_Project/output/s3x_lpm.o
LOAD /home/sachin/Documents/Vaman/blink/GCC_Project/output/s3x_pi.o
LOAD /home/sachin/Documents/Vaman/blink/GCC_Project/output/s3x_pwrcfg.o
LOAD /home/sachin/Documents/Vaman/blink/GCC_Project/output/s3x_qos.o
LOAD /home/sachin/Documents/Vaman/blink/GCC_Project/output/sec_debug.o
LOAD /home/sachin/Documents/Vaman/blink/GCC_Project/output/spi_flash.o
LOAD /home/sachin/Documents/Vaman/blink/GCC_Project/output/startup_EOSS3B_GCC.o
LOAD /home/sachin/Documents/Vaman/blink/GCC_Project/output/stream_buffer.o
LOAD /home/sachin/Documents/Vaman/blink/GCC_Project/output/tasks.o
LOAD /home/sachin/Documents/Vaman/blink/GCC_Project/output/timers.o
LOAD /home/sachin/Documents/Vaman/blink/GCC_Project/output/vectors_CM4F_gcc.o
LOAD /home/sachin/Documents/Vaman/blink/GCC_Project/output/watchdog.o
LOAD /usr/lib/gcc/arm-none-eabi/9.2.1/../../../arm-none-eabi/lib/thumb/v7e-m+fp/hard/libm.a
LOAD /home/sachin/Documents/Vaman/qorc-sdk//Libraries/CMSIS/lib/GCC/libarm_cortexM4lf_math.a
START GROUP
LOAD /usr/lib/gcc/arm-none-eabi/9.2.1/thumb/v7e-m+fp/hard/libgcc.a
LOAD /usr/lib/gcc/arm-none-eabi/9.2.1/../../../arm-none-eabi/lib/thumb/v7e-m+fp/hard/libg_nano.a
LOAD /usr/lib/gcc/arm-none-eabi/9.2.1/../../../arm-none-eabi/lib/thumb/v7e-m+fp/hard/libc_nano.a
END GROUP
START GROUP
LOAD /usr/lib/gcc/arm-none-eabi/9.2.1/thumb/v7e-m+fp/hard/libgcc.a
LOAD /usr/lib/gcc/arm-none-eabi/9.2.1/../../../arm-none-eabi/lib/thumb/v7e-m+fp/hard/libc_nano.a
LOAD /usr/lib/gcc/arm-none-eabi/9.2.1/../../../arm-none-eabi/lib/thumb/v7e-m+fp/hard/libnosys.a
END GROUP
START GROUP
LOAD /usr/lib/gcc/arm-none-eabi/9.2.1/thumb/v7e-m+fp/hard/libgcc.a
LOAD /usr/lib/gcc/arm-none-eabi/9.2.1/../../../arm-none-eabi/lib/thumb/v7e-m+fp/hard/libc_nano.a
LOAD /usr/lib/gcc/arm-none-eabi/9.2.1/../../../arm-none-eabi/lib/thumb/v7e-m+fp/hard/libnosys.a
END GROUP
LOAD /usr/lib/gcc/arm-none-eabi/9.2.1/thumb/v7e-m+fp/hard/crtend.o
LOAD /usr/lib/gcc/arm-none-eabi/9.2.1/thumb/v7e-m+fp/hard/crtn.o

.text           0x0000000000000000     0x8a61
 *(.isr_vector)
 .isr_vector    0x0000000000000000      0x124 /home/sachin/Documents/Vaman/blink/GCC_Project/output/vectors_CM4F_gcc.o
                0x0000000000000000                __Vectors
 *(.text*)
 .text          0x0000000000000124       0x88 /usr/lib/gcc/arm-none-eabi/9.2.1/thumb/v7e-m+fp/hard/crtbegin.o
 .text          0x00000000000001ac       0x70 /usr/lib/gcc/arm-none-eabi/9.2.1/../../../arm-none-eabi/lib/thumb/v7e-m+fp/hard/crt0.o
                0x00000000000001ac                _stack_init
                0x00000000000001b4                _mainCRTStartup
                0x00000000000001b4                _start
 .text._write   0x000000000000021c        0xe /home/sachin/Documents/Vaman/blink/GCC_Project/output/c_lib_retarget.o
                0x000000000000021c                _write
 .text._close   0x000000000000022a        0x6 /home/sachin/Documents/Vaman/blink/GCC_Project/output/c_lib_retarget.o
                0x000000000000022a                _close
 .text._lseek   0x0000000000000230        0x4 /home/sachin/Documents/Vaman/blink/GCC_Project/output/c_lib_retarget.o
                0x0000000000000230                _lseek
 .text._read    0x0000000000000234        0x4 /home/sachin/Documents/Vaman/blink/GCC_Project/output/c_lib_retarget.o
                0x0000000000000234                _read
 .text.do_str_fetch
                0x0000000000000238       0x38 /home/sachin/Documents/Vaman/blink/GCC_Project/output/cli_args.o
 .text.CLI_string_ptr_get_subcmd
                0x0000000000000270       0x20 /home/sachin/Documents/Vaman/blink/GCC_Project/output/cli_args.o
                0x0000000000000270                CLI_string_ptr_get_subcmd
 .text.CLI_numX_getshow_X
                0x0000000000000290      0x188 /home/sachin/Documents/Vaman/blink/GCC_Project/output/cli_args.o
                0x0000000000000290                CLI_numX_getshow_X
 .text.CLI_uint8_getshow
                0x0000000000000418        0x8 /home/sachin/Documents/Vaman/blink/GCC_Project/output/cli_args.o
                0x0000000000000418                CLI_uint8_getshow
 .text.append_key
                0x0000000000000420       0x30 /home/sachin/Documents/Vaman/blink/GCC_Project/output/cli_io.o
 .text.get_key_ignore_null
                0x0000000000000450       0x18 /home/sachin/Documents/Vaman/blink/GCC_Project/output/cli_io.o
 .text.CLI_getkey_peek
                0x0000000000000468      0x110 /home/sachin/Documents/Vaman/blink/GCC_Project/output/cli_io.o
                0x0000000000000468                CLI_getkey_peek
 .text.CLI_getkey
                0x0000000000000578       0x30 /home/sachin/Documents/Vaman/blink/GCC_Project/output/cli_io.o
                0x0000000000000578                CLI_getkey
 .text.CLI_col0_timestamp
                0x00000000000005a8       0x78 /home/sachin/Documents/Vaman/blink/GCC_Project/output/cli_io.o
                0x00000000000005a8                CLI_col0_timestamp
 .text.CLI_putc
                0x0000000000000620       0x4c /home/sachin/Documents/Vaman/blink/GCC_Project/output/cli_io.o
                0x0000000000000620                CLI_putc
 .text.CLI_puts_no_nl
                0x000000000000066c       0x12 /home/sachin/Documents/Vaman/blink/GCC_Project/output/cli_io.o
                0x000000000000066c                CLI_puts_no_nl
 *fill*         0x000000000000067e        0x2 
 .text.CLI_vprintf
                0x0000000000000680       0x24 /home/sachin/Documents/Vaman/blink/GCC_Project/output/cli_io.o
                0x0000000000000680                CLI_vprintf
 .text.CLI_printf
                0x00000000000006a4       0x1a /home/sachin/Documents/Vaman/blink/GCC_Project/output/cli_io.o
                0x00000000000006a4                CLI_printf
 *fill*         0x00000000000006be        0x2 
 .text.handle_help
                0x00000000000006c0       0xc4 /home/sachin/Documents/Vaman/blink/GCC_Project/output/cli_loop.o
 .text.CLI_cmd_stack_replace
                0x0000000000000784       0x10 /home/sachin/Documents/Vaman/blink/GCC_Project/output/cli_loop.o
                0x0000000000000784                CLI_cmd_stack_replace
 .text.CLI_cmd_stack_push
                0x0000000000000794       0x30 /home/sachin/Documents/Vaman/blink/GCC_Project/output/cli_loop.o
                0x0000000000000794                CLI_cmd_stack_push
 .text.CLI_cmd_stack_clear
                0x00000000000007c4       0x24 /home/sachin/Documents/Vaman/blink/GCC_Project/output/cli_loop.o
                0x00000000000007c4                CLI_cmd_stack_clear
 .text.CLI_cmd_stack_pop
                0x00000000000007e8       0x40 /home/sachin/Documents/Vaman/blink/GCC_Project/output/cli_loop.o
                0x00000000000007e8                CLI_cmd_stack_pop
 .text.handle_exit
                0x0000000000000828       0x1c /home/sachin/Documents/Vaman/blink/GCC_Project/output/cli_loop.o
 .text.CLI_init
                0x0000000000000844       0x24 /home/sachin/Documents/Vaman/blink/GCC_Project/output/cli_loop.o
                0x0000000000000844                CLI_init
 .text.CLI_print_prompt
                0x0000000000000868       0x44 /home/sachin/Documents/Vaman/blink/GCC_Project/output/cli_loop.o
                0x0000000000000868                CLI_print_prompt
 .text.CLI_dispatch_subcmd
                0x00000000000008ac       0x84 /home/sachin/Documents/Vaman/blink/GCC_Project/output/cli_loop.o
                0x00000000000008ac                CLI_dispatch_subcmd
 .text.CLI_dispatch
                0x0000000000000930       0xc0 /home/sachin/Documents/Vaman/blink/GCC_Project/output/cli_loop.o
 .text.CLI_submenu_handler
                0x00000000000009f0       0x30 /home/sachin/Documents/Vaman/blink/GCC_Project/output/cli_loop.o
                0x00000000000009f0                CLI_submenu_handler
 .text.CLI_verror
                0x0000000000000a20       0x40 /home/sachin/Documents/Vaman/blink/GCC_Project/output/cli_loop.o
                0x0000000000000a20                CLI_verror
 .text.CLI_rx_byte
                0x0000000000000a60       0xec /home/sachin/Documents/Vaman/blink/GCC_Project/output/cli_loop.o
                0x0000000000000a60                CLI_rx_byte
 .text.CLI_is_more_args
                0x0000000000000b4c       0x14 /home/sachin/Documents/Vaman/blink/GCC_Project/output/cli_misc.o
                0x0000000000000b4c                CLI_is_more_args
 .text.CLI_error
                0x0000000000000b60       0x1a /home/sachin/Documents/Vaman/blink/GCC_Project/output/cli_misc.o
                0x0000000000000b60                CLI_error
 *fill*         0x0000000000000b7a        0x2 
 .text.CLI_error_missing_parameter
                0x0000000000000b7c        0xc /home/sachin/Documents/Vaman/blink/GCC_Project/output/cli_misc.o
                0x0000000000000b7c                CLI_error_missing_parameter
 .text.CLI_error_not_a_number
                0x0000000000000b88       0x10 /home/sachin/Documents/Vaman/blink/GCC_Project/output/cli_misc.o
                0x0000000000000b88                CLI_error_not_a_number
 .text.CLI_task
                0x0000000000000b98       0x54 /home/sachin/Documents/Vaman/blink/GCC_Project/output/cli_platform.o
                0x0000000000000b98                CLI_task
 .text.CLI_time_now
                0x0000000000000bec        0x4 /home/sachin/Documents/Vaman/blink/GCC_Project/output/cli_platform.o
                0x0000000000000bec                CLI_time_now
 .text.CLI_beep
                0x0000000000000bf0        0x6 /home/sachin/Documents/Vaman/blink/GCC_Project/output/cli_platform.o
                0x0000000000000bf0                CLI_beep
 .text.CLI_timeout_expired
                0x0000000000000bf6       0x22 /home/sachin/Documents/Vaman/blink/GCC_Project/output/cli_platform.o
                0x0000000000000bf6                CLI_timeout_expired
 .text.CLI_putc_raw
                0x0000000000000c18        0x8 /home/sachin/Documents/Vaman/blink/GCC_Project/output/cli_platform.o
                0x0000000000000c18                CLI_putc_raw
 .text.CLI_getkey_raw
                0x0000000000000c20       0x3c /home/sachin/Documents/Vaman/blink/GCC_Project/output/cli_platform.o
                0x0000000000000c20                CLI_getkey_raw
 .text.CLI_start_task
                0x0000000000000c5c       0x58 /home/sachin/Documents/Vaman/blink/GCC_Project/output/cli_platform.o
                0x0000000000000c5c                CLI_start_task
 .text.__debug_lockup
                0x0000000000000cb4       0x14 /home/sachin/Documents/Vaman/blink/GCC_Project/output/dbg_uart.o
 .text._semihost_write
                0x0000000000000cc8       0x54 /home/sachin/Documents/Vaman/blink/GCC_Project/output/dbg_uart.o
                0x0000000000000cc8                _semihost_write
 .text.dbg_ch_raw
                0x0000000000000d1c       0x74 /home/sachin/Documents/Vaman/blink/GCC_Project/output/dbg_uart.o
                0x0000000000000d1c                dbg_ch_raw
 .text.dbg_nl   0x0000000000000d90       0x12 /home/sachin/Documents/Vaman/blink/GCC_Project/output/dbg_uart.o
                0x0000000000000d90                dbg_nl
 .text.dbg_ch   0x0000000000000da2        0xc /home/sachin/Documents/Vaman/blink/GCC_Project/output/dbg_uart.o
                0x0000000000000da2                dbg_ch
 .text.dbg_hex4
                0x0000000000000dae       0x14 /home/sachin/Documents/Vaman/blink/GCC_Project/output/dbg_uart.o
 .text.dbg_hex8
                0x0000000000000dc2       0x14 /home/sachin/Documents/Vaman/blink/GCC_Project/output/dbg_uart.o
                0x0000000000000dc2                dbg_hex8
 .text.dbg_hex16
                0x0000000000000dd6       0x14 /home/sachin/Documents/Vaman/blink/GCC_Project/output/dbg_uart.o
                0x0000000000000dd6                dbg_hex16
 .text.dbg_hex32
                0x0000000000000dea       0x14 /home/sachin/Documents/Vaman/blink/GCC_Project/output/dbg_uart.o
                0x0000000000000dea                dbg_hex32
 .text._dbg_int
                0x0000000000000dfe       0x20 /home/sachin/Documents/Vaman/blink/GCC_Project/output/dbg_uart.o
 .text.dbg_memdumpx
                0x0000000000000e1e       0xea /home/sachin/Documents/Vaman/blink/GCC_Project/output/dbg_uart.o
 .text.dbg_str  0x0000000000000f08       0x84 /home/sachin/Documents/Vaman/blink/GCC_Project/output/dbg_uart.o
                0x0000000000000f08                dbg_str
 .text._dbg_str_xxx
                0x0000000000000f8c       0x16 /home/sachin/Documents/Vaman/blink/GCC_Project/output/dbg_uart.o
 .text.dbg_str_hexXX
                0x0000000000000fa2       0x22 /home/sachin/Documents/Vaman/blink/GCC_Project/output/dbg_uart.o
 .text.dbg_int  0x0000000000000fc4       0x24 /home/sachin/Documents/Vaman/blink/GCC_Project/output/dbg_uart.o
                0x0000000000000fc4                dbg_int
 .text.dbg_str_str
                0x0000000000000fe8       0x16 /home/sachin/Documents/Vaman/blink/GCC_Project/output/dbg_uart.o
                0x0000000000000fe8                dbg_str_str
 .text.dbg_str_int
                0x0000000000000ffe       0x16 /home/sachin/Documents/Vaman/blink/GCC_Project/output/dbg_uart.o
                0x0000000000000ffe                dbg_str_int
 .text.dbg_str_hex32
                0x0000000000001014        0xc /home/sachin/Documents/Vaman/blink/GCC_Project/output/dbg_uart.o
                0x0000000000001014                dbg_str_hex32
 .text.dbg_fatal_error
                0x0000000000001020       0x12 /home/sachin/Documents/Vaman/blink/GCC_Project/output/dbg_uart.o
                0x0000000000001020                dbg_fatal_error
 .text.dbg_fatal_error_int
                0x0000000000001032        0xe /home/sachin/Documents/Vaman/blink/GCC_Project/output/dbg_uart.o
                0x0000000000001032                dbg_fatal_error_int
 .text.dbg_memdump32
                0x0000000000001040       0x1e /home/sachin/Documents/Vaman/blink/GCC_Project/output/dbg_uart.o
                0x0000000000001040                dbg_memdump32
 *fill*         0x000000000000105e        0x2 
 .text.HAL_GPIO_Write
                0x0000000000001060       0x28 /home/sachin/Documents/Vaman/blink/GCC_Project/output/eoss3_hal_gpio.o
                0x0000000000001060                HAL_GPIO_Write
 .text.HAL_PAD_Config
                0x0000000000001088      0x190 /home/sachin/Documents/Vaman/blink/GCC_Project/output/eoss3_hal_pad_config.o
                0x0000000000001088                HAL_PAD_Config
 .text.configure_s3_pads
                0x0000000000001218       0x1a /home/sachin/Documents/Vaman/blink/GCC_Project/output/eoss3_hal_pad_config.o
                0x0000000000001218                configure_s3_pads
 *fill*         0x0000000000001232        0x2 
 .text.eoss3_rtc_enable_irq
                0x0000000000001234       0x28 /home/sachin/Documents/Vaman/blink/GCC_Project/output/eoss3_hal_rtc.o
 .text.write_rtc_reg
                0x000000000000125c       0x18 /home/sachin/Documents/Vaman/blink/GCC_Project/output/eoss3_hal_rtc.o
 .text.__rtc_setup_alarm.isra.0
                0x0000000000001274       0x44 /home/sachin/Documents/Vaman/blink/GCC_Project/output/eoss3_hal_rtc.o
 .text.HAL_RTC_ISR
                0x00000000000012b8       0x24 /home/sachin/Documents/Vaman/blink/GCC_Project/output/eoss3_hal_rtc.o
                0x00000000000012b8                HAL_RTC_ISR
 .text.unlock_spi1_bus
                0x00000000000012dc       0x58 /home/sachin/Documents/Vaman/blink/GCC_Project/output/eoss3_hal_spi.o
                0x00000000000012dc                unlock_spi1_bus
 .text.SPI_DMA_Complete
                0x0000000000001334       0x88 /home/sachin/Documents/Vaman/blink/GCC_Project/output/eoss3_hal_spi.o
                0x0000000000001334                SPI_DMA_Complete
 .text.HAL_SPI_IRQHandler
                0x00000000000013bc       0x6c /home/sachin/Documents/Vaman/blink/GCC_Project/output/eoss3_hal_spi.o
                0x00000000000013bc                HAL_SPI_IRQHandler
 .text.HAL_Delay_Init
                0x0000000000001428       0x54 /home/sachin/Documents/Vaman/blink/GCC_Project/output/eoss3_hal_timer.o
                0x0000000000001428                HAL_Delay_Init
 .text.HAL_DelayUSec
                0x000000000000147c       0x28 /home/sachin/Documents/Vaman/blink/GCC_Project/output/eoss3_hal_timer.o
                0x000000000000147c                HAL_DelayUSec
 .text.HAL_Timer_ISR
                0x00000000000014a4       0x88 /home/sachin/Documents/Vaman/blink/GCC_Project/output/eoss3_hal_timer.o
                0x00000000000014a4                HAL_Timer_ISR
 .text.uart_baud_rate
                0x000000000000152c       0x60 /home/sachin/Documents/Vaman/blink/GCC_Project/output/eoss3_hal_uart.o
 .text.is_hw_uart_enabled
                0x000000000000158c       0x20 /home/sachin/Documents/Vaman/blink/GCC_Project/output/eoss3_hal_uart.o
 .text.uart_disable
                0x00000000000015ac       0x1c /home/sachin/Documents/Vaman/blink/GCC_Project/output/eoss3_hal_uart.o
 .text.uart_lpm_callback
                0x00000000000015c8       0x70 /home/sachin/Documents/Vaman/blink/GCC_Project/output/eoss3_hal_uart.o
 .text.uart_init
                0x0000000000001638      0x168 /home/sachin/Documents/Vaman/blink/GCC_Project/output/eoss3_hal_uart.o
                0x0000000000001638                uart_init
 .text.uart_isr_handler
                0x00000000000017a0       0x84 /home/sachin/Documents/Vaman/blink/GCC_Project/output/eoss3_hal_uart.o
                0x00000000000017a0                uart_isr_handler
 .text.uart_tx_raw
                0x0000000000001824       0x38 /home/sachin/Documents/Vaman/blink/GCC_Project/output/eoss3_hal_uart.o
                0x0000000000001824                uart_tx_raw
 .text.uart_tx  0x000000000000185c       0x1c /home/sachin/Documents/Vaman/blink/GCC_Project/output/eoss3_hal_uart.o
                0x000000000000185c                uart_tx
 .text.uart_tx_buf
                0x0000000000001878       0x1a /home/sachin/Documents/Vaman/blink/GCC_Project/output/eoss3_hal_uart.o
                0x0000000000001878                uart_tx_buf
 *fill*         0x0000000000001892        0x2 
 .text.uart_rx_wait
                0x0000000000001894       0x34 /home/sachin/Documents/Vaman/blink/GCC_Project/output/eoss3_hal_uart.o
                0x0000000000001894                uart_rx_wait
 .text.uart_rx_available
                0x00000000000018c8       0x34 /home/sachin/Documents/Vaman/blink/GCC_Project/output/eoss3_hal_uart.o
                0x00000000000018c8                uart_rx_available
 .text.uart_rx  0x00000000000018fc       0x60 /home/sachin/Documents/Vaman/blink/GCC_Project/output/eoss3_hal_uart.o
                0x00000000000018fc                uart_rx
 .text.WDT_ISR  0x000000000000195c       0x8c /home/sachin/Documents/Vaman/blink/GCC_Project/output/eoss3_hal_wdt.o
                0x000000000000195c                WDT_ISR
 .text.spurious_interrupt
                0x00000000000019e8        0xc /home/sachin/Documents/Vaman/blink/GCC_Project/output/exceptions.o
 .text.prvGetRegistersFromStack
                0x00000000000019f4       0xf0 /home/sachin/Documents/Vaman/blink/GCC_Project/output/exceptions.o
                0x00000000000019f4                prvGetRegistersFromStack
 .text.HardFault_Handler
                0x0000000000001ae4       0x16 /home/sachin/Documents/Vaman/blink/GCC_Project/output/exceptions.o
                0x0000000000001ae4                HardFault_Handler
 .text.NMI_Handler
                0x0000000000001afa        0x6 /home/sachin/Documents/Vaman/blink/GCC_Project/output/exceptions.o
                0x0000000000001afa                NMI_Handler
 .text.MemManage_Handler
                0x0000000000001b00        0x6 /home/sachin/Documents/Vaman/blink/GCC_Project/output/exceptions.o
                0x0000000000001b00                MemManage_Handler
 .text.BusFault_Handler
                0x0000000000001b06        0x6 /home/sachin/Documents/Vaman/blink/GCC_Project/output/exceptions.o
                0x0000000000001b06                BusFault_Handler
 .text.UsageFault_Handler
                0x0000000000001b0c        0x6 /home/sachin/Documents/Vaman/blink/GCC_Project/output/exceptions.o
                0x0000000000001b0c                UsageFault_Handler
 .text.DebugMon_Handler
                0x0000000000001b12        0x6 /home/sachin/Documents/Vaman/blink/GCC_Project/output/exceptions.o
                0x0000000000001b12                DebugMon_Handler
 .text.Uart_Handler
                0x0000000000001b18       0x50 /home/sachin/Documents/Vaman/blink/GCC_Project/output/exceptions.o
                0x0000000000001b18                Uart_Handler
 .text.Timer_Handler
                0x0000000000001b68       0x24 /home/sachin/Documents/Vaman/blink/GCC_Project/output/exceptions.o
                0x0000000000001b68                Timer_Handler
 .text.CpuWdtInt_Handler
                0x0000000000001b8c       0x24 /home/sachin/Documents/Vaman/blink/GCC_Project/output/exceptions.o
                0x0000000000001b8c                CpuWdtInt_Handler
 .text.CpuWdtRst_Handler
                0x0000000000001bb0        0x6 /home/sachin/Documents/Vaman/blink/GCC_Project/output/exceptions.o
                0x0000000000001bb0                CpuWdtRst_Handler
 .text.BusTimeout_Handler
                0x0000000000001bb6        0x6 /home/sachin/Documents/Vaman/blink/GCC_Project/output/exceptions.o
                0x0000000000001bb6                BusTimeout_Handler
 .text.Fpu_Handler
                0x0000000000001bbc        0x6 /home/sachin/Documents/Vaman/blink/GCC_Project/output/exceptions.o
                0x0000000000001bbc                Fpu_Handler
 *fill*         0x0000000000001bc2        0x2 
 .text.Pkfb_Handler
                0x0000000000001bc4       0x10 /home/sachin/Documents/Vaman/blink/GCC_Project/output/exceptions.o
                0x0000000000001bc4                Pkfb_Handler
 .text.I2s_Handler
                0x0000000000001bd4        0x6 /home/sachin/Documents/Vaman/blink/GCC_Project/output/exceptions.o
                0x0000000000001bd4                I2s_Handler
 .text.Audio_Handler
                0x0000000000001bda        0x6 /home/sachin/Documents/Vaman/blink/GCC_Project/output/exceptions.o
                0x0000000000001bda                Audio_Handler
 .text.SpiMs_Handler
                0x0000000000001be0       0x5c /home/sachin/Documents/Vaman/blink/GCC_Project/output/exceptions.o
                0x0000000000001be0                SpiMs_Handler
 .text.CfgDma_Handler
                0x0000000000001c3c       0x28 /home/sachin/Documents/Vaman/blink/GCC_Project/output/exceptions.o
                0x0000000000001c3c                CfgDma_Handler
 .text.PmuTimer_Handler
                0x0000000000001c64        0x2 /home/sachin/Documents/Vaman/blink/GCC_Project/output/exceptions.o
                0x0000000000001c64                PmuTimer_Handler
 .text.AdcDone_Handler
                0x0000000000001c66        0x8 /home/sachin/Documents/Vaman/blink/GCC_Project/output/exceptions.o
                0x0000000000001c66                AdcDone_Handler
 *fill*         0x0000000000001c6e        0x2 
 .text.RtcAlarm_Handler
                0x0000000000001c70       0x1c /home/sachin/Documents/Vaman/blink/GCC_Project/output/exceptions.o
                0x0000000000001c70                RtcAlarm_Handler
 .text.ResetInt_Handler
                0x0000000000001c8c        0x8 /home/sachin/Documents/Vaman/blink/GCC_Project/output/exceptions.o
                0x0000000000001c8c                ResetInt_Handler
 .text.Ffe0_Handler
                0x0000000000001c94       0x18 /home/sachin/Documents/Vaman/blink/GCC_Project/output/exceptions.o
                0x0000000000001c94                Ffe0_Handler
 .text.FbMsg_Handler
                0x0000000000001cac       0x6c /home/sachin/Documents/Vaman/blink/GCC_Project/output/exceptions.o
                0x0000000000001cac                FbMsg_Handler
 .text.SensorGpio_Handler
                0x0000000000001d18        0x8 /home/sachin/Documents/Vaman/blink/GCC_Project/output/exceptions.o
                0x0000000000001d18                SensorGpio_Handler
 .text.M4SramSleep_Handler
                0x0000000000001d20        0x8 /home/sachin/Documents/Vaman/blink/GCC_Project/output/exceptions.o
                0x0000000000001d20                M4SramSleep_Handler
 .text.LDO30_PG_Handler
                0x0000000000001d28        0x8 /home/sachin/Documents/Vaman/blink/GCC_Project/output/exceptions.o
                0x0000000000001d28                LDO30_PG_Handler
 .text.LDO50_PG_Handler
                0x0000000000001d30        0x8 /home/sachin/Documents/Vaman/blink/GCC_Project/output/exceptions.o
                0x0000000000001d30                LDO50_PG_Handler
 .text.DMIC_Voice_Det_Handler
                0x0000000000001d38        0x8 /home/sachin/Documents/Vaman/blink/GCC_Project/output/exceptions.o
                0x0000000000001d38                DMIC_Voice_Det_Handler
 .text.ApPDMClkOn_Handler
                0x0000000000001d40        0x8 /home/sachin/Documents/Vaman/blink/GCC_Project/output/exceptions.o
                0x0000000000001d40                ApPDMClkOn_Handler
 .text.ApPDMClkOff_Handler
                0x0000000000001d48        0x8 /home/sachin/Documents/Vaman/blink/GCC_Project/output/exceptions.o
                0x0000000000001d48                ApPDMClkOff_Handler
 .text.Dmac0BlkDone_Handler
                0x0000000000001d50        0x8 /home/sachin/Documents/Vaman/blink/GCC_Project/output/exceptions.o
                0x0000000000001d50                Dmac0BlkDone_Handler
 .text.Dmac0BufDone_Handler
                0x0000000000001d58        0x8 /home/sachin/Documents/Vaman/blink/GCC_Project/output/exceptions.o
                0x0000000000001d58                Dmac0BufDone_Handler
 .text.Dmac1BlkDone_Handler
                0x0000000000001d60        0x8 /home/sachin/Documents/Vaman/blink/GCC_Project/output/exceptions.o
                0x0000000000001d60                Dmac1BlkDone_Handler
 .text.Dmac1BufDone_Handler
                0x0000000000001d68        0x8 /home/sachin/Documents/Vaman/blink/GCC_Project/output/exceptions.o
                0x0000000000001d68                Dmac1BufDone_Handler
 .text.Sdma0Done_Handler
                0x0000000000001d70        0x8 /home/sachin/Documents/Vaman/blink/GCC_Project/output/exceptions.o
                0x0000000000001d70                Sdma0Done_Handler
 .text.Sdma1Done_Handler
                0x0000000000001d78        0x8 /home/sachin/Documents/Vaman/blink/GCC_Project/output/exceptions.o
                0x0000000000001d78                Sdma1Done_Handler
 .text.Sdma2Done_Handler
                0x0000000000001d80        0x8 /home/sachin/Documents/Vaman/blink/GCC_Project/output/exceptions.o
                0x0000000000001d80                Sdma2Done_Handler
 .text.Sdma3Done_Handler
                0x0000000000001d88        0x8 /home/sachin/Documents/Vaman/blink/GCC_Project/output/exceptions.o
                0x0000000000001d88                Sdma3Done_Handler
 .text.Sdma4Done_Handler
                0x0000000000001d90        0x8 /home/sachin/Documents/Vaman/blink/GCC_Project/output/exceptions.o
                0x0000000000001d90                Sdma4Done_Handler
 .text.Sdma5Done_Handler
                0x0000000000001d98        0x8 /home/sachin/Documents/Vaman/blink/GCC_Project/output/exceptions.o
                0x0000000000001d98                Sdma5Done_Handler
 .text.Sdma6Done_Handler
                0x0000000000001da0        0x8 /home/sachin/Documents/Vaman/blink/GCC_Project/output/exceptions.o
                0x0000000000001da0                Sdma6Done_Handler
 .text.Sdma7Done_Handler
                0x0000000000001da8        0x8 /home/sachin/Documents/Vaman/blink/GCC_Project/output/exceptions.o
                0x0000000000001da8                Sdma7Done_Handler
 .text.Sdma8Done_Handler
                0x0000000000001db0        0x8 /home/sachin/Documents/Vaman/blink/GCC_Project/output/exceptions.o
                0x0000000000001db0                Sdma8Done_Handler
 .text.Sdma9Done_Handler
                0x0000000000001db8        0x8 /home/sachin/Documents/Vaman/blink/GCC_Project/output/exceptions.o
                0x0000000000001db8                Sdma9Done_Handler
 .text.Sdma10Done_Handler
                0x0000000000001dc0        0x8 /home/sachin/Documents/Vaman/blink/GCC_Project/output/exceptions.o
                0x0000000000001dc0                Sdma10Done_Handler
 .text.Sdma11Done_Handler
                0x0000000000001dc8        0x8 /home/sachin/Documents/Vaman/blink/GCC_Project/output/exceptions.o
                0x0000000000001dc8                Sdma11Done_Handler
 .text.SdmaErr_Handler
                0x0000000000001dd0        0x8 /home/sachin/Documents/Vaman/blink/GCC_Project/output/exceptions.o
                0x0000000000001dd0                SdmaErr_Handler
 .text.I2S_SlvM4TxOr_Handler
                0x0000000000001dd8        0x8 /home/sachin/Documents/Vaman/blink/GCC_Project/output/exceptions.o
                0x0000000000001dd8                I2S_SlvM4TxOr_Handler
 .text.SRAM_128KB_Handler
                0x0000000000001de0        0x8 /home/sachin/Documents/Vaman/blink/GCC_Project/output/exceptions.o
                0x0000000000001de0                SRAM_128KB_Handler
 .text.LPSD_Voice_Det_Handler
                0x0000000000001de8        0x8 /home/sachin/Documents/Vaman/blink/GCC_Project/output/exceptions.o
                0x0000000000001de8                LPSD_Voice_Det_Handler
 .text.FfeWdt_Handler
                0x0000000000001df0        0x8 /home/sachin/Documents/Vaman/blink/GCC_Project/output/exceptions.o
                0x0000000000001df0                FfeWdt_Handler
 .text.ApBoot_Handler
                0x0000000000001df8        0x8 /home/sachin/Documents/Vaman/blink/GCC_Project/output/exceptions.o
                0x0000000000001df8                ApBoot_Handler
 .text.SwInt2_Handler
                0x0000000000001e00        0x8 /home/sachin/Documents/Vaman/blink/GCC_Project/output/exceptions.o
                0x0000000000001e00                SwInt2_Handler
 .text.SwInt1_Handler
                0x0000000000001e08       0x24 /home/sachin/Documents/Vaman/blink/GCC_Project/output/exceptions.o
                0x0000000000001e08                SwInt1_Handler
 .text.Ffe0Msg_Handler
                0x0000000000001e2c        0x8 /home/sachin/Documents/Vaman/blink/GCC_Project/output/exceptions.o
                0x0000000000001e2c                Ffe0Msg_Handler
 .text.lpsdVoiceOffHandler
                0x0000000000001e34        0x8 /home/sachin/Documents/Vaman/blink/GCC_Project/output/exceptions.o
                0x0000000000001e34                lpsdVoiceOffHandler
 .text.dmicVoiceOffHandler
                0x0000000000001e3c        0x8 /home/sachin/Documents/Vaman/blink/GCC_Project/output/exceptions.o
                0x0000000000001e3c                dmicVoiceOffHandler
 .text.vApplicationMallocFailedHook
                0x0000000000001e44       0x24 /home/sachin/Documents/Vaman/blink/GCC_Project/output/exceptions.o
                0x0000000000001e44                vApplicationMallocFailedHook
 .text.vApplicationStackOverflowHook
                0x0000000000001e68       0x24 /home/sachin/Documents/Vaman/blink/GCC_Project/output/exceptions.o
                0x0000000000001e68                vApplicationStackOverflowHook
 .text.vApplicationTickHook
                0x0000000000001e8c        0x2 /home/sachin/Documents/Vaman/blink/GCC_Project/output/exceptions.o
                0x0000000000001e8c                vApplicationTickHook
 *fill*         0x0000000000001e8e        0x2 
 .text.prvInsertBlockIntoFreeList
                0x0000000000001e90       0x74 /home/sachin/Documents/Vaman/blink/GCC_Project/output/heap_4.o
 .text.pvPortMalloc
                0x0000000000001f04      0x198 /home/sachin/Documents/Vaman/blink/GCC_Project/output/heap_4.o
                0x0000000000001f04                pvPortMalloc
 .text.vPortFree
                0x000000000000209c       0xa0 /home/sachin/Documents/Vaman/blink/GCC_Project/output/heap_4.o
                0x000000000000209c                vPortFree
 .text.vListInitialise
                0x000000000000213c       0x16 /home/sachin/Documents/Vaman/blink/GCC_Project/output/list.o
                0x000000000000213c                vListInitialise
 .text.vListInitialiseItem
                0x0000000000002152        0x6 /home/sachin/Documents/Vaman/blink/GCC_Project/output/list.o
                0x0000000000002152                vListInitialiseItem
 .text.vListInsertEnd
                0x0000000000002158       0x18 /home/sachin/Documents/Vaman/blink/GCC_Project/output/list.o
                0x0000000000002158                vListInsertEnd
 .text.vListInsert
                0x0000000000002170       0x2e /home/sachin/Documents/Vaman/blink/GCC_Project/output/list.o
                0x0000000000002170                vListInsert
 .text.uxListRemove
                0x000000000000219e       0x20 /home/sachin/Documents/Vaman/blink/GCC_Project/output/list.o
                0x000000000000219e                uxListRemove
 .text.SystemInit
                0x00000000000021be        0x2 /home/sachin/Documents/Vaman/blink/GCC_Project/output/main.o
                0x00000000000021be                SystemInit
 .text.PyHal_GPIO_Set
                0x00000000000021c0       0x34 /home/sachin/Documents/Vaman/blink/GCC_Project/output/main.o
                0x00000000000021c0                PyHal_GPIO_Set
 .text.startup.main
                0x00000000000021f4       0xe8 /home/sachin/Documents/Vaman/blink/GCC_Project/output/main.o
                0x00000000000021f4                main
 .text.set_gpio_input
                0x00000000000022dc       0x34 /home/sachin/Documents/Vaman/blink/GCC_Project/output/main_dbg_cli_menu.o
 .text.set_gpio_output
                0x0000000000002310       0x60 /home/sachin/Documents/Vaman/blink/GCC_Project/output/main_dbg_cli_menu.o
 .text.get_gpio_value
                0x0000000000002370       0x50 /home/sachin/Documents/Vaman/blink/GCC_Project/output/main_dbg_cli_menu.o
 .text.prvTaskExitError
                0x00000000000023c0       0x50 /home/sachin/Documents/Vaman/blink/GCC_Project/output/port.o
 .text.pxPortInitialiseStack
                0x0000000000002410       0x2c /home/sachin/Documents/Vaman/blink/GCC_Project/output/port.o
                0x0000000000002410                pxPortInitialiseStack
 *fill*         0x000000000000243c        0x4 
 .text.SVC_Handler
                0x0000000000002440       0x24 /home/sachin/Documents/Vaman/blink/GCC_Project/output/port.o
                0x0000000000002440                SVC_Handler
 .text.vPortEnterCritical
                0x0000000000002464       0x58 /home/sachin/Documents/Vaman/blink/GCC_Project/output/port.o
                0x0000000000002464                vPortEnterCritical
 .text.vPortExitCritical
                0x00000000000024bc       0x3c /home/sachin/Documents/Vaman/blink/GCC_Project/output/port.o
                0x00000000000024bc                vPortExitCritical
 *fill*         0x00000000000024f8        0x8 
 .text.PendSV_Handler
                0x0000000000002500       0x64 /home/sachin/Documents/Vaman/blink/GCC_Project/output/port.o
                0x0000000000002500                PendSV_Handler
 .text.xPortSysTickHandler
                0x0000000000002564       0x2c /home/sachin/Documents/Vaman/blink/GCC_Project/output/port.o
                0x0000000000002564                xPortSysTickHandler
 .text.vPortValidateInterruptPriority
                0x0000000000002590       0x7c /home/sachin/Documents/Vaman/blink/GCC_Project/output/port.o
                0x0000000000002590                vPortValidateInterruptPriority
 .text.system_init
                0x000000000000260c       0x6c /home/sachin/Documents/Vaman/blink/GCC_Project/output/qf_hardwaresetup.o
                0x000000000000260c                system_init
 .text.qf_hardwareSetup
                0x0000000000002678       0x78 /home/sachin/Documents/Vaman/blink/GCC_Project/output/qf_hardwaresetup.o
                0x0000000000002678                qf_hardwareSetup
 .text.prvIsQueueEmpty
                0x00000000000026f0       0x16 /home/sachin/Documents/Vaman/blink/GCC_Project/output/queue.o
 .text.prvCopyDataToQueue
                0x0000000000002706       0x78 /home/sachin/Documents/Vaman/blink/GCC_Project/output/queue.o
 .text.prvCopyDataFromQueue
                0x000000000000277e       0x2c /home/sachin/Documents/Vaman/blink/GCC_Project/output/queue.o
 .text.prvUnlockQueue
                0x00000000000027aa       0x70 /home/sachin/Documents/Vaman/blink/GCC_Project/output/queue.o
 *fill*         0x000000000000281a        0x2 
 .text.xQueueGenericReset
                0x000000000000281c       0x90 /home/sachin/Documents/Vaman/blink/GCC_Project/output/queue.o
                0x000000000000281c                xQueueGenericReset
 .text.xQueueGenericCreate
                0x00000000000028ac       0x74 /home/sachin/Documents/Vaman/blink/GCC_Project/output/queue.o
                0x00000000000028ac                xQueueGenericCreate
 .text.xQueueGenericSend
                0x0000000000002920      0x19c /home/sachin/Documents/Vaman/blink/GCC_Project/output/queue.o
                0x0000000000002920                xQueueGenericSend
 .text.xQueueGenericSendFromISR
                0x0000000000002abc       0xf0 /home/sachin/Documents/Vaman/blink/GCC_Project/output/queue.o
                0x0000000000002abc                xQueueGenericSendFromISR
 .text.xQueueGenericSendFromISRDebug
                0x0000000000002bac       0x30 /home/sachin/Documents/Vaman/blink/GCC_Project/output/queue.o
                0x0000000000002bac                xQueueGenericSendFromISRDebug
 .text.xQueueGiveFromISR
                0x0000000000002bdc       0xdc /home/sachin/Documents/Vaman/blink/GCC_Project/output/queue.o
                0x0000000000002bdc                xQueueGiveFromISR
 .text.xQueueReceive
                0x0000000000002cb8      0x160 /home/sachin/Documents/Vaman/blink/GCC_Project/output/queue.o
                0x0000000000002cb8                xQueueReceive
 .text.xQueueSemaphoreTake
                0x0000000000002e18      0x1b0 /home/sachin/Documents/Vaman/blink/GCC_Project/output/queue.o
                0x0000000000002e18                xQueueSemaphoreTake
 .text.xQueuePeek
                0x0000000000002fc8      0x160 /home/sachin/Documents/Vaman/blink/GCC_Project/output/queue.o
                0x0000000000002fc8                xQueuePeek
 .text.uxQueueMessagesWaiting
                0x0000000000003128       0x3c /home/sachin/Documents/Vaman/blink/GCC_Project/output/queue.o
                0x0000000000003128                uxQueueMessagesWaiting
 .text.vQueueAddToRegistry
                0x0000000000003164       0x24 /home/sachin/Documents/Vaman/blink/GCC_Project/output/queue.o
                0x0000000000003164                vQueueAddToRegistry
 .text.s3x_clkd_write_div
                0x0000000000003188       0xa8 /home/sachin/Documents/Vaman/blink/GCC_Project/output/s3x_clock.o
 .text.s3x_clkd_read_div
                0x0000000000003230       0x44 /home/sachin/Documents/Vaman/blink/GCC_Project/output/s3x_clock.o
 .text.s3x_clkd_cal_div.part.0
                0x0000000000003274       0x30 /home/sachin/Documents/Vaman/blink/GCC_Project/output/s3x_clock.o
 .text.S3x_Id_To_Domain
                0x00000000000032a4       0x1c /home/sachin/Documents/Vaman/blink/GCC_Project/output/s3x_clock.o
                0x00000000000032a4                S3x_Id_To_Domain
 .text.S3x_Clkd_Get_Cpu_Rate
                0x00000000000032c0        0xc /home/sachin/Documents/Vaman/blink/GCC_Project/output/s3x_clock.o
                0x00000000000032c0                S3x_Clkd_Get_Cpu_Rate
 .text.s3x_clkd_update_div_val
                0x00000000000032cc       0x4c /home/sachin/Documents/Vaman/blink/GCC_Project/output/s3x_clock.o
                0x00000000000032cc                s3x_clkd_update_div_val
 .text.s3x_clkd_update_fd_rate
                0x0000000000003318        0xe /home/sachin/Documents/Vaman/blink/GCC_Project/output/s3x_clock.o
                0x0000000000003318                s3x_clkd_update_fd_rate
 *fill*         0x0000000000003326        0x2 
 .text.s3x_clkd_update_sd_div
                0x0000000000003328       0x5c /home/sachin/Documents/Vaman/blink/GCC_Project/output/s3x_clock.o
 .text.s3x_clkd_update_all_src_div
                0x0000000000003384       0xd0 /home/sachin/Documents/Vaman/blink/GCC_Project/output/s3x_clock.o
                0x0000000000003384                s3x_clkd_update_all_src_div
 .text.S3x_Clkd_Get_Hsosc_Rate
                0x0000000000003454       0x34 /home/sachin/Documents/Vaman/blink/GCC_Project/output/s3x_clock.o
                0x0000000000003454                S3x_Clkd_Get_Hsosc_Rate
 .text.S3x_Clkd_Change_Hsosc
                0x0000000000003488       0x70 /home/sachin/Documents/Vaman/blink/GCC_Project/output/s3x_clock.o
                0x0000000000003488                S3x_Clkd_Change_Hsosc
 .text.s3x_clkd_get_src_rate
                0x00000000000034f8       0x12 /home/sachin/Documents/Vaman/blink/GCC_Project/output/s3x_clock.o
                0x00000000000034f8                s3x_clkd_get_src_rate
 *fill*         0x000000000000350a        0x2 
 .text.s3x_clkd_get_div
                0x000000000000350c       0x74 /home/sachin/Documents/Vaman/blink/GCC_Project/output/s3x_clock.o
                0x000000000000350c                s3x_clkd_get_div
 .text.s3x_clkd_srate
                0x0000000000003580      0x158 /home/sachin/Documents/Vaman/blink/GCC_Project/output/s3x_clock.o
 .text.s3x_clkd_grate
                0x00000000000036d8       0x8c /home/sachin/Documents/Vaman/blink/GCC_Project/output/s3x_clock.o
 .text.s3x_clkd_set_src_div_st
                0x0000000000003764       0x4c /home/sachin/Documents/Vaman/blink/GCC_Project/output/s3x_clock.o
 .text.s3x_update_clk_rate
                0x00000000000037b0       0xb0 /home/sachin/Documents/Vaman/blink/GCC_Project/output/s3x_clock.o
                0x00000000000037b0                s3x_update_clk_rate
 .text.s3x_clkd_get_gate_mask_st
                0x0000000000003860       0x16 /home/sachin/Documents/Vaman/blink/GCC_Project/output/s3x_clock.o
                0x0000000000003860                s3x_clkd_get_gate_mask_st
 *fill*         0x0000000000003876        0x2 
 .text.s3x_clkd_set_gate_mask
                0x0000000000003878       0x50 /home/sachin/Documents/Vaman/blink/GCC_Project/output/s3x_clock.o
                0x0000000000003878                s3x_clkd_set_gate_mask
 .text.s3x_clkd_enable_gate
                0x00000000000038c8       0x68 /home/sachin/Documents/Vaman/blink/GCC_Project/output/s3x_clock.o
 .text.s3x_clkd_disable_gate
                0x0000000000003930       0x54 /home/sachin/Documents/Vaman/blink/GCC_Project/output/s3x_clock.o
 .text._S3x_Clk_Enable
                0x0000000000003984       0xb8 /home/sachin/Documents/Vaman/blink/GCC_Project/output/s3x_clock.o
                0x0000000000003984                _S3x_Clk_Enable
 .text._S3x_Clk_Disable
                0x0000000000003a3c       0xc8 /home/sachin/Documents/Vaman/blink/GCC_Project/output/s3x_clock.o
                0x0000000000003a3c                _S3x_Clk_Disable
 .text._S3x_Clk_Get_Status
                0x0000000000003b04       0x2c /home/sachin/Documents/Vaman/blink/GCC_Project/output/s3x_clock.o
                0x0000000000003b04                _S3x_Clk_Get_Status
 .text._S3x_Clk_Get_Rate
                0x0000000000003b30       0x28 /home/sachin/Documents/Vaman/blink/GCC_Project/output/s3x_clock.o
                0x0000000000003b30                _S3x_Clk_Get_Rate
 .text.S3x_Clk_Init
                0x0000000000003b58      0x15c /home/sachin/Documents/Vaman/blink/GCC_Project/output/s3x_clock.o
                0x0000000000003b58                S3x_Clk_Init
 .text.S3x_Clk_Enable
                0x0000000000003cb4        0x4 /home/sachin/Documents/Vaman/blink/GCC_Project/output/s3x_clock_hal.o
                0x0000000000003cb4                S3x_Clk_Enable
 .text.S3x_Clk_Disable
                0x0000000000003cb8        0x4 /home/sachin/Documents/Vaman/blink/GCC_Project/output/s3x_clock_hal.o
                0x0000000000003cb8                S3x_Clk_Disable
 .text.S3x_Clk_Get_Rate
                0x0000000000003cbc        0x4 /home/sachin/Documents/Vaman/blink/GCC_Project/output/s3x_clock_hal.o
                0x0000000000003cbc                S3x_Clk_Get_Rate
 .text.DFS_cpuload
                0x0000000000003cc0       0x4c /home/sachin/Documents/Vaman/blink/GCC_Project/output/s3x_cpuload.o
                0x0000000000003cc0                DFS_cpuload
 .text.DFS_resetsleepticks
                0x0000000000003d0c        0xc /home/sachin/Documents/Vaman/blink/GCC_Project/output/s3x_cpuload.o
                0x0000000000003d0c                DFS_resetsleepticks
 .text.DFS_UpdateTimer
                0x0000000000003d18       0x5c /home/sachin/Documents/Vaman/blink/GCC_Project/output/s3x_dfs.o
 .text.DFS_StartTimer
                0x0000000000003d74       0x88 /home/sachin/Documents/Vaman/blink/GCC_Project/output/s3x_dfs.o
                0x0000000000003d74                DFS_StartTimer
 .text.S3x_Set_Policy
                0x0000000000003dfc      0x108 /home/sachin/Documents/Vaman/blink/GCC_Project/output/s3x_dfs.o
                0x0000000000003dfc                S3x_Set_Policy
 .text.S3x_get_max_rate_dfs_node
                0x0000000000003f04       0x28 /home/sachin/Documents/Vaman/blink/GCC_Project/output/s3x_dfs.o
                0x0000000000003f04                S3x_get_max_rate_dfs_node
 .text.S3x_Stepup_Policy
                0x0000000000003f2c       0x7c /home/sachin/Documents/Vaman/blink/GCC_Project/output/s3x_dfs.o
 .text.DFS_TimerCB
                0x0000000000003fa8        0xe /home/sachin/Documents/Vaman/blink/GCC_Project/output/s3x_dfs.o
 *fill*         0x0000000000003fb6        0x2 
 .text.DFS_Get_Curr_Policy
                0x0000000000003fb8        0xc /home/sachin/Documents/Vaman/blink/GCC_Project/output/s3x_dfs.o
                0x0000000000003fb8                DFS_Get_Curr_Policy
 .text.DFS_Initialize
                0x0000000000003fc4       0x14 /home/sachin/Documents/Vaman/blink/GCC_Project/output/s3x_dfs.o
                0x0000000000003fc4                DFS_Initialize
 .text.S3x_Register_Lpm_Cb
                0x0000000000003fd8       0x40 /home/sachin/Documents/Vaman/blink/GCC_Project/output/s3x_lpm.o
                0x0000000000003fd8                S3x_Register_Lpm_Cb
 .text.s3x_setup_systick_interrupt
                0x0000000000004018       0x54 /home/sachin/Documents/Vaman/blink/GCC_Project/output/s3x_lpm.o
                0x0000000000004018                s3x_setup_systick_interrupt
 .text.SysTick_Handler
                0x000000000000406c       0x12 /home/sachin/Documents/Vaman/blink/GCC_Project/output/s3x_lpm.o
                0x000000000000406c                SysTick_Handler
 *fill*         0x000000000000407e        0x2 
 .text.s3x_get_pi
                0x0000000000004080       0x20 /home/sachin/Documents/Vaman/blink/GCC_Project/output/s3x_pi.o
                0x0000000000004080                s3x_get_pi
 .text.s3x_get_pi_gindex
                0x00000000000040a0       0x14 /home/sachin/Documents/Vaman/blink/GCC_Project/output/s3x_pi.o
                0x00000000000040a0                s3x_get_pi_gindex
 .text.s3x_pi_get_st
                0x00000000000040b4       0x24 /home/sachin/Documents/Vaman/blink/GCC_Project/output/s3x_pi.o
                0x00000000000040b4                s3x_pi_get_st
 .text.s3x_pi_set_cfg_st
                0x00000000000040d8       0x94 /home/sachin/Documents/Vaman/blink/GCC_Project/output/s3x_pi.o
                0x00000000000040d8                s3x_pi_set_cfg_st
 .text.s3x_pi_set_active_st
                0x000000000000416c       0xa8 /home/sachin/Documents/Vaman/blink/GCC_Project/output/s3x_pi.o
                0x000000000000416c                s3x_pi_set_active_st
 .text.s3x_pi_get_clkg_st
                0x0000000000004214       0x36 /home/sachin/Documents/Vaman/blink/GCC_Project/output/s3x_pi.o
                0x0000000000004214                s3x_pi_get_clkg_st
 .text.s3x_pi_set_clkg_st
                0x000000000000424a       0x26 /home/sachin/Documents/Vaman/blink/GCC_Project/output/s3x_pi.o
                0x000000000000424a                s3x_pi_set_clkg_st
 .text.s3x_set_pi_state
                0x0000000000004270        0xc /home/sachin/Documents/Vaman/blink/GCC_Project/output/s3x_pi.o
                0x0000000000004270                s3x_set_pi_state
 .text.s3x_get_pi_init_state
                0x000000000000427c       0x18 /home/sachin/Documents/Vaman/blink/GCC_Project/output/s3x_pi.o
                0x000000000000427c                s3x_get_pi_init_state
 .text.S3x_pi_init
                0x0000000000004294       0x20 /home/sachin/Documents/Vaman/blink/GCC_Project/output/s3x_pi.o
                0x0000000000004294                S3x_pi_init
 .text.S3x_pwrcfg_init
                0x00000000000042b4       0x2c /home/sachin/Documents/Vaman/blink/GCC_Project/output/s3x_pwrcfg.o
                0x00000000000042b4                S3x_pwrcfg_init
 .text.S3x_get_qos_rate
                0x00000000000042e0       0x38 /home/sachin/Documents/Vaman/blink/GCC_Project/output/s3x_qos.o
                0x00000000000042e0                S3x_get_qos_rate
 .text.save_assert_info
                0x0000000000004318       0x74 /home/sachin/Documents/Vaman/blink/GCC_Project/output/sec_debug.o
                0x0000000000004318                save_assert_info
 .text.invoke_soft_fault
                0x000000000000438c       0x20 /home/sachin/Documents/Vaman/blink/GCC_Project/output/sec_debug.o
                0x000000000000438c                invoke_soft_fault
 .text.Reset_Handler
                0x00000000000043ac       0x2c /home/sachin/Documents/Vaman/blink/GCC_Project/output/startup_EOSS3B_GCC.o
                0x00000000000043ac                Reset_Handler
 .text.__semihost_call
                0x00000000000043d8        0x6 /home/sachin/Documents/Vaman/blink/GCC_Project/output/startup_EOSS3B_GCC.o
                0x00000000000043d8                __semihost_call
 *fill*         0x00000000000043de        0x2 
 .text.prvResetNextTaskUnblockTime
                0x00000000000043e0       0x24 /home/sachin/Documents/Vaman/blink/GCC_Project/output/tasks.o
 .text.prvAddCurrentTaskToDelayedList
                0x0000000000004404       0x8c /home/sachin/Documents/Vaman/blink/GCC_Project/output/tasks.o
 .text.xTaskCreate
                0x0000000000004490      0x1e0 /home/sachin/Documents/Vaman/blink/GCC_Project/output/tasks.o
                0x0000000000004490                xTaskCreate
 .text.vTaskSuspendAll
                0x0000000000004670       0x10 /home/sachin/Documents/Vaman/blink/GCC_Project/output/tasks.o
                0x0000000000004670                vTaskSuspendAll
 .text.xTaskGetTickCount
                0x0000000000004680        0xc /home/sachin/Documents/Vaman/blink/GCC_Project/output/tasks.o
                0x0000000000004680                xTaskGetTickCount
 .text.xTaskIncrementTick
                0x000000000000468c      0x14c /home/sachin/Documents/Vaman/blink/GCC_Project/output/tasks.o
                0x000000000000468c                xTaskIncrementTick
 .text.xTaskResumeAll
                0x00000000000047d8      0x100 /home/sachin/Documents/Vaman/blink/GCC_Project/output/tasks.o
                0x00000000000047d8                xTaskResumeAll
 .text.vTaskDelay
                0x00000000000048d8       0x60 /home/sachin/Documents/Vaman/blink/GCC_Project/output/tasks.o
                0x00000000000048d8                vTaskDelay
 .text.vTaskSwitchContext
                0x0000000000004938       0xb8 /home/sachin/Documents/Vaman/blink/GCC_Project/output/tasks.o
                0x0000000000004938                vTaskSwitchContext
 .text.vTaskPlaceOnEventList
                0x00000000000049f0       0x48 /home/sachin/Documents/Vaman/blink/GCC_Project/output/tasks.o
                0x00000000000049f0                vTaskPlaceOnEventList
 .text.xTaskRemoveFromEventList
                0x0000000000004a38       0x9c /home/sachin/Documents/Vaman/blink/GCC_Project/output/tasks.o
                0x0000000000004a38                xTaskRemoveFromEventList
 .text.vTaskInternalSetTimeOutState
                0x0000000000004ad4       0x18 /home/sachin/Documents/Vaman/blink/GCC_Project/output/tasks.o
                0x0000000000004ad4                vTaskInternalSetTimeOutState
 .text.xTaskCheckForTimeOut
                0x0000000000004aec       0x94 /home/sachin/Documents/Vaman/blink/GCC_Project/output/tasks.o
                0x0000000000004aec                xTaskCheckForTimeOut
 .text.vTaskMissedYield
                0x0000000000004b80        0xc /home/sachin/Documents/Vaman/blink/GCC_Project/output/tasks.o
                0x0000000000004b80                vTaskMissedYield
 .text.uxTaskGetTCBNumber
                0x0000000000004b8c       0x14 /home/sachin/Documents/Vaman/blink/GCC_Project/output/tasks.o
                0x0000000000004b8c                uxTaskGetTCBNumber
 .text.xTaskGetCurrentTaskHandle
                0x0000000000004ba0        0xc /home/sachin/Documents/Vaman/blink/GCC_Project/output/tasks.o
                0x0000000000004ba0                xTaskGetCurrentTaskHandle
 .text.xTaskGetSchedulerState
                0x0000000000004bac       0x20 /home/sachin/Documents/Vaman/blink/GCC_Project/output/tasks.o
                0x0000000000004bac                xTaskGetSchedulerState
 .text.xTaskPriorityInherit
                0x0000000000004bcc       0xa8 /home/sachin/Documents/Vaman/blink/GCC_Project/output/tasks.o
                0x0000000000004bcc                xTaskPriorityInherit
 .text.xTaskPriorityDisinherit
                0x0000000000004c74       0xc4 /home/sachin/Documents/Vaman/blink/GCC_Project/output/tasks.o
                0x0000000000004c74                xTaskPriorityDisinherit
 .text.vTaskPriorityDisinheritAfterTimeout
                0x0000000000004d38       0xd8 /home/sachin/Documents/Vaman/blink/GCC_Project/output/tasks.o
                0x0000000000004d38                vTaskPriorityDisinheritAfterTimeout
 .text.pvTaskIncrementMutexHeldCount
                0x0000000000004e10       0x18 /home/sachin/Documents/Vaman/blink/GCC_Project/output/tasks.o
                0x0000000000004e10                pvTaskIncrementMutexHeldCount
 .text.prvCheckForValidListAndQueue
                0x0000000000004e28       0x58 /home/sachin/Documents/Vaman/blink/GCC_Project/output/timers.o
 .text.xTimerCreate
                0x0000000000004e80       0x58 /home/sachin/Documents/Vaman/blink/GCC_Project/output/timers.o
                0x0000000000004e80                xTimerCreate
 .text.xTimerGenericCommand
                0x0000000000004ed8       0x70 /home/sachin/Documents/Vaman/blink/GCC_Project/output/timers.o
                0x0000000000004ed8                xTimerGenericCommand
 .text          0x0000000000004f48       0x30 /usr/lib/gcc/arm-none-eabi/9.2.1/thumb/v7e-m+fp/hard/libgcc.a(_aeabi_uldivmod.o)
                0x0000000000004f48                __aeabi_uldivmod
 .text          0x0000000000004f78      0x2c4 /usr/lib/gcc/arm-none-eabi/9.2.1/thumb/v7e-m+fp/hard/libgcc.a(_udivmoddi4.o)
                0x0000000000004f78                __udivmoddi4
 .text          0x000000000000523c        0x4 /usr/lib/gcc/arm-none-eabi/9.2.1/thumb/v7e-m+fp/hard/libgcc.a(_dvmd_tls.o)
                0x000000000000523c                __aeabi_ldiv0
                0x000000000000523c                __aeabi_idiv0
 .text          0x0000000000005240        0xc /usr/lib/gcc/arm-none-eabi/9.2.1/../../../arm-none-eabi/lib/thumb/v7e-m+fp/hard/libg_nano.a(lib_a-atexit.o)
                0x0000000000005240                atexit
 .text          0x000000000000524c       0x28 /usr/lib/gcc/arm-none-eabi/9.2.1/../../../arm-none-eabi/lib/thumb/v7e-m+fp/hard/libg_nano.a(lib_a-exit.o)
                0x000000000000524c                exit
 .text          0x0000000000005274       0x34 /usr/lib/gcc/arm-none-eabi/9.2.1/../../../arm-none-eabi/lib/thumb/v7e-m+fp/hard/libg_nano.a(lib_a-fini.o)
                0x0000000000005274                __libc_fini_array
 .text          0x00000000000052a8       0x48 /usr/lib/gcc/arm-none-eabi/9.2.1/../../../arm-none-eabi/lib/thumb/v7e-m+fp/hard/libg_nano.a(lib_a-init.o)
                0x00000000000052a8                __libc_init_array
 .text          0x00000000000052f0       0x20 /usr/lib/gcc/arm-none-eabi/9.2.1/../../../arm-none-eabi/lib/thumb/v7e-m+fp/hard/libg_nano.a(lib_a-malloc.o)
                0x00000000000052f0                malloc
                0x0000000000005300                free
 .text          0x0000000000005310      0x134 /usr/lib/gcc/arm-none-eabi/9.2.1/../../../arm-none-eabi/lib/thumb/v7e-m+fp/hard/libg_nano.a(lib_a-memcpy.o)
                0x0000000000005310                memcpy
 .text          0x0000000000005444       0xa0 /usr/lib/gcc/arm-none-eabi/9.2.1/../../../arm-none-eabi/lib/thumb/v7e-m+fp/hard/libg_nano.a(lib_a-memset.o)
                0x0000000000005444                memset
 .text          0x00000000000054e4       0xac /usr/lib/gcc/arm-none-eabi/9.2.1/../../../arm-none-eabi/lib/thumb/v7e-m+fp/hard/libg_nano.a(lib_a-nano-freer.o)
                0x00000000000054e4                _free_r
 .text          0x0000000000005590       0xc8 /usr/lib/gcc/arm-none-eabi/9.2.1/../../../arm-none-eabi/lib/thumb/v7e-m+fp/hard/libg_nano.a(lib_a-nano-mallocr.o)
                0x0000000000005590                _malloc_r
 .text          0x0000000000005658       0x68 /usr/lib/gcc/arm-none-eabi/9.2.1/../../../arm-none-eabi/lib/thumb/v7e-m+fp/hard/libg_nano.a(lib_a-printf.o)
                0x0000000000005658                _printf_r
                0x0000000000005658                _iprintf_r
                0x0000000000005688                printf
                0x0000000000005688                iprintf
 .text          0x00000000000056c0       0xe8 /usr/lib/gcc/arm-none-eabi/9.2.1/../../../arm-none-eabi/lib/thumb/v7e-m+fp/hard/libg_nano.a(lib_a-puts.o)
                0x00000000000056c0                _puts_r
                0x0000000000005798                puts
 .text          0x00000000000057a8       0x24 /usr/lib/gcc/arm-none-eabi/9.2.1/../../../arm-none-eabi/lib/thumb/v7e-m+fp/hard/libg_nano.a(lib_a-sbrkr.o)
                0x00000000000057a8                _sbrk_r
 .text          0x00000000000057cc       0x1c /usr/lib/gcc/arm-none-eabi/9.2.1/../../../arm-none-eabi/lib/thumb/v7e-m+fp/hard/libg_nano.a(lib_a-setjmp.o)
                0x00000000000057cc                setjmp
                0x00000000000057d8                longjmp
 .text          0x00000000000057e8      0x110 /usr/lib/gcc/arm-none-eabi/9.2.1/../../../arm-none-eabi/lib/thumb/v7e-m+fp/hard/libg_nano.a(lib_a-snprintf.o)
                0x00000000000057e8                _sniprintf_r
                0x00000000000057e8                _snprintf_r
                0x000000000000586c                snprintf
                0x000000000000586c                sniprintf
 .text          0x00000000000058f8       0x80 /usr/lib/gcc/arm-none-eabi/9.2.1/../../../arm-none-eabi/lib/thumb/v7e-m+fp/hard/libg_nano.a(lib_a-sprintf.o)
                0x00000000000058f8                _siprintf_r
                0x00000000000058f8                _sprintf_r
                0x0000000000005934                sprintf
                0x0000000000005934                siprintf
 .text          0x0000000000005978       0xc8 /usr/lib/gcc/arm-none-eabi/9.2.1/../../../arm-none-eabi/lib/thumb/v7e-m+fp/hard/libg_nano.a(lib_a-strchr.o)
                0x0000000000005978                strchr
 .text          0x0000000000005a40      0x2dc /usr/lib/gcc/arm-none-eabi/9.2.1/../../../arm-none-eabi/lib/thumb/v7e-m+fp/hard/libg_nano.a(lib_a-strcmp.o)
                0x0000000000005a48                strcmp
 .text          0x0000000000005d1c       0xbc /usr/lib/gcc/arm-none-eabi/9.2.1/../../../arm-none-eabi/lib/thumb/v7e-m+fp/hard/libg_nano.a(lib_a-strcpy.o)
                0x0000000000005d1c                strcpy
 *fill*         0x0000000000005dd8       0x28 
 .text          0x0000000000005e00       0xdc /usr/lib/gcc/arm-none-eabi/9.2.1/../../../arm-none-eabi/lib/thumb/v7e-m+fp/hard/libg_nano.a(lib_a-strlen.o)
                0x0000000000005e00                strlen
 .text          0x0000000000005edc       0x74 /usr/lib/gcc/arm-none-eabi/9.2.1/../../../arm-none-eabi/lib/thumb/v7e-m+fp/hard/libg_nano.a(lib_a-strncpy.o)
                0x0000000000005edc                strncpy
 .text          0x0000000000005f50       0x24 /usr/lib/gcc/arm-none-eabi/9.2.1/../../../arm-none-eabi/lib/thumb/v7e-m+fp/hard/libg_nano.a(lib_a-strrchr.o)
                0x0000000000005f50                strrchr
 .text          0x0000000000005f74       0x70 /usr/lib/gcc/arm-none-eabi/9.2.1/../../../arm-none-eabi/lib/thumb/v7e-m+fp/hard/libg_nano.a(lib_a-strtok_r.o)
                0x0000000000005f74                __strtok_r
                0x0000000000005fdc                strtok_r
 .text          0x0000000000005fe4      0x1c4 /usr/lib/gcc/arm-none-eabi/9.2.1/../../../arm-none-eabi/lib/thumb/v7e-m+fp/hard/libg_nano.a(lib_a-strtoll.o)
                0x0000000000006174                _strtoll_r
                0x0000000000006178                strtoll_l
                0x0000000000006190                strtoll
 .text          0x00000000000061a8      0x1f8 /usr/lib/gcc/arm-none-eabi/9.2.1/../../../arm-none-eabi/lib/thumb/v7e-m+fp/hard/libg_nano.a(lib_a-strtoull.o)
                0x000000000000636c                _strtoull_r
                0x0000000000006370                strtoull_l
                0x0000000000006388                strtoull
 .text          0x00000000000063a0       0x88 /usr/lib/gcc/arm-none-eabi/9.2.1/../../../arm-none-eabi/lib/thumb/v7e-m+fp/hard/libg_nano.a(lib_a-vsnprintf.o)
                0x00000000000063a0                _vsnprintf_r
                0x00000000000063a0                _vsniprintf_r
                0x000000000000640c                vsnprintf
                0x000000000000640c                vsniprintf
 .text          0x0000000000006428       0xc0 /usr/lib/gcc/arm-none-eabi/9.2.1/../../../arm-none-eabi/lib/thumb/v7e-m+fp/hard/libg_nano.a(lib_a-wbuf.o)
                0x0000000000006428                __swbuf_r
                0x00000000000064d8                __swbuf
 .text          0x00000000000064e8      0x100 /usr/lib/gcc/arm-none-eabi/9.2.1/../../../arm-none-eabi/lib/thumb/v7e-m+fp/hard/libg_nano.a(lib_a-wsetup.o)
                0x00000000000064e8                __swsetup_r
 .text          0x00000000000065e8       0xa0 /usr/lib/gcc/arm-none-eabi/9.2.1/../../../arm-none-eabi/lib/thumb/v7e-m+fp/hard/libg_nano.a(lib_a-__atexit.o)
                0x00000000000065e8                __register_exitproc
 .text          0x0000000000006688       0x9c /usr/lib/gcc/arm-none-eabi/9.2.1/../../../arm-none-eabi/lib/thumb/v7e-m+fp/hard/libg_nano.a(lib_a-__call_atexit.o)
                0x0000000000006688                __call_exitprocs
 .text          0x0000000000006724      0x1b0 /usr/lib/gcc/arm-none-eabi/9.2.1/../../../arm-none-eabi/lib/thumb/v7e-m+fp/hard/libg_nano.a(lib_a-fflush.o)
                0x0000000000006724                __sflush_r
                0x0000000000006850                _fflush_r
                0x00000000000068b0                fflush
 .text          0x00000000000068d4      0x210 /usr/lib/gcc/arm-none-eabi/9.2.1/../../../arm-none-eabi/lib/thumb/v7e-m+fp/hard/libg_nano.a(lib_a-findfp.o)
                0x00000000000068d8                _cleanup_r
                0x00000000000068e8                __sfmoreglue
                0x0000000000006918                __sfp
                0x0000000000006a90                _cleanup
                0x0000000000006aa4                __sinit
                0x0000000000006aac                __sfp_lock_acquire
                0x0000000000006ab0                __sfp_lock_release
                0x0000000000006ab4                __sinit_lock_acquire
                0x0000000000006ab8                __sinit_lock_release
                0x0000000000006abc                __fp_lock_all
                0x0000000000006ad0                __fp_unlock_all
 .text          0x0000000000006ae4       0xa0 /usr/lib/gcc/arm-none-eabi/9.2.1/../../../arm-none-eabi/lib/thumb/v7e-m+fp/hard/libg_nano.a(lib_a-fwalk.o)
                0x0000000000006ae4                _fwalk
                0x0000000000006b30                _fwalk_reent
 .text          0x0000000000006b84       0xf0 /usr/lib/gcc/arm-none-eabi/9.2.1/../../../arm-none-eabi/lib/thumb/v7e-m+fp/hard/libg_nano.a(lib_a-makebuf.o)
                0x0000000000006b84                __swhatbuf_r
                0x0000000000006be0                __smakebuf_r
 .text          0x0000000000006c74        0x8 /usr/lib/gcc/arm-none-eabi/9.2.1/../../../arm-none-eabi/lib/thumb/v7e-m+fp/hard/libg_nano.a(lib_a-mlock.o)
                0x0000000000006c74                __malloc_lock
                0x0000000000006c78                __malloc_unlock
 .text          0x0000000000006c7c      0x42c /usr/lib/gcc/arm-none-eabi/9.2.1/../../../arm-none-eabi/lib/thumb/v7e-m+fp/hard/libg_nano.a(lib_a-nano-svfprintf.o)
                0x0000000000006c7c                __ssputs_r
                0x0000000000006d3c                __ssprint_r
                0x0000000000006e34                _svfprintf_r
                0x0000000000006e34                _svfiprintf_r
 .text          0x00000000000070a8      0x364 /usr/lib/gcc/arm-none-eabi/9.2.1/../../../arm-none-eabi/lib/thumb/v7e-m+fp/hard/libg_nano.a(lib_a-nano-vfprintf.o)
                0x00000000000070e4                __sfputs_r
                0x0000000000007114                __sprint_r
                0x0000000000007130                _vfiprintf_r
                0x0000000000007130                _vfprintf_r
                0x00000000000073f4                vfiprintf
                0x00000000000073f4                vfprintf
 .text          0x000000000000740c      0x3c4 /usr/lib/gcc/arm-none-eabi/9.2.1/../../../arm-none-eabi/lib/thumb/v7e-m+fp/hard/libg_nano.a(lib_a-nano-vfprintf_i.o)
                0x000000000000740c                _printf_common
                0x0000000000007538                _printf_i
 .text          0x00000000000077d0       0x90 /usr/lib/gcc/arm-none-eabi/9.2.1/../../../arm-none-eabi/lib/thumb/v7e-m+fp/hard/libg_nano.a(lib_a-stdio.o)
                0x00000000000077d0                __sread
                0x00000000000077f4                __seofread
                0x00000000000077f8                __swrite
                0x0000000000007838                __sseek
                0x0000000000007858                __sclose
 .text          0x0000000000007860       0x2c /usr/lib/gcc/arm-none-eabi/9.2.1/../../../arm-none-eabi/lib/thumb/v7e-m+fp/hard/libg_nano.a(lib_a-writer.o)
                0x0000000000007860                _write_r
 .text          0x000000000000788c       0x24 /usr/lib/gcc/arm-none-eabi/9.2.1/../../../arm-none-eabi/lib/thumb/v7e-m+fp/hard/libg_nano.a(lib_a-closer.o)
                0x000000000000788c                _close_r
 .text          0x00000000000078b0       0x28 /usr/lib/gcc/arm-none-eabi/9.2.1/../../../arm-none-eabi/lib/thumb/v7e-m+fp/hard/libg_nano.a(lib_a-fstatr.o)
                0x00000000000078b0                _fstat_r
 .text          0x00000000000078d8      0x308 /usr/lib/gcc/arm-none-eabi/9.2.1/../../../arm-none-eabi/lib/thumb/v7e-m+fp/hard/libg_nano.a(lib_a-fvwrite.o)
                0x00000000000078d8                __sfvwrite_r
 .text          0x0000000000007be0       0x24 /usr/lib/gcc/arm-none-eabi/9.2.1/../../../arm-none-eabi/lib/thumb/v7e-m+fp/hard/libg_nano.a(lib_a-isattyr.o)
                0x0000000000007be0                _isatty_r
 .text          0x0000000000007c04       0x2c /usr/lib/gcc/arm-none-eabi/9.2.1/../../../arm-none-eabi/lib/thumb/v7e-m+fp/hard/libg_nano.a(lib_a-lseekr.o)
                0x0000000000007c04                _lseek_r
 .text          0x0000000000007c30       0xa0 /usr/lib/gcc/arm-none-eabi/9.2.1/../../../arm-none-eabi/lib/thumb/v7e-m+fp/hard/libg_nano.a(lib_a-memchr.o)
                0x0000000000007c30                memchr
 .text          0x0000000000007cd0       0xd0 /usr/lib/gcc/arm-none-eabi/9.2.1/../../../arm-none-eabi/lib/thumb/v7e-m+fp/hard/libg_nano.a(lib_a-memmove.o)
                0x0000000000007cd0                memmove
 .text          0x0000000000007da0       0x4c /usr/lib/gcc/arm-none-eabi/9.2.1/../../../arm-none-eabi/lib/thumb/v7e-m+fp/hard/libg_nano.a(lib_a-nano-reallocr.o)
                0x0000000000007da0                _realloc_r
 .text          0x0000000000007dec       0x2c /usr/lib/gcc/arm-none-eabi/9.2.1/../../../arm-none-eabi/lib/thumb/v7e-m+fp/hard/libg_nano.a(lib_a-readr.o)
                0x0000000000007dec                _read_r
 .text          0x0000000000007e18       0x10 /usr/lib/gcc/arm-none-eabi/9.2.1/../../../arm-none-eabi/lib/thumb/v7e-m+fp/hard/libg_nano.a(lib_a-nano-msizer.o)
                0x0000000000007e18                _malloc_usable_size_r
 .text          0x0000000000007e28       0x10 /usr/lib/gcc/arm-none-eabi/9.2.1/../../../arm-none-eabi/lib/thumb/v7e-m+fp/hard/libnosys.a(fstat.o)
                0x0000000000007e28                _fstat
 .text          0x0000000000007e38       0x10 /usr/lib/gcc/arm-none-eabi/9.2.1/../../../arm-none-eabi/lib/thumb/v7e-m+fp/hard/libnosys.a(isatty.o)
                0x0000000000007e38                _isatty
 .text          0x0000000000007e48       0x1c /usr/lib/gcc/arm-none-eabi/9.2.1/../../../arm-none-eabi/lib/thumb/v7e-m+fp/hard/libnosys.a(sbrk.o)
                0x0000000000007e48                _sbrk
 .text          0x0000000000007e64        0x4 /usr/lib/gcc/arm-none-eabi/9.2.1/../../../arm-none-eabi/lib/thumb/v7e-m+fp/hard/libnosys.a(_exit.o)
                0x0000000000007e64                _exit
 *(.init)
 .init          0x0000000000007e68        0x4 /usr/lib/gcc/arm-none-eabi/9.2.1/thumb/v7e-m+fp/hard/crti.o
                0x0000000000007e68                _init
 .init          0x0000000000007e6c        0x8 /usr/lib/gcc/arm-none-eabi/9.2.1/thumb/v7e-m+fp/hard/crtn.o
 *(.fini)
 .fini          0x0000000000007e74        0x4 /usr/lib/gcc/arm-none-eabi/9.2.1/thumb/v7e-m+fp/hard/crti.o
                0x0000000000007e74                _fini
 .fini          0x0000000000007e78        0x8 /usr/lib/gcc/arm-none-eabi/9.2.1/thumb/v7e-m+fp/hard/crtn.o
 *crtbegin.o(.ctors)
 *crtbegin?.o(.ctors)
 *(EXCLUDE_FILE(*crtend.o *crtend?.o) .ctors)
 *(SORT_BY_NAME(.ctors.*))
 *(.ctors)
 *crtbegin.o(.dtors)
 *crtbegin?.o(.dtors)
 *(EXCLUDE_FILE(*crtend.o *crtend?.o) .dtors)
 *(SORT_BY_NAME(.dtors.*))
 *(.dtors)
 *(.rodata*)
 .rodata.CLI_string_ptr_get_subcmd.str1.1
                0x0000000000007e80        0xc /home/sachin/Documents/Vaman/blink/GCC_Project/output/cli_args.o
 .rodata.CLI_numX_getshow_X.str1.1
                0x0000000000007e8c       0x23 /home/sachin/Documents/Vaman/blink/GCC_Project/output/cli_args.o
 .rodata.handle_help.str1.1
                0x0000000000007eaf       0x2e /home/sachin/Documents/Vaman/blink/GCC_Project/output/cli_loop.o
                                         0x33 (size before relaxing)
 .rodata.CLI_cmd_stack_push.str1.1
                0x0000000000007edd       0x1a /home/sachin/Documents/Vaman/blink/GCC_Project/output/cli_loop.o
 .rodata.CLI_cmd_stack_pop.str1.1
                0x0000000000007ef7       0x16 /home/sachin/Documents/Vaman/blink/GCC_Project/output/cli_loop.o
 .rodata.handle_exit.str1.1
                0x0000000000007f0d        0xa /home/sachin/Documents/Vaman/blink/GCC_Project/output/cli_loop.o
 .rodata.CLI_print_prompt.str1.1
                0x0000000000007f17        0xd /home/sachin/Documents/Vaman/blink/GCC_Project/output/cli_loop.o
 .rodata.CLI_dispatch_subcmd.str1.1
                0x0000000000007f24       0x2a /home/sachin/Documents/Vaman/blink/GCC_Project/output/cli_loop.o
 .rodata.CLI_dispatch.str1.1
                0x0000000000007f4e       0x21 /home/sachin/Documents/Vaman/blink/GCC_Project/output/cli_loop.o
 .rodata.CLI_verror.str1.1
                0x0000000000007f6f        0x8 /home/sachin/Documents/Vaman/blink/GCC_Project/output/cli_loop.o
 .rodata.CLI_rx_byte.str1.1
                0x0000000000007f77        0x9 /home/sachin/Documents/Vaman/blink/GCC_Project/output/cli_loop.o
 .rodata.str1.1
                0x0000000000007f80       0x21 /home/sachin/Documents/Vaman/blink/GCC_Project/output/cli_loop.o
                                         0x26 (size before relaxing)
 .rodata._backspace.7310
                0x0000000000007fa1        0x4 /home/sachin/Documents/Vaman/blink/GCC_Project/output/cli_loop.o
 *fill*         0x0000000000007fa5        0x3 
 .rodata.std_cmds
                0x0000000000007fa8       0x40 /home/sachin/Documents/Vaman/blink/GCC_Project/output/cli_loop.o
 .rodata.CLI_error_missing_parameter.str1.1
                0x0000000000007fe8        0xd /home/sachin/Documents/Vaman/blink/GCC_Project/output/cli_misc.o
 .rodata.CLI_error_not_a_number.str1.1
                0x0000000000007ff5       0x17 /home/sachin/Documents/Vaman/blink/GCC_Project/output/cli_misc.o
 .rodata.CLI_task.str1.1
                0x000000000000800c       0x42 /home/sachin/Documents/Vaman/blink/GCC_Project/output/cli_platform.o
 .rodata.CLI_start_task.str1.1
                0x000000000000804e       0x4c /home/sachin/Documents/Vaman/blink/GCC_Project/output/cli_platform.o
 .rodata.dbg_str.str1.1
                0x000000000000809a        0x3 /home/sachin/Documents/Vaman/blink/GCC_Project/output/dbg_uart.o
 .rodata._colon_tt.8565
                0x000000000000809d        0x4 /home/sachin/Documents/Vaman/blink/GCC_Project/output/dbg_uart.o
 .rodata.HAL_PAD_Config.str1.1
                0x00000000000080a1       0x46 /home/sachin/Documents/Vaman/blink/GCC_Project/output/eoss3_hal_pad_config.o
 .rodata.IO_INPUT_PAD_SEL
                0x00000000000080e7       0x10 /home/sachin/Documents/Vaman/blink/GCC_Project/output/eoss3_hal_pad_config.o
                0x00000000000080e7                IO_INPUT_PAD_SEL
 .rodata.SEL_EXT_PAD_REGS
                0x00000000000080f7      0x160 /home/sachin/Documents/Vaman/blink/GCC_Project/output/eoss3_hal_pad_config.o
                0x00000000000080f7                SEL_EXT_PAD_REGS
 .rodata.unlock_spi1_bus.str1.1
                0x0000000000008257       0x36 /home/sachin/Documents/Vaman/blink/GCC_Project/output/eoss3_hal_spi.o
 .rodata.SendEventToTimerThread.str1.1
                0x000000000000828d       0x82 /home/sachin/Documents/Vaman/blink/GCC_Project/output/eoss3_hal_timer.o
 .rodata.HAL_Timer_ISR.str1.1
                0x000000000000830f       0x20 /home/sachin/Documents/Vaman/blink/GCC_Project/output/eoss3_hal_timer.o
 .rodata.__FUNCTION__.9326
                0x000000000000832f        0xe /home/sachin/Documents/Vaman/blink/GCC_Project/output/eoss3_hal_timer.o
 .rodata.uart_init.str1.1
                0x000000000000833d        0xc /home/sachin/Documents/Vaman/blink/GCC_Project/output/eoss3_hal_uart.o
 *fill*         0x0000000000008349        0x3 
 .rodata.CSWTCH.25
                0x000000000000834c       0x28 /home/sachin/Documents/Vaman/blink/GCC_Project/output/eoss3_hal_uart.o
 .rodata.WDT_ISR.str1.1
                0x0000000000008374       0x4d /home/sachin/Documents/Vaman/blink/GCC_Project/output/eoss3_hal_wdt.o
 .rodata.__FUNCTION__.8690
                0x00000000000083c1        0x8 /home/sachin/Documents/Vaman/blink/GCC_Project/output/eoss3_hal_wdt.o
 .rodata.spurious_interrupt.str1.1
                0x00000000000083c9        0xd /home/sachin/Documents/Vaman/blink/GCC_Project/output/exceptions.o
 .rodata.prvGetRegistersFromStack.str1.1
                0x00000000000083d6       0x41 /home/sachin/Documents/Vaman/blink/GCC_Project/output/exceptions.o
                                         0x44 (size before relaxing)
 .rodata.vApplicationMallocFailedHook.str1.1
                0x0000000000008417       0x20 /home/sachin/Documents/Vaman/blink/GCC_Project/output/exceptions.o
 .rodata.vApplicationStackOverflowHook.str1.1
                0x0000000000008437       0x21 /home/sachin/Documents/Vaman/blink/GCC_Project/output/exceptions.o
 .rodata.pvPortMalloc.str1.1
                0x0000000000008458       0x4a /home/sachin/Documents/Vaman/blink/GCC_Project/output/heap_4.o
 .rodata.vPortFree.str1.1
                0x00000000000084a2       0x35 /home/sachin/Documents/Vaman/blink/GCC_Project/output/heap_4.o
 .rodata.main.str1.1
                0x00000000000084d7       0xcb /home/sachin/Documents/Vaman/blink/GCC_Project/output/main.o
                                         0xd0 (size before relaxing)
 .rodata.set_gpio_input.str1.1
                0x00000000000085a2        0x3 /home/sachin/Documents/Vaman/blink/GCC_Project/output/main_dbg_cli_menu.o
 .rodata.set_gpio_output.str1.1
                0x00000000000085a5        0x3 /home/sachin/Documents/Vaman/blink/GCC_Project/output/main_dbg_cli_menu.o
                                          0x4 (size before relaxing)
 .rodata.get_gpio_value.str1.1
                0x00000000000085a5       0x11 /home/sachin/Documents/Vaman/blink/GCC_Project/output/main_dbg_cli_menu.o
 .rodata.str1.1
                0x00000000000085b6       0x6e /home/sachin/Documents/Vaman/blink/GCC_Project/output/main_dbg_cli_menu.o
 .rodata.my_main_menu
                0x0000000000008624       0x20 /home/sachin/Documents/Vaman/blink/GCC_Project/output/main_dbg_cli_menu.o
                0x0000000000008624                my_main_menu
 .rodata.qorc_gpioctlr
                0x0000000000008644       0x40 /home/sachin/Documents/Vaman/blink/GCC_Project/output/main_dbg_cli_menu.o
                0x0000000000008644                qorc_gpioctlr
 .rodata.prvTaskExitError.str1.1
                0x0000000000008684       0x5d /home/sachin/Documents/Vaman/blink/GCC_Project/output/port.o
 .rodata.xQueueGenericReset.str1.1
                0x00000000000086e1       0x38 /home/sachin/Documents/Vaman/blink/GCC_Project/output/queue.o
 .rodata.S3x_Clk_Init.str1.1
                0x0000000000008719       0x4e /home/sachin/Documents/Vaman/blink/GCC_Project/output/s3x_clock.o
 .rodata.DFS_StartTimer.str1.1
                0x0000000000008767       0x4f /home/sachin/Documents/Vaman/blink/GCC_Project/output/s3x_dfs.o
 .rodata.S3x_Set_Policy.str1.1
                0x00000000000087b6       0x17 /home/sachin/Documents/Vaman/blink/GCC_Project/output/s3x_dfs.o
 .rodata.s3x_pi_set_active_st.str1.1
                0x00000000000087cd       0x2f /home/sachin/Documents/Vaman/blink/GCC_Project/output/s3x_pi.o
 .rodata.__func__.9039
                0x00000000000087fc       0x15 /home/sachin/Documents/Vaman/blink/GCC_Project/output/s3x_pi.o
 .rodata.save_assert_info.str1.1
                0x0000000000008811       0x1c /home/sachin/Documents/Vaman/blink/GCC_Project/output/sec_debug.o
 .rodata.invoke_soft_fault.str1.1
                0x000000000000882d        0xc /home/sachin/Documents/Vaman/blink/GCC_Project/output/sec_debug.o
 .rodata        0x0000000000008839        0x8 /home/sachin/Documents/Vaman/blink/GCC_Project/output/sec_debug.o
 .rodata.prvTaskIsTaskSuspended.str1.1
                0x0000000000008841       0x38 /home/sachin/Documents/Vaman/blink/GCC_Project/output/tasks.o
 .rodata.prvCheckForValidListAndQueue.str1.1
                0x0000000000008879        0x5 /home/sachin/Documents/Vaman/blink/GCC_Project/output/timers.o
 .rodata.xTimerCreateTimerTask.str1.1
                0x000000000000887e       0x41 /home/sachin/Documents/Vaman/blink/GCC_Project/output/timers.o
 *fill*         0x00000000000088bf        0x1 
 .rodata        0x00000000000088c0        0x4 /usr/lib/gcc/arm-none-eabi/9.2.1/../../../arm-none-eabi/lib/thumb/v7e-m+fp/hard/libg_nano.a(lib_a-impure.o)
                0x00000000000088c0                _global_impure_ptr
 .rodata        0x00000000000088c4      0x101 /usr/lib/gcc/arm-none-eabi/9.2.1/../../../arm-none-eabi/lib/thumb/v7e-m+fp/hard/libg_nano.a(lib_a-ctype_.o)
                0x00000000000088c4                _ctype_
 *fill*         0x00000000000089c5        0x3 
 .rodata        0x00000000000089c8       0x60 /usr/lib/gcc/arm-none-eabi/9.2.1/../../../arm-none-eabi/lib/thumb/v7e-m+fp/hard/libg_nano.a(lib_a-findfp.o)
                0x00000000000089c8                __sf_fake_stderr
                0x00000000000089e8                __sf_fake_stdout
                0x0000000000008a08                __sf_fake_stdin
 .rodata.str1.4
                0x0000000000008a28       0x13 /usr/lib/gcc/arm-none-eabi/9.2.1/../../../arm-none-eabi/lib/thumb/v7e-m+fp/hard/libg_nano.a(lib_a-nano-svfprintf.o)
 .rodata.str1.4
                0x0000000000008a3b       0x13 /usr/lib/gcc/arm-none-eabi/9.2.1/../../../arm-none-eabi/lib/thumb/v7e-m+fp/hard/libg_nano.a(lib_a-nano-vfprintf.o)
 *fill*         0x0000000000008a3b        0x1 
 .rodata.str1.4
                0x0000000000008a3c       0x25 /usr/lib/gcc/arm-none-eabi/9.2.1/../../../arm-none-eabi/lib/thumb/v7e-m+fp/hard/libg_nano.a(lib_a-nano-vfprintf_i.o)
 *(.eh_fram e*)

.eh_frame       0x0000000000008a64        0x0
 .eh_frame      0x0000000000008a64        0x0 /usr/lib/gcc/arm-none-eabi/9.2.1/thumb/v7e-m+fp/hard/crtbegin.o

.glue_7         0x0000000000008a64        0x0
 .glue_7        0x0000000000008a64        0x0 linker stubs

.glue_7t        0x0000000000008a64        0x0
 .glue_7t       0x0000000000008a64        0x0 linker stubs

.vfp11_veneer   0x0000000000008a64        0x0
 .vfp11_veneer  0x0000000000008a64        0x0 linker stubs

.v4_bx          0x0000000000008a64        0x0
 .v4_bx         0x0000000000008a64        0x0 linker stubs

.iplt           0x0000000000008a64        0x0
 .iplt          0x0000000000008a64        0x0 /usr/lib/gcc/arm-none-eabi/9.2.1/thumb/v7e-m+fp/hard/crtbegin.o

.ARM.extab
 *(.ARM.extab* .gnu.linkonce.armextab.*)
                0x0000000000008a61                __exidx_start = .

.ARM.exidx      0x0000000000008a64        0x8
 *(.ARM.exidx* .gnu.linkonce.armexidx.*)
 .ARM.exidx     0x0000000000008a64        0x8 /usr/lib/gcc/arm-none-eabi/9.2.1/../../../arm-none-eabi/lib/thumb/v7e-m+fp/hard/crt0.o
                                         0x10 (size before relaxing)
 .ARM.exidx     0x0000000000008a6c        0x0 /usr/lib/gcc/arm-none-eabi/9.2.1/thumb/v7e-m+fp/hard/libgcc.a(_udivmoddi4.o)
                                          0x8 (size before relaxing)
                0x0000000000008a6c                __exidx_end = .
                0x0000000000008a6c                __etext = .
                0x0000000000008a6c                _sidata = __etext

.rel.dyn        0x0000000000008a6c        0x0
 .rel.iplt      0x0000000000008a6c        0x0 /usr/lib/gcc/arm-none-eabi/9.2.1/thumb/v7e-m+fp/hard/crtbegin.o

.data           0x0000000020027000      0x8fc load address 0x0000000000008a6c
                0x0000000020027000                __data_start__ = .
                0x0000000020027000                _sdata = __data_start__
 *(vtable)
 *(.data*)
 .data._dbg_uart_id
                0x0000000020027000        0x4 /home/sachin/Documents/Vaman/blink/GCC_Project/output/dbg_uart.o
                0x0000000020027000                _dbg_uart_id
 .data._semihost_handle
                0x0000000020027004        0x4 /home/sachin/Documents/Vaman/blink/GCC_Project/output/dbg_uart.o
                0x0000000020027004                _semihost_handle
 .data.pcDbgBuffer
                0x0000000020027008        0x4 /home/sachin/Documents/Vaman/blink/GCC_Project/output/dbg_uart.o
                0x0000000020027008                pcDbgBuffer
 .data.pcDbgBufferLim
                0x000000002002700c        0x4 /home/sachin/Documents/Vaman/blink/GCC_Project/output/dbg_uart.o
                0x000000002002700c                pcDbgBufferLim
 .data.rtc_alarm_interval
                0x0000000020027010        0x4 /home/sachin/Documents/Vaman/blink/GCC_Project/output/eoss3_hal_rtc.o
 .data.pincfg_table
                0x0000000020027014       0xc0 /home/sachin/Documents/Vaman/blink/GCC_Project/output/pincfg_table.o
                0x0000000020027014                pincfg_table
 .data.sizeof_pincfg_table
                0x00000000200270d4        0x4 /home/sachin/Documents/Vaman/blink/GCC_Project/output/pincfg_table.o
                0x00000000200270d4                sizeof_pincfg_table
 .data.uxCriticalNesting
                0x00000000200270d8        0x4 /home/sachin/Documents/Vaman/blink/GCC_Project/output/port.o
 .data.S3x_Clk_Domain_Gate_info
                0x00000000200270dc       0x90 /home/sachin/Documents/Vaman/blink/GCC_Project/output/s3x_clock.o
                0x00000000200270dc                S3x_Clk_Domain_Gate_info
 .data.policyCurrent
                0x000000002002716c        0x1 /home/sachin/Documents/Vaman/blink/GCC_Project/output/s3x_dfs.o
 .data.s3x_dfs_enable
                0x000000002002716d        0x1 /home/sachin/Documents/Vaman/blink/GCC_Project/output/s3x_dfs.o
 .data.stepdown_clkd_index
                0x000000002002716e        0x4 /home/sachin/Documents/Vaman/blink/GCC_Project/output/s3x_dfs.o
                0x000000002002716e                stepdown_clkd_index
 .data.stepup_clkd_index
                0x0000000020027172        0x4 /home/sachin/Documents/Vaman/blink/GCC_Project/output/s3x_dfs.o
                0x0000000020027172                stepup_clkd_index
 .data.S3x_Gate_PI_info
                0x0000000020027176       0x48 /home/sachin/Documents/Vaman/blink/GCC_Project/output/s3x_pi.o
                0x0000000020027176                S3x_Gate_PI_info
 .data.S3Pi     0x00000000200271be      0x1dc /home/sachin/Documents/Vaman/blink/GCC_Project/output/s3x_pwrcfg.o
                0x00000000200271be                S3Pi
 *fill*         0x000000002002739a        0x2 
 .data.S3clk    0x000000002002739c      0x450 /home/sachin/Documents/Vaman/blink/GCC_Project/output/s3x_pwrcfg.o
                0x000000002002739c                S3clk
 .data.dfs_node
                0x00000000200277ec       0xa0 /home/sachin/Documents/Vaman/blink/GCC_Project/output/s3x_pwrcfg.o
                0x00000000200277ec                dfs_node
 .data.policyInitial
                0x000000002002788c        0x1 /home/sachin/Documents/Vaman/blink/GCC_Project/output/s3x_pwrcfg.o
                0x000000002002788c                policyInitial
 *fill*         0x000000002002788d        0x3 
 .data          0x0000000020027890       0x64 /usr/lib/gcc/arm-none-eabi/9.2.1/../../../arm-none-eabi/lib/thumb/v7e-m+fp/hard/libg_nano.a(lib_a-impure.o)
                0x0000000020027890                _impure_ptr
                0x00000000200278f4                . = ALIGN (0x4)
                0x00000000200278f4                PROVIDE (__preinit_array_start = .)
 *(.preinit_array)
                0x00000000200278f4                PROVIDE (__preinit_array_end = .)
                0x00000000200278f4                . = ALIGN (0x4)
                0x00000000200278f4                PROVIDE (__init_array_start = .)
 *(SORT_BY_NAME(.init_array.*))
 *(.init_array)
 .init_array    0x00000000200278f4        0x4 /usr/lib/gcc/arm-none-eabi/9.2.1/thumb/v7e-m+fp/hard/crtbegin.o
                0x00000000200278f8                PROVIDE (__init_array_end = .)
                0x00000000200278f8                . = ALIGN (0x4)
                0x00000000200278f8                PROVIDE (__fini_array_start = .)
 *(SORT_BY_NAME(.fini_array.*))
 *(.fini_array)
 .fini_array    0x00000000200278f8        0x4 /usr/lib/gcc/arm-none-eabi/9.2.1/thumb/v7e-m+fp/hard/crtbegin.o
                0x00000000200278fc                PROVIDE (__fini_array_end = .)
 *(.jcr*)
                0x00000000200278fc                . = ALIGN (0x4)
                0x00000000200278fc                __data_end__ = .
                0x00000000200278fc                _edata = __data_end__

.tm_clone_table
                0x00000000200278fc        0x0 load address 0x0000000000009368
 .tm_clone_table
                0x00000000200278fc        0x0 /usr/lib/gcc/arm-none-eabi/9.2.1/thumb/v7e-m+fp/hard/crtbegin.o
 .tm_clone_table
                0x00000000200278fc        0x0 /usr/lib/gcc/arm-none-eabi/9.2.1/thumb/v7e-m+fp/hard/crtend.o

.igot.plt       0x00000000200278fc        0x0 load address 0x0000000000009368
 .igot.plt      0x00000000200278fc        0x0 /usr/lib/gcc/arm-none-eabi/9.2.1/thumb/v7e-m+fp/hard/crtbegin.o

.Hardware       0x0000000020064000        0x0
                0x0000000020064000                __hwa_start__ = .
 *(*HWA*)
                0x0000000020064000                __hwa_end__ = .

.bss            0x0000000020027900    0x10038
                0x0000000020027900                . = ALIGN (0x4)
                0x0000000020027900                __bss_start__ = .
                0x0000000020027900                _sbss = __bss_start__
 *(.bss*)
 .bss           0x0000000020027900       0x1c /usr/lib/gcc/arm-none-eabi/9.2.1/thumb/v7e-m+fp/hard/crtbegin.o
 .bss.outbuf.6924
                0x000000002002791c       0x64 /home/sachin/Documents/Vaman/blink/GCC_Project/output/cli_io.o
 .bss.last_was_cr.7312
                0x0000000020027980        0x4 /home/sachin/Documents/Vaman/blink/GCC_Project/output/cli_loop.o
 .bss.__debug_fatal__
                0x0000000020027984        0x4 /home/sachin/Documents/Vaman/blink/GCC_Project/output/dbg_uart.o
                0x0000000020027984                __debug_fatal__
 .bss.fSkipSemi
                0x0000000020027988        0x1 /home/sachin/Documents/Vaman/blink/GCC_Project/output/dbg_uart.o
                0x0000000020027988                fSkipSemi
 *fill*         0x0000000020027989        0x7 
 .bss.fPadIsConfig
                0x0000000020027990        0x8 /home/sachin/Documents/Vaman/blink/GCC_Project/output/eoss3_hal_pad_config.o